Sun Jun 01 19:52:51 +0000 2025 - Executing "{openroad -exit -no_init -python /openlane/scripts/odbpy/lefutil.py get_metal_layers -o /openlane/designs/lab4/runs/RUN_2025.06.01_19.52.51/tmp/layers.list /Users/nigiri/.volare/sky130A/libs.ref/sky130_fd_sc_hd/techlef/sky130_fd_sc_hd__nom.tlef}"

Sun Jun 01 19:52:52 +0000 2025 - Executing "{/openlane/scripts/mergeLef.py -o /openlane/designs/lab4/runs/RUN_2025.06.01_19.52.51/tmp/merged.nom.lef -i /Users/nigiri/.volare/sky130A/libs.ref/sky130_fd_sc_hd/techlef/sky130_fd_sc_hd__nom.tlef {/Users/nigiri/.volare/sky130A/libs.ref/sky130_fd_sc_hd/lef/sky130_ef_sc_hd.lef /Users/nigiri/.volare/sky130A/libs.ref/sky130_fd_sc_hd/lef/sky130_fd_sc_hd.lef} |& tee /dev/null}"

Sun Jun 01 19:52:52 +0000 2025 - Executing "{/openlane/scripts/mergeLef.py -o /openlane/designs/lab4/runs/RUN_2025.06.01_19.52.51/tmp/merged.min.lef -i /Users/nigiri/.volare/sky130A/libs.ref/sky130_fd_sc_hd/techlef/sky130_fd_sc_hd__min.tlef {/Users/nigiri/.volare/sky130A/libs.ref/sky130_fd_sc_hd/lef/sky130_ef_sc_hd.lef /Users/nigiri/.volare/sky130A/libs.ref/sky130_fd_sc_hd/lef/sky130_fd_sc_hd.lef} |& tee /dev/null}"

Sun Jun 01 19:52:52 +0000 2025 - Executing "{/openlane/scripts/mergeLef.py -o /openlane/designs/lab4/runs/RUN_2025.06.01_19.52.51/tmp/merged.max.lef -i /Users/nigiri/.volare/sky130A/libs.ref/sky130_fd_sc_hd/techlef/sky130_fd_sc_hd__max.tlef {/Users/nigiri/.volare/sky130A/libs.ref/sky130_fd_sc_hd/lef/sky130_ef_sc_hd.lef /Users/nigiri/.volare/sky130A/libs.ref/sky130_fd_sc_hd/lef/sky130_fd_sc_hd.lef} |& tee /dev/null}"

Sun Jun 01 19:52:52 +0000 2025 - Executing "{python3 /openlane/scripts/mergeLib.py --output /openlane/designs/lab4/runs/RUN_2025.06.01_19.52.51/tmp/synthesis/merged.lib --name sky130A_merged /Users/nigiri/.volare/sky130A/libs.ref/sky130_fd_sc_hd/lib/sky130_fd_sc_hd__tt_025C_1v80.lib}"

Sun Jun 01 19:52:52 +0000 2025 - Executing "{python3 /openlane/scripts/libtrim.py --cell-file /openlane/designs/lab4/runs/RUN_2025.06.01_19.52.51/tmp/synthesis/trimmed.lib.exclude.list --output /openlane/designs/lab4/runs/RUN_2025.06.01_19.52.51/tmp/synthesis/trimmed.lib /openlane/designs/lab4/runs/RUN_2025.06.01_19.52.51/tmp/synthesis/merged.lib}"

Sun Jun 01 19:52:52 +0000 2025 - Executing "{python3 /openlane/scripts/libtrim.py --cell-file /openlane/designs/lab4/runs/RUN_2025.06.01_19.52.51/tmp/cts/cts.lib.exclude.list --output /openlane/designs/lab4/runs/RUN_2025.06.01_19.52.51/tmp/cts/cts.lib /Users/nigiri/.volare/sky130A/libs.ref/sky130_fd_sc_hd/lib/sky130_fd_sc_hd__tt_025C_1v80.lib}"

Sun Jun 01 19:52:52 +0000 2025 - Executing "{python3 /openlane/scripts/libtrim.py --cell-file /openlane/designs/lab4/runs/RUN_2025.06.01_19.52.51/tmp/cts/cts-fastest.lib.exclude.list --output /openlane/designs/lab4/runs/RUN_2025.06.01_19.52.51/tmp/cts/cts-fastest.lib /Users/nigiri/.volare/sky130A/libs.ref/sky130_fd_sc_hd/lib/sky130_fd_sc_hd__ff_n40C_1v95.lib}"

Sun Jun 01 19:52:53 +0000 2025 - Executing "{python3 /openlane/scripts/libtrim.py --cell-file /openlane/designs/lab4/runs/RUN_2025.06.01_19.52.51/tmp/cts/cts-slowest.lib.exclude.list --output /openlane/designs/lab4/runs/RUN_2025.06.01_19.52.51/tmp/cts/cts-slowest.lib /Users/nigiri/.volare/sky130A/libs.ref/sky130_fd_sc_hd/lib/sky130_fd_sc_hd__ss_100C_1v60.lib}"

Sun Jun 01 19:52:53 +0000 2025 - Executing "{python3 /openlane/scripts/new_tracks.py -i /Users/nigiri/.volare/sky130A/libs.tech/openlane/sky130_fd_sc_hd/tracks.info -o /openlane/designs/lab4/runs/RUN_2025.06.01_19.52.51/tmp/routing/config.tracks}"

Sun Jun 01 19:52:53 +0000 2025 - Executing "{echo {OpenLane e73fb3c57e687a0023fcd4dcfd1566ecd478362a} > /openlane/designs/lab4/runs/RUN_2025.06.01_19.52.51/OPENLANE_COMMIT}"

Sun Jun 01 19:52:53 +0000 2025 - Executing "{yosys -c /openlane/scripts/yosys/blackbox.tcl}"

Sun Jun 01 19:52:53 +0000 2025 - Executing "{verilator -Wall --lint-only --Wno-DECLFILENAME --top-module lab4 /openlane/designs/lab4/runs/RUN_2025.06.01_19.52.51/tmp/synthesis/blackbox/sky130_fd_sc_hd__blackbox.v /openlane/designs/lab4/src/lab4.v -Wno-fatal --relative-includes |& tee /openlane/designs/lab4/runs/RUN_2025.06.01_19.52.51/logs/synthesis/linter.log /dev/null}"

Sun Jun 01 19:52:54 +0000 2025 - Executing "{sed -E {s/^([[:space:]]+)pg_pin(.*)/\1pin\2\n\1    direction : "inout";/g} /Users/nigiri/.volare/sky130A/libs.ref/sky130_fd_sc_hd/lib/sky130_fd_sc_hd__tt_025C_1v80.lib > /openlane/designs/lab4/runs/RUN_2025.06.01_19.52.51/tmp/synthesis/1-sky130_fd_sc_hd__tt_025C_1v80.no_pg.lib}"

Sun Jun 01 19:52:54 +0000 2025 - Executing "{sed -E {s/^([[:space:]]+)pg_pin(.*)/\1pin\2\n\1    direction : "inout";/g} /openlane/designs/lab4/runs/RUN_2025.06.01_19.52.51/tmp/synthesis/trimmed.lib > /openlane/designs/lab4/runs/RUN_2025.06.01_19.52.51/tmp/synthesis/1-trimmed.no_pg.lib}"

Sun Jun 01 19:52:54 +0000 2025 - Executing "yosys -c /openlane/scripts/yosys/synth.tcl |& tee /dev/null /openlane/designs/lab4/runs/RUN_2025.06.01_19.52.51/logs/synthesis/1-synthesis.log"

Sun Jun 01 19:52:54 +0000 2025 - Executing "{yosys -c /openlane/scripts/yosys/synth.tcl |& tee /dev/null /openlane/designs/lab4/runs/RUN_2025.06.01_19.52.51/logs/synthesis/1-synthesis.log}"

Sun Jun 01 19:52:57 +0000 2025 - Executing "{sed -i.bak -e {s/\(set ::env(CURRENT_NETLIST)\).*/\1 \/openlane\/designs\/lab4\/runs\/RUN_2025.06.01_19.52.51\/results\/synthesis\/lab4.v/} /openlane/designs/lab4/runs/RUN_2025.06.01_19.52.51/config.tcl}"

Sun Jun 01 19:52:57 +0000 2025 - Executing "{sed -i.bak /defparam/d /openlane/designs/lab4/runs/RUN_2025.06.01_19.52.51/results/synthesis/lab4.v}"

Sun Jun 01 19:52:58 +0000 2025 - Executing "{python3 /openlane/scripts/write_runtime.py --conclude --seconds --time-in 1748807578 {flow failed}}"

Sun Jun 01 19:52:58 +0000 2025 - Executing "{python3 /openlane/scripts/generate_reports.py -d /openlane/designs/lab4 --design_name lab4 --tag RUN_2025.06.01_19.52.51 --output_file /openlane/designs/lab4/runs/RUN_2025.06.01_19.52.51/reports/metrics.csv --man_report /openlane/designs/lab4/runs/RUN_2025.06.01_19.52.51/reports/manufacturability.rpt --run_path /openlane/designs/lab4/runs/RUN_2025.06.01_19.52.51}"

