
===========================================================================
 report_power
============================================================================
======================= Fastest Corner ===================================

Group                  Internal  Switching    Leakage      Total
                          Power      Power      Power      Power (Watts)
----------------------------------------------------------------
Sequential             1.55e-04   0.00e+00   5.35e-08   1.55e-04  43.1%
Combinational          3.72e-14   1.78e-13   1.11e-09   1.11e-09   0.0%
Clock                  1.05e-04   9.91e-05   1.71e-09   2.04e-04  56.9%
Macro                  0.00e+00   0.00e+00   0.00e+00   0.00e+00   0.0%
Pad                    0.00e+00   0.00e+00   0.00e+00   0.00e+00   0.0%
----------------------------------------------------------------
Total                  2.60e-04   9.91e-05   5.63e-08   3.59e-04 100.0%
                          72.4%      27.6%       0.0%

======================= Slowest Corner ===================================

Group                  Internal  Switching    Leakage      Total
                          Power      Power      Power      Power (Watts)
----------------------------------------------------------------
Sequential             1.02e-04   0.00e+00   7.39e-07   1.03e-04  41.6%
Combinational          2.53e-14   1.20e-13   8.18e-07   8.18e-07   0.3%
Clock                  7.59e-05   6.70e-05   1.07e-07   1.43e-04  58.0%
Macro                  0.00e+00   0.00e+00   0.00e+00   0.00e+00   0.0%
Pad                    0.00e+00   0.00e+00   0.00e+00   0.00e+00   0.0%
----------------------------------------------------------------
Total                  1.78e-04   6.70e-05   1.66e-06   2.46e-04 100.0%
                          72.1%      27.2%       0.7%

======================= Typical Corner ===================================

Group                  Internal  Switching    Leakage      Total
                          Power      Power      Power      Power (Watts)
----------------------------------------------------------------
Sequential             1.33e-04   0.00e+00   5.29e-08   1.33e-04  43.0%
Combinational          3.11e-14   1.53e-13   6.71e-10   6.71e-10   0.0%
Clock                  9.23e-05   8.45e-05   1.43e-09   1.77e-04  57.0%
Macro                  0.00e+00   0.00e+00   0.00e+00   0.00e+00   0.0%
Pad                    0.00e+00   0.00e+00   0.00e+00   0.00e+00   0.0%
----------------------------------------------------------------
Total                  2.25e-04   8.45e-05   5.50e-08   3.10e-04 100.0%
                          72.7%      27.3%       0.0%

