Sun Jun 01 20:08:38 +0000 2025 - Executing "{openroad -exit -no_init -python /openlane/scripts/odbpy/lefutil.py get_metal_layers -o /openlane/designs/lab4/runs/RUN_2025.06.01_20.08.38/tmp/layers.list /Users/nigiri/.volare/sky130A/libs.ref/sky130_fd_sc_hd/techlef/sky130_fd_sc_hd__nom.tlef}"

Sun Jun 01 20:08:39 +0000 2025 - Executing "{/openlane/scripts/mergeLef.py -o /openlane/designs/lab4/runs/RUN_2025.06.01_20.08.38/tmp/merged.nom.lef -i /Users/nigiri/.volare/sky130A/libs.ref/sky130_fd_sc_hd/techlef/sky130_fd_sc_hd__nom.tlef {/Users/nigiri/.volare/sky130A/libs.ref/sky130_fd_sc_hd/lef/sky130_ef_sc_hd.lef /Users/nigiri/.volare/sky130A/libs.ref/sky130_fd_sc_hd/lef/sky130_fd_sc_hd.lef} |& tee /dev/null}"

Sun Jun 01 20:08:39 +0000 2025 - Executing "{/openlane/scripts/mergeLef.py -o /openlane/designs/lab4/runs/RUN_2025.06.01_20.08.38/tmp/merged.min.lef -i /Users/nigiri/.volare/sky130A/libs.ref/sky130_fd_sc_hd/techlef/sky130_fd_sc_hd__min.tlef {/Users/nigiri/.volare/sky130A/libs.ref/sky130_fd_sc_hd/lef/sky130_ef_sc_hd.lef /Users/nigiri/.volare/sky130A/libs.ref/sky130_fd_sc_hd/lef/sky130_fd_sc_hd.lef} |& tee /dev/null}"

Sun Jun 01 20:08:39 +0000 2025 - Executing "{/openlane/scripts/mergeLef.py -o /openlane/designs/lab4/runs/RUN_2025.06.01_20.08.38/tmp/merged.max.lef -i /Users/nigiri/.volare/sky130A/libs.ref/sky130_fd_sc_hd/techlef/sky130_fd_sc_hd__max.tlef {/Users/nigiri/.volare/sky130A/libs.ref/sky130_fd_sc_hd/lef/sky130_ef_sc_hd.lef /Users/nigiri/.volare/sky130A/libs.ref/sky130_fd_sc_hd/lef/sky130_fd_sc_hd.lef} |& tee /dev/null}"

Sun Jun 01 20:08:39 +0000 2025 - Executing "{python3 /openlane/scripts/mergeLib.py --output /openlane/designs/lab4/runs/RUN_2025.06.01_20.08.38/tmp/synthesis/merged.lib --name sky130A_merged /Users/nigiri/.volare/sky130A/libs.ref/sky130_fd_sc_hd/lib/sky130_fd_sc_hd__tt_025C_1v80.lib}"

Sun Jun 01 20:08:39 +0000 2025 - Executing "{python3 /openlane/scripts/libtrim.py --cell-file /openlane/designs/lab4/runs/RUN_2025.06.01_20.08.38/tmp/synthesis/trimmed.lib.exclude.list --output /openlane/designs/lab4/runs/RUN_2025.06.01_20.08.38/tmp/synthesis/trimmed.lib /openlane/designs/lab4/runs/RUN_2025.06.01_20.08.38/tmp/synthesis/merged.lib}"

Sun Jun 01 20:08:39 +0000 2025 - Executing "{python3 /openlane/scripts/libtrim.py --cell-file /openlane/designs/lab4/runs/RUN_2025.06.01_20.08.38/tmp/cts/cts.lib.exclude.list --output /openlane/designs/lab4/runs/RUN_2025.06.01_20.08.38/tmp/cts/cts.lib /Users/nigiri/.volare/sky130A/libs.ref/sky130_fd_sc_hd/lib/sky130_fd_sc_hd__tt_025C_1v80.lib}"

Sun Jun 01 20:08:39 +0000 2025 - Executing "{python3 /openlane/scripts/libtrim.py --cell-file /openlane/designs/lab4/runs/RUN_2025.06.01_20.08.38/tmp/cts/cts-fastest.lib.exclude.list --output /openlane/designs/lab4/runs/RUN_2025.06.01_20.08.38/tmp/cts/cts-fastest.lib /Users/nigiri/.volare/sky130A/libs.ref/sky130_fd_sc_hd/lib/sky130_fd_sc_hd__ff_n40C_1v95.lib}"

Sun Jun 01 20:08:40 +0000 2025 - Executing "{python3 /openlane/scripts/libtrim.py --cell-file /openlane/designs/lab4/runs/RUN_2025.06.01_20.08.38/tmp/cts/cts-slowest.lib.exclude.list --output /openlane/designs/lab4/runs/RUN_2025.06.01_20.08.38/tmp/cts/cts-slowest.lib /Users/nigiri/.volare/sky130A/libs.ref/sky130_fd_sc_hd/lib/sky130_fd_sc_hd__ss_100C_1v60.lib}"

Sun Jun 01 20:08:40 +0000 2025 - Executing "{python3 /openlane/scripts/new_tracks.py -i /Users/nigiri/.volare/sky130A/libs.tech/openlane/sky130_fd_sc_hd/tracks.info -o /openlane/designs/lab4/runs/RUN_2025.06.01_20.08.38/tmp/routing/config.tracks}"

Sun Jun 01 20:08:40 +0000 2025 - Executing "{echo {OpenLane e73fb3c57e687a0023fcd4dcfd1566ecd478362a} > /openlane/designs/lab4/runs/RUN_2025.06.01_20.08.38/OPENLANE_COMMIT}"

Sun Jun 01 20:08:40 +0000 2025 - Executing "{yosys -c /openlane/scripts/yosys/blackbox.tcl}"

Sun Jun 01 20:08:40 +0000 2025 - Executing "{verilator -Wall --lint-only --Wno-DECLFILENAME --top-module lab4 /openlane/designs/lab4/runs/RUN_2025.06.01_20.08.38/tmp/synthesis/blackbox/sky130_fd_sc_hd__blackbox.v /openlane/designs/lab4/src/lab4.v -Wno-fatal --relative-includes |& tee /openlane/designs/lab4/runs/RUN_2025.06.01_20.08.38/logs/synthesis/linter.log /dev/null}"

Sun Jun 01 20:08:40 +0000 2025 - Executing "{sed -E {s/^([[:space:]]+)pg_pin(.*)/\1pin\2\n\1    direction : "inout";/g} /Users/nigiri/.volare/sky130A/libs.ref/sky130_fd_sc_hd/lib/sky130_fd_sc_hd__tt_025C_1v80.lib > /openlane/designs/lab4/runs/RUN_2025.06.01_20.08.38/tmp/synthesis/1-sky130_fd_sc_hd__tt_025C_1v80.no_pg.lib}"

Sun Jun 01 20:08:40 +0000 2025 - Executing "{sed -E {s/^([[:space:]]+)pg_pin(.*)/\1pin\2\n\1    direction : "inout";/g} /openlane/designs/lab4/runs/RUN_2025.06.01_20.08.38/tmp/synthesis/trimmed.lib > /openlane/designs/lab4/runs/RUN_2025.06.01_20.08.38/tmp/synthesis/1-trimmed.no_pg.lib}"

Sun Jun 01 20:08:40 +0000 2025 - Executing "yosys -c /openlane/scripts/yosys/synth.tcl |& tee /dev/null /openlane/designs/lab4/runs/RUN_2025.06.01_20.08.38/logs/synthesis/1-synthesis.log"

Sun Jun 01 20:08:40 +0000 2025 - Executing "{yosys -c /openlane/scripts/yosys/synth.tcl |& tee /dev/null /openlane/designs/lab4/runs/RUN_2025.06.01_20.08.38/logs/synthesis/1-synthesis.log}"

Sun Jun 01 20:08:44 +0000 2025 - Executing "{sed -i.bak -e {s/\(set ::env(CURRENT_NETLIST)\).*/\1 \/openlane\/designs\/lab4\/runs\/RUN_2025.06.01_20.08.38\/results\/synthesis\/lab4.v/} /openlane/designs/lab4/runs/RUN_2025.06.01_20.08.38/config.tcl}"

Sun Jun 01 20:08:44 +0000 2025 - Executing "{sed -i.bak /defparam/d /openlane/designs/lab4/runs/RUN_2025.06.01_20.08.38/results/synthesis/lab4.v}"

Sun Jun 01 20:08:44 +0000 2025 - Executing "sta -exit -no_init /openlane/scripts/openroad/sta/multi_corner.tcl |& tee /dev/null /openlane/designs/lab4/runs/RUN_2025.06.01_20.08.38/logs/synthesis/2-sta.log"

Sun Jun 01 20:08:44 +0000 2025 - Executing "{sta -exit -no_init /openlane/scripts/openroad/sta/multi_corner.tcl |& tee /dev/null /openlane/designs/lab4/runs/RUN_2025.06.01_20.08.38/logs/synthesis/2-sta.log}"

Sun Jun 01 20:08:45 +0000 2025 - Executing "openroad -exit /openlane/scripts/openroad/floorplan.tcl |& tee /dev/null /openlane/designs/lab4/runs/RUN_2025.06.01_20.08.38/logs/floorplan/3-initial_fp.log"

Sun Jun 01 20:08:45 +0000 2025 - Executing "{openroad -exit /openlane/scripts/openroad/floorplan.tcl |& tee /dev/null /openlane/designs/lab4/runs/RUN_2025.06.01_20.08.38/logs/floorplan/3-initial_fp.log}"

Sun Jun 01 20:08:45 +0000 2025 - Executing "{openroad -exit -no_init -python /openlane/scripts/odbpy/defutil.py extract_core_dims --output-data /openlane/designs/lab4/runs/RUN_2025.06.01_20.08.38/tmp/dimensions.txt --input-lef /openlane/designs/lab4/runs/RUN_2025.06.01_20.08.38/tmp/merged.nom.lef /openlane/designs/lab4/runs/RUN_2025.06.01_20.08.38/tmp/floorplan/3-initial_fp.def}"

Sun Jun 01 20:08:45 +0000 2025 - Executing "{openroad -exit -no_init -python /openlane/scripts/odbpy/io_place.py --config /openlane/designs/lab4/pin_order.cfg --hor-layer met3 --ver-layer met2 --ver-width-mult 2 --hor-width-mult 2 --hor-extension 0 --ver-extension 0 --length 4 --unmatched-error --input-lef /openlane/designs/lab4/runs/RUN_2025.06.01_20.08.38/tmp/merged.nom.lef --output-def /openlane/designs/lab4/runs/RUN_2025.06.01_20.08.38/tmp/floorplan/4-io.def --output /openlane/designs/lab4/runs/RUN_2025.06.01_20.08.38/tmp/floorplan/4-io.odb /openlane/designs/lab4/runs/RUN_2025.06.01_20.08.38/tmp/floorplan/3-initial_fp.odb |& tee /dev/null /openlane/designs/lab4/runs/RUN_2025.06.01_20.08.38/logs/floorplan/4-place_io.log}"

Sun Jun 01 20:08:46 +0000 2025 - Executing "openroad -exit /openlane/scripts/openroad/tapcell.tcl |& tee /dev/null /openlane/designs/lab4/runs/RUN_2025.06.01_20.08.38/logs/floorplan/5-tap.log"

Sun Jun 01 20:08:46 +0000 2025 - Executing "{openroad -exit /openlane/scripts/openroad/tapcell.tcl |& tee /dev/null /openlane/designs/lab4/runs/RUN_2025.06.01_20.08.38/logs/floorplan/5-tap.log}"

Sun Jun 01 20:08:46 +0000 2025 - Executing "openroad -exit /openlane/scripts/openroad/pdn.tcl |& tee /dev/null /openlane/designs/lab4/runs/RUN_2025.06.01_20.08.38/logs/floorplan/6-pdn.log"

Sun Jun 01 20:08:46 +0000 2025 - Executing "{openroad -exit /openlane/scripts/openroad/pdn.tcl |& tee /dev/null /openlane/designs/lab4/runs/RUN_2025.06.01_20.08.38/logs/floorplan/6-pdn.log}"

Sun Jun 01 20:08:47 +0000 2025 - Executing "{openroad -exit -no_init -python /openlane/scripts/odbpy/random_place.py --input-lef /openlane/designs/lab4/runs/RUN_2025.06.01_20.08.38/tmp/merged.nom.lef --output-def /openlane/designs/lab4/runs/RUN_2025.06.01_20.08.38/tmp/placement/7-global.def --output /openlane/designs/lab4/runs/RUN_2025.06.01_20.08.38/tmp/placement/7-global.odb /openlane/designs/lab4/runs/RUN_2025.06.01_20.08.38/results/floorplan/lab4.odb |& tee /dev/null /openlane/designs/lab4/runs/RUN_2025.06.01_20.08.38/logs/placement/7-global.log}"

Sun Jun 01 20:08:47 +0000 2025 - Executing "openroad -exit /openlane/scripts/openroad/resizer.tcl |& tee /dev/null /openlane/designs/lab4/runs/RUN_2025.06.01_20.08.38/logs/placement/8-resizer.log"

Sun Jun 01 20:08:47 +0000 2025 - Executing "{openroad -exit /openlane/scripts/openroad/resizer.tcl |& tee /dev/null /openlane/designs/lab4/runs/RUN_2025.06.01_20.08.38/logs/placement/8-resizer.log}"

