
 /----------------------------------------------------------------------------\
 |                                                                            |
 |  yosys -- Yosys Open SYnthesis Suite                                       |
 |                                                                            |
 |  Copyright (C) 2012 - 2020  Claire Xenia Wolf <claire@yosyshq.com>         |
 |                                                                            |
 |  Permission to use, copy, modify, and/or distribute this software for any  |
 |  purpose with or without fee is hereby granted, provided that the above    |
 |  copyright notice and this permission notice appear in all copies.         |
 |                                                                            |
 |  THE SOFTWARE IS PROVIDED "AS IS" AND THE AUTHOR DISCLAIMS ALL WARRANTIES  |
 |  WITH REGARD TO THIS SOFTWARE INCLUDING ALL IMPLIED WARRANTIES OF          |
 |  MERCHANTABILITY AND FITNESS. IN NO EVENT SHALL THE AUTHOR BE LIABLE FOR   |
 |  ANY SPECIAL, DIRECT, INDIRECT, OR CONSEQUENTIAL DAMAGES OR ANY DAMAGES    |
 |  WHATSOEVER RESULTING FROM LOSS OF USE, DATA OR PROFITS, WHETHER IN AN     |
 |  ACTION OF CONTRACT, NEGLIGENCE OR OTHER TORTIOUS ACTION, ARISING OUT OF   |
 |  OR IN CONNECTION WITH THE USE OR PERFORMANCE OF THIS SOFTWARE.            |
 |                                                                            |
 \----------------------------------------------------------------------------/

 Yosys 0.38 (git sha1 543faed9c8c, clang++ 17.0.6 -fPIC -Os)

[TCL: yosys -import] Command name collision: found pre-existing command `cd' -> skip.
[TCL: yosys -import] Command name collision: found pre-existing command `eval' -> skip.
[TCL: yosys -import] Command name collision: found pre-existing command `exec' -> skip.
[TCL: yosys -import] Command name collision: found pre-existing command `read' -> skip.
[TCL: yosys -import] Command name collision: found pre-existing command `trace' -> skip.

1. Executing Liberty frontend: /Users/nigiri/.volare/sky130A/libs.ref/sky130_fd_sc_hd/lib/sky130_fd_sc_hd__tt_025C_1v80.lib
Imported 428 cell types from liberty file.

2. Executing Verilog-2005 frontend: /openlane/designs/lab4/src/lab4.v
Parsing SystemVerilog input from `/openlane/designs/lab4/src/lab4.v' to AST representation.
Storing AST representation for module `$abstract\lab4'.
Successfully finished Verilog frontend.

3. Executing HIERARCHY pass (managing design hierarchy).

4. Executing AST frontend in derive mode using pre-parsed AST for module `\lab4'.
Generating RTLIL representation for module `\lab4'.

4.1. Analyzing design hierarchy..
Top module:  \lab4

4.2. Analyzing design hierarchy..
Top module:  \lab4
Removing unused module `$abstract\lab4'.
Removed 1 unused modules.

5. Generating Graphviz representation of design.
Writing dot description to `/openlane/designs/lab4/runs/RUN_2025.06.01_20.19.44/tmp/synthesis/hierarchy.dot'.
Dumping module lab4 to page 1.
Renaming module lab4 to lab4.

6. Executing TRIBUF pass.

7. Executing HIERARCHY pass (managing design hierarchy).

7.1. Analyzing design hierarchy..
Top module:  \lab4

7.2. Analyzing design hierarchy..
Top module:  \lab4
Removed 0 unused modules.

8. Executing PROC_CLEAN pass (remove empty switches from decision trees).
Cleaned up 0 empty switches.

9. Executing PROC_RMDEAD pass (remove dead branches from decision trees).
Removed 1 dead cases from process $proc$/openlane/designs/lab4/src/lab4.v:24$11 in module lab4.
Marked 1 switch rules as full_case in process $proc$/openlane/designs/lab4/src/lab4.v:24$11 in module lab4.
Marked 1 switch rules as full_case in process $proc$/openlane/designs/lab4/src/lab4.v:14$2 in module lab4.
Removed a total of 1 dead cases.

10. Executing PROC_PRUNE pass (remove redundant assignments in processes).
Removed 0 redundant assignments.
Promoted 6 assignments to connections.

11. Executing PROC_INIT pass (extract init attributes).

12. Executing PROC_ARST pass (detect async resets in processes).

13. Executing PROC_ROM pass (convert switches to ROMs).
Converted 0 switches.
<suppressed ~2 debug messages>

14. Executing PROC_MUX pass (convert decision trees to multiplexers).
Creating decoders for process `\lab4.$proc$/openlane/designs/lab4/src/lab4.v:24$11'.
     1/1: $1\ALUResult[31:0]
Creating decoders for process `\lab4.$proc$/openlane/designs/lab4/src/lab4.v:14$2'.
     1/3: $1$memwr$\registers$/openlane/designs/lab4/src/lab4.v:17$1_EN[31:0]$8
     2/3: $1$memwr$\registers$/openlane/designs/lab4/src/lab4.v:17$1_DATA[31:0]$7
     3/3: $1$memwr$\registers$/openlane/designs/lab4/src/lab4.v:17$1_ADDR[4:0]$6

15. Executing PROC_DLATCH pass (convert process syncs to latches).
No latch inferred for signal `\lab4.\ALUResult' from process `\lab4.$proc$/openlane/designs/lab4/src/lab4.v:24$11'.

16. Executing PROC_DFF pass (convert process syncs to FFs).
Creating register for signal `\lab4.\RD1' using process `\lab4.$proc$/openlane/designs/lab4/src/lab4.v:14$2'.
  created $dff cell `$procdff$30' with positive edge clock.
Creating register for signal `\lab4.\RD2' using process `\lab4.$proc$/openlane/designs/lab4/src/lab4.v:14$2'.
  created $dff cell `$procdff$31' with positive edge clock.
Creating register for signal `\lab4.$memwr$\registers$/openlane/designs/lab4/src/lab4.v:17$1_ADDR' using process `\lab4.$proc$/openlane/designs/lab4/src/lab4.v:14$2'.
  created $dff cell `$procdff$32' with positive edge clock.
Creating register for signal `\lab4.$memwr$\registers$/openlane/designs/lab4/src/lab4.v:17$1_DATA' using process `\lab4.$proc$/openlane/designs/lab4/src/lab4.v:14$2'.
  created $dff cell `$procdff$33' with positive edge clock.
Creating register for signal `\lab4.$memwr$\registers$/openlane/designs/lab4/src/lab4.v:17$1_EN' using process `\lab4.$proc$/openlane/designs/lab4/src/lab4.v:14$2'.
  created $dff cell `$procdff$34' with positive edge clock.

17. Executing PROC_MEMWR pass (convert process memory writes to cells).

18. Executing PROC_CLEAN pass (remove empty switches from decision trees).
Found and cleaned up 1 empty switch in `\lab4.$proc$/openlane/designs/lab4/src/lab4.v:24$11'.
Removing empty process `lab4.$proc$/openlane/designs/lab4/src/lab4.v:24$11'.
Found and cleaned up 1 empty switch in `\lab4.$proc$/openlane/designs/lab4/src/lab4.v:14$2'.
Removing empty process `lab4.$proc$/openlane/designs/lab4/src/lab4.v:14$2'.
Cleaned up 2 empty switches.

19. Executing CHECK pass (checking for obvious problems).
Checking module lab4...
Found and reported 0 problems.

20. Executing OPT_EXPR pass (perform const folding).
Optimizing module lab4.
<suppressed ~1 debug messages>

21. Executing FLATTEN pass (flatten design).

22. Executing OPT_EXPR pass (perform const folding).
Optimizing module lab4.

23. Executing OPT_CLEAN pass (remove unused cells and wires).
Finding unused cells or wires in module \lab4..
Removed 3 unused cells and 17 unused wires.
<suppressed ~4 debug messages>

24. Executing OPT pass (performing simple optimizations).

24.1. Executing OPT_EXPR pass (perform const folding).
Optimizing module lab4.

24.2. Executing OPT_MERGE pass (detect identical cells).
Finding identical cells in module `\lab4'.
Removed a total of 0 cells.

24.3. Executing OPT_MUXTREE pass (detect dead branches in mux trees).
Running muxtree optimizer on module \lab4..
  Creating internal representation of mux trees.
  Evaluating internal representation of mux trees.
  Analyzing evaluation results.
Removed 0 multiplexer ports.
<suppressed ~4 debug messages>

24.4. Executing OPT_REDUCE pass (consolidate $*mux and $reduce_* inputs).
  Optimizing cells in module \lab4.
    Consolidated identical input bits for $mux cell $procmux$22:
      Old ports: A=0, B=32'11111111111111111111111111111111, Y=$0$memwr$\registers$/openlane/designs/lab4/src/lab4.v:17$1_EN[31:0]$5
      New ports: A=1'0, B=1'1, Y=$0$memwr$\registers$/openlane/designs/lab4/src/lab4.v:17$1_EN[31:0]$5 [0]
      New connections: $0$memwr$\registers$/openlane/designs/lab4/src/lab4.v:17$1_EN[31:0]$5 [31:1] = { $0$memwr$\registers$/openlane/designs/lab4/src/lab4.v:17$1_EN[31:0]$5 [0] $0$memwr$\registers$/openlane/designs/lab4/src/lab4.v:17$1_EN[31:0]$5 [0] $0$memwr$\registers$/openlane/designs/lab4/src/lab4.v:17$1_EN[31:0]$5 [0] $0$memwr$\registers$/openlane/designs/lab4/src/lab4.v:17$1_EN[31:0]$5 [0] $0$memwr$\registers$/openlane/designs/lab4/src/lab4.v:17$1_EN[31:0]$5 [0] $0$memwr$\registers$/openlane/designs/lab4/src/lab4.v:17$1_EN[31:0]$5 [0] $0$memwr$\registers$/openlane/designs/lab4/src/lab4.v:17$1_EN[31:0]$5 [0] $0$memwr$\registers$/openlane/designs/lab4/src/lab4.v:17$1_EN[31:0]$5 [0] $0$memwr$\registers$/openlane/designs/lab4/src/lab4.v:17$1_EN[31:0]$5 [0] $0$memwr$\registers$/openlane/designs/lab4/src/lab4.v:17$1_EN[31:0]$5 [0] $0$memwr$\registers$/openlane/designs/lab4/src/lab4.v:17$1_EN[31:0]$5 [0] $0$memwr$\registers$/openlane/designs/lab4/src/lab4.v:17$1_EN[31:0]$5 [0] $0$memwr$\registers$/openlane/designs/lab4/src/lab4.v:17$1_EN[31:0]$5 [0] $0$memwr$\registers$/openlane/designs/lab4/src/lab4.v:17$1_EN[31:0]$5 [0] $0$memwr$\registers$/openlane/designs/lab4/src/lab4.v:17$1_EN[31:0]$5 [0] $0$memwr$\registers$/openlane/designs/lab4/src/lab4.v:17$1_EN[31:0]$5 [0] $0$memwr$\registers$/openlane/designs/lab4/src/lab4.v:17$1_EN[31:0]$5 [0] $0$memwr$\registers$/openlane/designs/lab4/src/lab4.v:17$1_EN[31:0]$5 [0] $0$memwr$\registers$/openlane/designs/lab4/src/lab4.v:17$1_EN[31:0]$5 [0] $0$memwr$\registers$/openlane/designs/lab4/src/lab4.v:17$1_EN[31:0]$5 [0] $0$memwr$\registers$/openlane/designs/lab4/src/lab4.v:17$1_EN[31:0]$5 [0] $0$memwr$\registers$/openlane/designs/lab4/src/lab4.v:17$1_EN[31:0]$5 [0] $0$memwr$\registers$/openlane/designs/lab4/src/lab4.v:17$1_EN[31:0]$5 [0] $0$memwr$\registers$/openlane/designs/lab4/src/lab4.v:17$1_EN[31:0]$5 [0] $0$memwr$\registers$/openlane/designs/lab4/src/lab4.v:17$1_EN[31:0]$5 [0] $0$memwr$\registers$/openlane/designs/lab4/src/lab4.v:17$1_EN[31:0]$5 [0] $0$memwr$\registers$/openlane/designs/lab4/src/lab4.v:17$1_EN[31:0]$5 [0] $0$memwr$\registers$/openlane/designs/lab4/src/lab4.v:17$1_EN[31:0]$5 [0] $0$memwr$\registers$/openlane/designs/lab4/src/lab4.v:17$1_EN[31:0]$5 [0] $0$memwr$\registers$/openlane/designs/lab4/src/lab4.v:17$1_EN[31:0]$5 [0] $0$memwr$\registers$/openlane/designs/lab4/src/lab4.v:17$1_EN[31:0]$5 [0] }
  Optimizing cells in module \lab4.
Performed a total of 1 changes.

24.5. Executing OPT_MERGE pass (detect identical cells).
Finding identical cells in module `\lab4'.
Removed a total of 0 cells.

24.6. Executing OPT_DFF pass (perform DFF optimizations).

24.7. Executing OPT_CLEAN pass (remove unused cells and wires).
Finding unused cells or wires in module \lab4..

24.8. Executing OPT_EXPR pass (perform const folding).
Optimizing module lab4.

24.9. Rerunning OPT passes. (Maybe there is more to do..)

24.10. Executing OPT_MUXTREE pass (detect dead branches in mux trees).
Running muxtree optimizer on module \lab4..
  Creating internal representation of mux trees.
  Evaluating internal representation of mux trees.
  Analyzing evaluation results.
Removed 0 multiplexer ports.
<suppressed ~4 debug messages>

24.11. Executing OPT_REDUCE pass (consolidate $*mux and $reduce_* inputs).
  Optimizing cells in module \lab4.
Performed a total of 0 changes.

24.12. Executing OPT_MERGE pass (detect identical cells).
Finding identical cells in module `\lab4'.
Removed a total of 0 cells.

24.13. Executing OPT_DFF pass (perform DFF optimizations).

24.14. Executing OPT_CLEAN pass (remove unused cells and wires).
Finding unused cells or wires in module \lab4..

24.15. Executing OPT_EXPR pass (perform const folding).
Optimizing module lab4.

24.16. Finished OPT passes. (There is nothing left to do.)

25. Executing FSM pass (extract and optimize FSM).

25.1. Executing FSM_DETECT pass (finding FSMs in design).

25.2. Executing FSM_EXTRACT pass (extracting FSM from design).

25.3. Executing FSM_OPT pass (simple optimizations of FSMs).

25.4. Executing OPT_CLEAN pass (remove unused cells and wires).
Finding unused cells or wires in module \lab4..

25.5. Executing FSM_OPT pass (simple optimizations of FSMs).

25.6. Executing FSM_RECODE pass (re-assigning FSM state encoding).

25.7. Executing FSM_INFO pass (dumping all available information on FSM cells).

25.8. Executing FSM_MAP pass (mapping FSMs to basic logic).

26. Executing OPT pass (performing simple optimizations).

26.1. Executing OPT_EXPR pass (perform const folding).
Optimizing module lab4.

26.2. Executing OPT_MERGE pass (detect identical cells).
Finding identical cells in module `\lab4'.
Removed a total of 0 cells.

26.3. Executing OPT_MUXTREE pass (detect dead branches in mux trees).
Running muxtree optimizer on module \lab4..
  Creating internal representation of mux trees.
  Evaluating internal representation of mux trees.
  Analyzing evaluation results.
Removed 0 multiplexer ports.
<suppressed ~4 debug messages>

26.4. Executing OPT_REDUCE pass (consolidate $*mux and $reduce_* inputs).
  Optimizing cells in module \lab4.
Performed a total of 0 changes.

26.5. Executing OPT_MERGE pass (detect identical cells).
Finding identical cells in module `\lab4'.
Removed a total of 0 cells.

26.6. Executing OPT_DFF pass (perform DFF optimizations).

26.7. Executing OPT_CLEAN pass (remove unused cells and wires).
Finding unused cells or wires in module \lab4..

26.8. Executing OPT_EXPR pass (perform const folding).
Optimizing module lab4.

26.9. Finished OPT passes. (There is nothing left to do.)

27. Executing WREDUCE pass (reducing word size of cells).
Removed top 1 bits (of 2) from port B of cell lab4.$procmux$19_CMP0 ($eq).

28. Executing PEEPOPT pass (run peephole optimizers).

29. Executing OPT_CLEAN pass (remove unused cells and wires).
Finding unused cells or wires in module \lab4..

30. Executing ALUMACC pass (create $alu and $macc cells).
Extracting $alu and $macc cells in module lab4:
  creating $macc model for $add$/openlane/designs/lab4/src/lab4.v:26$12 ($add).
  creating $macc model for $sub$/openlane/designs/lab4/src/lab4.v:27$13 ($sub).
  creating $alu model for $macc $sub$/openlane/designs/lab4/src/lab4.v:27$13.
  creating $alu model for $macc $add$/openlane/designs/lab4/src/lab4.v:26$12.
  creating $alu cell for $add$/openlane/designs/lab4/src/lab4.v:26$12: $auto$alumacc.cc:485:replace_alu$36
  creating $alu cell for $sub$/openlane/designs/lab4/src/lab4.v:27$13: $auto$alumacc.cc:485:replace_alu$39
  created 2 $alu and 0 $macc cells.

31. Executing SHARE pass (SAT-based resource sharing).
Found 2 cells in module lab4 that may be considered for resource sharing.
  Analyzing resource sharing options for $shr$/openlane/designs/lab4/src/lab4.v:29$15 ($shr):
    Found 1 activation_patterns using ctrl signal $procmux$17_CMP.
    No candidates found.
  Analyzing resource sharing options for $shl$/openlane/designs/lab4/src/lab4.v:28$14 ($shl):
    Found 1 activation_patterns using ctrl signal $procmux$18_CMP.
    No candidates found.

32. Executing OPT pass (performing simple optimizations).

32.1. Executing OPT_EXPR pass (perform const folding).
Optimizing module lab4.

32.2. Executing OPT_MERGE pass (detect identical cells).
Finding identical cells in module `\lab4'.
Removed a total of 0 cells.

32.3. Executing OPT_MUXTREE pass (detect dead branches in mux trees).
Running muxtree optimizer on module \lab4..
  Creating internal representation of mux trees.
  Evaluating internal representation of mux trees.
  Analyzing evaluation results.
Removed 0 multiplexer ports.
<suppressed ~4 debug messages>

32.4. Executing OPT_REDUCE pass (consolidate $*mux and $reduce_* inputs).
  Optimizing cells in module \lab4.
Performed a total of 0 changes.

32.5. Executing OPT_MERGE pass (detect identical cells).
Finding identical cells in module `\lab4'.
Removed a total of 0 cells.

32.6. Executing OPT_DFF pass (perform DFF optimizations).

32.7. Executing OPT_CLEAN pass (remove unused cells and wires).
Finding unused cells or wires in module \lab4..

32.8. Executing OPT_EXPR pass (perform const folding).
Optimizing module lab4.

32.9. Finished OPT passes. (There is nothing left to do.)

33. Executing MEMORY pass.

33.1. Executing OPT_MEM pass (optimize memories).
Performed a total of 0 transformations.

33.2. Executing OPT_MEM_PRIORITY pass (removing unnecessary memory write priority relations).
Performed a total of 0 transformations.

33.3. Executing OPT_MEM_FEEDBACK pass (finding memory read-to-write feedback paths).
  Analyzing lab4.registers write port 0.

33.4. Executing MEMORY_BMUX2ROM pass (converting muxes to ROMs).

33.5. Executing MEMORY_DFF pass (merging $dff cells to $memrd).
Checking read port `\registers'[0] in module `\lab4': merging output FF to cell.
    Write port 0: non-transparent.
Checking read port `\registers'[1] in module `\lab4': merging output FF to cell.
    Write port 0: non-transparent.

33.6. Executing OPT_CLEAN pass (remove unused cells and wires).
Finding unused cells or wires in module \lab4..
Removed 2 unused cells and 66 unused wires.
<suppressed ~3 debug messages>

33.7. Executing MEMORY_SHARE pass (consolidating $memrd/$memwr cells).
Consolidating read ports of memory lab4.registers by address:

33.8. Executing OPT_MEM_WIDEN pass (optimize memories where all ports are wide).
Performed a total of 0 transformations.

33.9. Executing OPT_CLEAN pass (remove unused cells and wires).
Finding unused cells or wires in module \lab4..

33.10. Executing MEMORY_COLLECT pass (generating $mem cells).

34. Executing OPT_CLEAN pass (remove unused cells and wires).
Finding unused cells or wires in module \lab4..

35. Executing OPT pass (performing simple optimizations).

35.1. Executing OPT_EXPR pass (perform const folding).
Optimizing module lab4.
<suppressed ~4 debug messages>

35.2. Executing OPT_MERGE pass (detect identical cells).
Finding identical cells in module `\lab4'.
Removed a total of 0 cells.

35.3. Executing OPT_DFF pass (perform DFF optimizations).

35.4. Executing OPT_CLEAN pass (remove unused cells and wires).
Finding unused cells or wires in module \lab4..
Removed 1 unused cells and 4 unused wires.
<suppressed ~2 debug messages>

35.5. Finished fast OPT passes.

36. Executing MEMORY_MAP pass (converting memories to logic and flip-flops).
Mapping memory \registers in module \lab4:
  created 32 $dff cells and 0 static cells of width 32.
Extracted data FF from read port 0 of lab4.registers: $\registers$rdreg[0]
Extracted data FF from read port 1 of lab4.registers: $\registers$rdreg[1]
  read interface: 2 $dff and 62 $mux cells.
  write interface: 32 write mux blocks.

37. Executing OPT pass (performing simple optimizations).

37.1. Executing OPT_EXPR pass (perform const folding).
Optimizing module lab4.
<suppressed ~10 debug messages>

37.2. Executing OPT_MERGE pass (detect identical cells).
Finding identical cells in module `\lab4'.
Removed a total of 0 cells.

37.3. Executing OPT_MUXTREE pass (detect dead branches in mux trees).
Running muxtree optimizer on module \lab4..
  Creating internal representation of mux trees.
  Evaluating internal representation of mux trees.
  Analyzing evaluation results.
Removed 0 multiplexer ports.
<suppressed ~35 debug messages>

37.4. Executing OPT_REDUCE pass (consolidate $*mux and $reduce_* inputs).
  Optimizing cells in module \lab4.
Performed a total of 0 changes.

37.5. Executing OPT_MERGE pass (detect identical cells).
Finding identical cells in module `\lab4'.
Removed a total of 0 cells.

37.6. Executing OPT_SHARE pass.
    Found cells that share an operand and can be merged by moving the $pmux $procmux$16 in front of them:
        $auto$alumacc.cc:485:replace_alu$39
        $auto$alumacc.cc:485:replace_alu$36

37.7. Executing OPT_DFF pass (perform DFF optimizations).

37.8. Executing OPT_CLEAN pass (remove unused cells and wires).
Finding unused cells or wires in module \lab4..
Removed 0 unused cells and 107 unused wires.
<suppressed ~1 debug messages>

37.9. Executing OPT_EXPR pass (perform const folding).
Optimizing module lab4.

37.10. Rerunning OPT passes. (Maybe there is more to do..)

37.11. Executing OPT_MUXTREE pass (detect dead branches in mux trees).
Running muxtree optimizer on module \lab4..
  Creating internal representation of mux trees.
  Evaluating internal representation of mux trees.
  Analyzing evaluation results.
Removed 0 multiplexer ports.
<suppressed ~36 debug messages>

37.12. Executing OPT_REDUCE pass (consolidate $*mux and $reduce_* inputs).
  Optimizing cells in module \lab4.
    New ctrl vector for $pmux cell $procmux$16: { $procmux$18_CMP $procmux$17_CMP }
  Optimizing cells in module \lab4.
Performed a total of 1 changes.

37.13. Executing OPT_MERGE pass (detect identical cells).
Finding identical cells in module `\lab4'.
Removed a total of 0 cells.

37.14. Executing OPT_SHARE pass.

37.15. Executing OPT_DFF pass (perform DFF optimizations).
Adding EN signal on $memory\registers[9]$126 ($dff) from module lab4 (D = \WD3, Q = \registers[9]).
Adding EN signal on $memory\registers[8]$124 ($dff) from module lab4 (D = \WD3, Q = \registers[8]).
Adding EN signal on $memory\registers[7]$122 ($dff) from module lab4 (D = \WD3, Q = \registers[7]).
Adding EN signal on $memory\registers[6]$120 ($dff) from module lab4 (D = \WD3, Q = \registers[6]).
Adding EN signal on $memory\registers[5]$118 ($dff) from module lab4 (D = \WD3, Q = \registers[5]).
Adding EN signal on $memory\registers[4]$116 ($dff) from module lab4 (D = \WD3, Q = \registers[4]).
Adding EN signal on $memory\registers[3]$114 ($dff) from module lab4 (D = \WD3, Q = \registers[3]).
Adding EN signal on $memory\registers[31]$170 ($dff) from module lab4 (D = \WD3, Q = \registers[31]).
Adding EN signal on $memory\registers[30]$168 ($dff) from module lab4 (D = \WD3, Q = \registers[30]).
Adding EN signal on $memory\registers[2]$112 ($dff) from module lab4 (D = \WD3, Q = \registers[2]).
Adding EN signal on $memory\registers[29]$166 ($dff) from module lab4 (D = \WD3, Q = \registers[29]).
Adding EN signal on $memory\registers[28]$164 ($dff) from module lab4 (D = \WD3, Q = \registers[28]).
Adding EN signal on $memory\registers[27]$162 ($dff) from module lab4 (D = \WD3, Q = \registers[27]).
Adding EN signal on $memory\registers[26]$160 ($dff) from module lab4 (D = \WD3, Q = \registers[26]).
Adding EN signal on $memory\registers[25]$158 ($dff) from module lab4 (D = \WD3, Q = \registers[25]).
Adding EN signal on $memory\registers[24]$156 ($dff) from module lab4 (D = \WD3, Q = \registers[24]).
Adding EN signal on $memory\registers[23]$154 ($dff) from module lab4 (D = \WD3, Q = \registers[23]).
Adding EN signal on $memory\registers[22]$152 ($dff) from module lab4 (D = \WD3, Q = \registers[22]).
Adding EN signal on $memory\registers[21]$150 ($dff) from module lab4 (D = \WD3, Q = \registers[21]).
Adding EN signal on $memory\registers[20]$148 ($dff) from module lab4 (D = \WD3, Q = \registers[20]).
Adding EN signal on $memory\registers[1]$110 ($dff) from module lab4 (D = \WD3, Q = \registers[1]).
Adding EN signal on $memory\registers[19]$146 ($dff) from module lab4 (D = \WD3, Q = \registers[19]).
Adding EN signal on $memory\registers[18]$144 ($dff) from module lab4 (D = \WD3, Q = \registers[18]).
Adding EN signal on $memory\registers[17]$142 ($dff) from module lab4 (D = \WD3, Q = \registers[17]).
Adding EN signal on $memory\registers[16]$140 ($dff) from module lab4 (D = \WD3, Q = \registers[16]).
Adding EN signal on $memory\registers[15]$138 ($dff) from module lab4 (D = \WD3, Q = \registers[15]).
Adding EN signal on $memory\registers[14]$136 ($dff) from module lab4 (D = \WD3, Q = \registers[14]).
Adding EN signal on $memory\registers[13]$134 ($dff) from module lab4 (D = \WD3, Q = \registers[13]).
Adding EN signal on $memory\registers[12]$132 ($dff) from module lab4 (D = \WD3, Q = \registers[12]).
Adding EN signal on $memory\registers[11]$130 ($dff) from module lab4 (D = \WD3, Q = \registers[11]).
Adding EN signal on $memory\registers[10]$128 ($dff) from module lab4 (D = \WD3, Q = \registers[10]).
Adding EN signal on $memory\registers[0]$108 ($dff) from module lab4 (D = \WD3, Q = \registers[0]).

37.16. Executing OPT_CLEAN pass (remove unused cells and wires).
Finding unused cells or wires in module \lab4..
Removed 32 unused cells and 32 unused wires.
<suppressed ~33 debug messages>

37.17. Executing OPT_EXPR pass (perform const folding).
Optimizing module lab4.

37.18. Rerunning OPT passes. (Maybe there is more to do..)

37.19. Executing OPT_MUXTREE pass (detect dead branches in mux trees).
Running muxtree optimizer on module \lab4..
  Creating internal representation of mux trees.
  Evaluating internal representation of mux trees.
  Analyzing evaluation results.
Removed 0 multiplexer ports.
<suppressed ~4 debug messages>

37.20. Executing OPT_REDUCE pass (consolidate $*mux and $reduce_* inputs).
  Optimizing cells in module \lab4.
Performed a total of 0 changes.

37.21. Executing OPT_MERGE pass (detect identical cells).
Finding identical cells in module `\lab4'.
Removed a total of 0 cells.

37.22. Executing OPT_SHARE pass.

37.23. Executing OPT_DFF pass (perform DFF optimizations).

37.24. Executing OPT_CLEAN pass (remove unused cells and wires).
Finding unused cells or wires in module \lab4..

37.25. Executing OPT_EXPR pass (perform const folding).
Optimizing module lab4.

37.26. Finished OPT passes. (There is nothing left to do.)

38. Executing TECHMAP pass (map to technology primitives).

38.1. Executing Verilog-2005 frontend: /nix/store/hj1kx74hfma2i9hkg584hkva4xjf5mmb-yosys/bin/../share/yosys/techmap.v
Parsing Verilog input from `/nix/store/hj1kx74hfma2i9hkg584hkva4xjf5mmb-yosys/bin/../share/yosys/techmap.v' to AST representation.
Generating RTLIL representation for module `\_90_simplemap_bool_ops'.
Generating RTLIL representation for module `\_90_simplemap_reduce_ops'.
Generating RTLIL representation for module `\_90_simplemap_logic_ops'.
Generating RTLIL representation for module `\_90_simplemap_compare_ops'.
Generating RTLIL representation for module `\_90_simplemap_various'.
Generating RTLIL representation for module `\_90_simplemap_registers'.
Generating RTLIL representation for module `\_90_shift_ops_shr_shl_sshl_sshr'.
Generating RTLIL representation for module `\_90_shift_shiftx'.
Generating RTLIL representation for module `\_90_fa'.
Generating RTLIL representation for module `\_90_lcu'.
Generating RTLIL representation for module `\_90_alu'.
Generating RTLIL representation for module `\_90_macc'.
Generating RTLIL representation for module `\_90_alumacc'.
Generating RTLIL representation for module `\$__div_mod_u'.
Generating RTLIL representation for module `\$__div_mod_trunc'.
Generating RTLIL representation for module `\_90_div'.
Generating RTLIL representation for module `\_90_mod'.
Generating RTLIL representation for module `\$__div_mod_floor'.
Generating RTLIL representation for module `\_90_divfloor'.
Generating RTLIL representation for module `\_90_modfloor'.
Generating RTLIL representation for module `\_90_pow'.
Generating RTLIL representation for module `\_90_pmux'.
Generating RTLIL representation for module `\_90_demux'.
Generating RTLIL representation for module `\_90_lut'.
Successfully finished Verilog frontend.

38.2. Continuing TECHMAP pass.
Using extmapper simplemap for cells of type $dffe.
Using template $paramod$fbc7873bff55778c0b3173955b7e4bce1d9d6834\_90_alu for cells of type $alu.
Using template $paramod$constmap:b9a86d073741c2a0f7bb241e73c2dd11747f3288$paramod$dce7c1188cb25d2520d170426d59301c3b73f9e7\_90_shift_ops_shr_shl_sshl_sshr for cells of type $shl.
Using template $paramod$constmap:b9a86d073741c2a0f7bb241e73c2dd11747f3288$paramod$56955d0f36f77738c952d3505dc563df3ee11b94\_90_shift_ops_shr_shl_sshl_sshr for cells of type $shr.
Using extmapper simplemap for cells of type $eq.
Using template $paramod$8fabc56b80a569262acfc42757a02ca0b8e91278\_90_pmux for cells of type $pmux.
Using extmapper simplemap for cells of type $dff.
Using extmapper simplemap for cells of type $not.
Using extmapper simplemap for cells of type $and.
Running "alumacc" on wrapper $extern:wrap:$neg:A_SIGNED=0:A_WIDTH=32:Y_WIDTH=32:394426c56d1a028ba8fdd5469b163e04011def47.
Using template $extern:wrap:$neg:A_SIGNED=0:A_WIDTH=32:Y_WIDTH=32:394426c56d1a028ba8fdd5469b163e04011def47 for cells of type $extern:wrap:$neg:A_SIGNED=0:A_WIDTH=32:Y_WIDTH=32:394426c56d1a028ba8fdd5469b163e04011def47.
Using extmapper simplemap for cells of type $xor.
Using template $paramod\_90_lcu\WIDTH=32'00000000000000000000000000100000 for cells of type $lcu.
Using extmapper simplemap for cells of type $pos.
Using template $paramod$c6baa65225090ac0a120feab1b920965244aa496\_90_alu for cells of type $alu.
Using extmapper simplemap for cells of type $or.
No more expansions possible.
<suppressed ~1667 debug messages>

39. Executing OPT pass (performing simple optimizations).

39.1. Executing OPT_EXPR pass (perform const folding).
Optimizing module lab4.
<suppressed ~258 debug messages>

39.2. Executing OPT_MERGE pass (detect identical cells).
Finding identical cells in module `\lab4'.
<suppressed ~180 debug messages>
Removed a total of 60 cells.

39.3. Executing OPT_DFF pass (perform DFF optimizations).

39.4. Executing OPT_CLEAN pass (remove unused cells and wires).
Finding unused cells or wires in module \lab4..
Removed 21 unused cells and 286 unused wires.
<suppressed ~22 debug messages>

39.5. Finished fast OPT passes.

40. Executing ABC pass (technology mapping using ABC).

40.1. Extracting gate netlist of module `\lab4' to `<abc-temp-dir>/input.blif'..
Extracted 3045 gates and 4152 wires to a netlist network with 1106 inputs and 128 outputs.

40.1.1. Executing ABC.
Running ABC command: "/nix/store/8822vi15d8b1mss0196a93yfdyhqsp8z-yosys-abc/bin/abc" -s -f <abc-temp-dir>/abc.script 2>&1
ABC: ABC command line: "source <abc-temp-dir>/abc.script".
ABC: 
ABC: + read_blif <abc-temp-dir>/input.blif 
ABC: + read_library <abc-temp-dir>/stdcells.genlib 
ABC: Entered genlib library with 13 gates from file "<abc-temp-dir>/stdcells.genlib".
ABC: + strash 
ABC: + dretime 
ABC: + map 
ABC: + write_blif <abc-temp-dir>/output.blif 

40.1.2. Re-integrating ABC results.
ABC RESULTS:               AND cells:        2
ABC RESULTS:              XNOR cells:        7
ABC RESULTS:               NOR cells:       36
ABC RESULTS:               XOR cells:       87
ABC RESULTS:               MUX cells:     2305
ABC RESULTS:               NOT cells:       68
ABC RESULTS:             ORNOT cells:       13
ABC RESULTS:              NAND cells:       16
ABC RESULTS:                OR cells:      321
ABC RESULTS:            ANDNOT cells:      172
ABC RESULTS:        internal signals:     2918
ABC RESULTS:           input signals:     1106
ABC RESULTS:          output signals:      128
Removing temp directory.

41. Executing OPT pass (performing simple optimizations).

41.1. Executing OPT_EXPR pass (perform const folding).
Optimizing module lab4.
<suppressed ~1089 debug messages>

41.2. Executing OPT_MERGE pass (detect identical cells).
Finding identical cells in module `\lab4'.
Removed a total of 0 cells.

41.3. Executing OPT_DFF pass (perform DFF optimizations).

41.4. Executing OPT_CLEAN pass (remove unused cells and wires).
Finding unused cells or wires in module \lab4..
Removed 9 unused cells and 1512 unused wires.
<suppressed ~10 debug messages>

41.5. Finished fast OPT passes.

42. Executing HIERARCHY pass (managing design hierarchy).

42.1. Analyzing design hierarchy..
Top module:  \lab4

42.2. Analyzing design hierarchy..
Top module:  \lab4
Removed 0 unused modules.

43. Printing statistics.

=== lab4 ===

   Number of wires:               2966
   Number of wire bits:           4157
   Number of public wires:          42
   Number of public wire bits:    1171
   Number of memories:               0
   Number of memory bits:            0
   Number of processes:              0
   Number of cells:               4106
     $_ANDNOT_                     172
     $_AND_                          2
     $_DFFE_PP_                   1024
     $_DFF_P_                       64
     $_MUX_                       2305
     $_NAND_                        16
     $_NOR_                         36
     $_NOT_                         59
     $_ORNOT_                       13
     $_OR_                         321
     $_XNOR_                         7
     $_XOR_                         87

44. Executing CHECK pass (checking for obvious problems).
Checking module lab4...
Found and reported 0 problems.

45. Generating Graphviz representation of design.
Writing dot description to `/openlane/designs/lab4/runs/RUN_2025.06.01_20.19.44/tmp/synthesis/post_techmap.dot'.
Dumping module lab4 to page 1.

46. Executing SHARE pass (SAT-based resource sharing).

47. Executing OPT pass (performing simple optimizations).

47.1. Executing OPT_EXPR pass (perform const folding).
Optimizing module lab4.

47.2. Executing OPT_MERGE pass (detect identical cells).
Finding identical cells in module `\lab4'.
Removed a total of 0 cells.

47.3. Executing OPT_MUXTREE pass (detect dead branches in mux trees).
Running muxtree optimizer on module \lab4..
  Creating internal representation of mux trees.
  No muxes found in this module.
Removed 0 multiplexer ports.

47.4. Executing OPT_REDUCE pass (consolidate $*mux and $reduce_* inputs).
  Optimizing cells in module \lab4.
Performed a total of 0 changes.

47.5. Executing OPT_MERGE pass (detect identical cells).
Finding identical cells in module `\lab4'.
Removed a total of 0 cells.

47.6. Executing OPT_DFF pass (perform DFF optimizations).

47.7. Executing OPT_CLEAN pass (remove unused cells and wires).
Finding unused cells or wires in module \lab4..

47.8. Executing OPT_EXPR pass (perform const folding).
Optimizing module lab4.

47.9. Finished OPT passes. (There is nothing left to do.)

48. Executing OPT_CLEAN pass (remove unused cells and wires).
Finding unused cells or wires in module \lab4..

49. Printing statistics.

=== lab4 ===

   Number of wires:               2966
   Number of wire bits:           4157
   Number of public wires:          42
   Number of public wire bits:    1171
   Number of memories:               0
   Number of memory bits:            0
   Number of processes:              0
   Number of cells:               4106
     $_ANDNOT_                     172
     $_AND_                          2
     $_DFFE_PP_                   1024
     $_DFF_P_                       64
     $_MUX_                       2305
     $_NAND_                        16
     $_NOR_                         36
     $_NOT_                         59
     $_ORNOT_                       13
     $_OR_                         321
     $_XNOR_                         7
     $_XOR_                         87

mapping tbuf

50. Executing TECHMAP pass (map to technology primitives).

50.1. Executing Verilog-2005 frontend: /Users/nigiri/.volare/sky130A/libs.tech/openlane/sky130_fd_sc_hd/tribuff_map.v
Parsing Verilog input from `/Users/nigiri/.volare/sky130A/libs.tech/openlane/sky130_fd_sc_hd/tribuff_map.v' to AST representation.
Generating RTLIL representation for module `\$_TBUF_'.
Successfully finished Verilog frontend.

50.2. Continuing TECHMAP pass.
No more expansions possible.
<suppressed ~3 debug messages>

51. Executing SIMPLEMAP pass (map simple cells to gate primitives).

52. Executing TECHMAP pass (map to technology primitives).

52.1. Executing Verilog-2005 frontend: /Users/nigiri/.volare/sky130A/libs.tech/openlane/sky130_fd_sc_hd/latch_map.v
Parsing Verilog input from `/Users/nigiri/.volare/sky130A/libs.tech/openlane/sky130_fd_sc_hd/latch_map.v' to AST representation.
Generating RTLIL representation for module `\$_DLATCH_P_'.
Generating RTLIL representation for module `\$_DLATCH_N_'.
Successfully finished Verilog frontend.

52.2. Continuing TECHMAP pass.
No more expansions possible.
<suppressed ~4 debug messages>

53. Executing SIMPLEMAP pass (map simple cells to gate primitives).

54. Executing DFFLIBMAP pass (mapping DFF cells to sequential cells from liberty file).
  cell sky130_fd_sc_hd__dfxtp_2 (noninv, pins=3, area=21.27) is a direct match for cell type $_DFF_P_.
  cell sky130_fd_sc_hd__dfrtp_2 (noninv, pins=4, area=26.28) is a direct match for cell type $_DFF_PN0_.
  cell sky130_fd_sc_hd__dfstp_2 (noninv, pins=4, area=26.28) is a direct match for cell type $_DFF_PN1_.
  cell sky130_fd_sc_hd__dfbbn_2 (noninv, pins=6, area=35.03) is a direct match for cell type $_DFFSR_NNN_.
  final dff cell mappings:
    unmapped dff cell: $_DFF_N_
    \sky130_fd_sc_hd__dfxtp_2 _DFF_P_ (.CLK( C), .D( D), .Q( Q));
    unmapped dff cell: $_DFF_NN0_
    unmapped dff cell: $_DFF_NN1_
    unmapped dff cell: $_DFF_NP0_
    unmapped dff cell: $_DFF_NP1_
    \sky130_fd_sc_hd__dfrtp_2 _DFF_PN0_ (.CLK( C), .D( D), .Q( Q), .RESET_B( R));
    \sky130_fd_sc_hd__dfstp_2 _DFF_PN1_ (.CLK( C), .D( D), .Q( Q), .SET_B( R));
    unmapped dff cell: $_DFF_PP0_
    unmapped dff cell: $_DFF_PP1_
    \sky130_fd_sc_hd__dfbbn_2 _DFFSR_NNN_ (.CLK_N( C), .D( D), .Q( Q), .Q_N(~Q), .RESET_B( R), .SET_B( S));
    unmapped dff cell: $_DFFSR_NNP_
    unmapped dff cell: $_DFFSR_NPN_
    unmapped dff cell: $_DFFSR_NPP_
    unmapped dff cell: $_DFFSR_PNN_
    unmapped dff cell: $_DFFSR_PNP_
    unmapped dff cell: $_DFFSR_PPN_
    unmapped dff cell: $_DFFSR_PPP_

54.1. Executing DFFLEGALIZE pass (convert FFs to types supported by the target).
Mapping DFF cells in module `\lab4':
  mapped 1088 $_DFF_P_ cells to \sky130_fd_sc_hd__dfxtp_2 cells.

55. Printing statistics.

=== lab4 ===

   Number of wires:               3990
   Number of wire bits:           5181
   Number of public wires:          42
   Number of public wire bits:    1171
   Number of memories:               0
   Number of memory bits:            0
   Number of processes:              0
   Number of cells:               5130
     $_ANDNOT_                     172
     $_AND_                          2
     $_MUX_                       3329
     $_NAND_                        16
     $_NOR_                         36
     $_NOT_                         59
     $_ORNOT_                       13
     $_OR_                         321
     $_XNOR_                         7
     $_XOR_                         87
     sky130_fd_sc_hd__dfxtp_2     1088

[INFO]: USING STRATEGY AREA 0

56. Executing ABC pass (technology mapping using ABC).

56.1. Extracting gate netlist of module `\lab4' to `/tmp/yosys-abc-xOMp8M/input.blif'..
Extracted 4042 gates and 5180 wires to a netlist network with 1138 inputs and 1120 outputs.

56.1.1. Executing ABC.
Running ABC command: "/nix/store/8822vi15d8b1mss0196a93yfdyhqsp8z-yosys-abc/bin/abc" -s -f /tmp/yosys-abc-xOMp8M/abc.script 2>&1
ABC: ABC command line: "source /tmp/yosys-abc-xOMp8M/abc.script".
ABC: 
ABC: + read_blif /tmp/yosys-abc-xOMp8M/input.blif 
ABC: + read_lib -w /openlane/designs/lab4/runs/RUN_2025.06.01_20.19.44/tmp/synthesis/trimmed.lib 
ABC: Parsing finished successfully.  Parsing time =     0.04 sec
ABC: Scl_LibertyReadGenlib() skipped sequential cell "sky130_fd_sc_hd__dfbbn_2".
ABC: Scl_LibertyReadGenlib() skipped sequential cell "sky130_fd_sc_hd__dfrbp_2".
ABC: Scl_LibertyReadGenlib() skipped sequential cell "sky130_fd_sc_hd__dfrtp_2".
ABC: Scl_LibertyReadGenlib() skipped sequential cell "sky130_fd_sc_hd__dfrtp_4".
ABC: Scl_LibertyReadGenlib() skipped sequential cell "sky130_fd_sc_hd__dfsbp_2".
ABC: Scl_LibertyReadGenlib() skipped sequential cell "sky130_fd_sc_hd__dfstp_2".
ABC: Scl_LibertyReadGenlib() skipped sequential cell "sky130_fd_sc_hd__dfstp_4".
ABC: Scl_LibertyReadGenlib() skipped sequential cell "sky130_fd_sc_hd__dfxbp_2".
ABC: Scl_LibertyReadGenlib() skipped sequential cell "sky130_fd_sc_hd__dfxtp_2".
ABC: Scl_LibertyReadGenlib() skipped sequential cell "sky130_fd_sc_hd__dfxtp_4".
ABC: Scl_LibertyReadGenlib() skipped sequential cell "sky130_fd_sc_hd__dlxtn_1".
ABC: Scl_LibertyReadGenlib() skipped sequential cell "sky130_fd_sc_hd__dlxtn_2".
ABC: Scl_LibertyReadGenlib() skipped sequential cell "sky130_fd_sc_hd__dlxtn_4".
ABC: Scl_LibertyReadGenlib() skipped sequential cell "sky130_fd_sc_hd__dlxtp_1".
ABC: Scl_LibertyReadGenlib() skipped three-state cell "sky130_fd_sc_hd__ebufn_2".
ABC: Scl_LibertyReadGenlib() skipped three-state cell "sky130_fd_sc_hd__ebufn_4".
ABC: Scl_LibertyReadGenlib() skipped three-state cell "sky130_fd_sc_hd__ebufn_8".
ABC: Library "sky130A_merged" from "/openlane/designs/lab4/runs/RUN_2025.06.01_20.19.44/tmp/synthesis/trimmed.lib" has 175 cells (17 skipped: 14 seq; 3 tri-state; 0 no func; 0 dont_use).  Time =     0.05 sec
ABC: Memory =    9.54 MB. Time =     0.05 sec
ABC: Warning: Detected 2 multi-output gates (for example, "sky130_fd_sc_hd__fa_1").
ABC: + read_constr -v /openlane/designs/lab4/runs/RUN_2025.06.01_20.19.44/tmp/synthesis/synthesis.sdc 
ABC: Setting driving cell to be "sky130_fd_sc_hd__inv_2".
ABC: Setting output load to be 33.442001.
ABC: + read_constr /openlane/designs/lab4/runs/RUN_2025.06.01_20.19.44/tmp/synthesis/synthesis.sdc 
ABC: + fx 
ABC: + mfs 
ABC: + strash 
ABC: + drf -l 
ABC: + balance 
ABC: + drw -l 
ABC: + drf -l 
ABC: + balance 
ABC: + drw -l 
ABC: + drw -l -z 
ABC: + balance 
ABC: + drf -l -z 
ABC: + drw -l -z 
ABC: + balance 
ABC: + retime -D -D 10000 -M 5 
ABC: + scleanup 
ABC: Error: The network is combinational.
ABC: + fraig_store 
ABC: + balance 
ABC: + fraig_store 
ABC: + balance 
ABC: + drw -l 
ABC: + drf -l 
ABC: + balance 
ABC: + drw -l 
ABC: + drw -l -z 
ABC: + balance 
ABC: + drf -l -z 
ABC: + drw -l -z 
ABC: + balance 
ABC: + fraig_store 
ABC: + balance 
ABC: + drw -l 
ABC: + drf -l 
ABC: + balance 
ABC: + drw -l 
ABC: + drw -l -z 
ABC: + balance 
ABC: + drf -l -z 
ABC: + drw -l -z 
ABC: + balance 
ABC: + fraig_store 
ABC: + balance 
ABC: + drw -l 
ABC: + drf -l 
ABC: + balance 
ABC: + drw -l 
ABC: + drw -l -z 
ABC: + balance 
ABC: + drf -l -z 
ABC: + drw -l -z 
ABC: + balance 
ABC: + fraig_store 
ABC: + fraig_restore 
ABC: + amap -m -Q 0.1 -F 20 -A 20 -C 5000 
ABC: + retime -D -D 10000 
ABC: + &get -n 
ABC: + &st 
ABC: + &dch 
ABC: + &nf 
ABC: + &put 
ABC: + buffer -N 10 -S 750.0 
ABC: + upsize -D 10000 
ABC: Current delay (4474.90 ps) does not exceed the target delay (10000.00 ps). Upsizing is not performed.
ABC: + dnsize -D 10000 
ABC: + stime -p 
ABC: WireLoad = "none"  Gates =   4157 ( 35.1 %)   Cap = 12.3 ff ( 15.3 %)   Area =    40633.97 ( 51.7 %)   Delay =  4681.99 ps  (  2.3 %)               
ABC: Path  0 --    1049 : 0    3 pi                        A =   0.00  Df =  40.8  -22.9 ps  S =  62.1 ps  Cin =  0.0 ff  Cout =  12.1 ff  Cmax =   0.0 ff  G =    0  
ABC: Path  1 --    3454 : 4    2 sky130_fd_sc_hd__or4_2    A =   8.76  Df = 665.0 -499.5 ps  S =  99.6 ps  Cin =  1.5 ff  Cout =   3.2 ff  Cmax = 310.4 ff  G =  203  
ABC: Path  2 --    3456 : 3    6 sky130_fd_sc_hd__or3_2    A =   7.51  Df =1176.4 -849.6 ps  S = 110.1 ps  Cin =  1.5 ff  Cout =  13.3 ff  Cmax = 310.4 ff  G =  829  
ABC: Path  3 --    3459 : 4    1 sky130_fd_sc_hd__or4_2    A =   8.76  Df =1841.1-1390.4 ps  S = 106.6 ps  Cin =  1.5 ff  Cout =   4.7 ff  Cmax = 310.4 ff  G =  295  
ABC: Path  4 --    3460 : 2    4 sky130_fd_sc_hd__nor2_2   A =   6.26  Df =1997.4-1505.2 ps  S = 147.9 ps  Cin =  4.4 ff  Cout =  11.2 ff  Cmax = 141.9 ff  G =  242  
ABC: Path  5 --    3461 : 1   10 sky130_fd_sc_hd__buf_1    A =   3.75  Df =2428.0-1694.8 ps  S = 516.0 ps  Cin =  2.1 ff  Cout =  43.8 ff  Cmax = 130.0 ff  G = 1990  
ABC: Path  6 --    3493 : 1   10 sky130_fd_sc_hd__buf_1    A =   3.75  Df =2875.8-1833.9 ps  S = 487.8 ps  Cin =  2.1 ff  Cout =  41.6 ff  Cmax = 130.0 ff  G = 1888  
ABC: Path  7 --    3495 : 3    2 sky130_fd_sc_hd__a21oi_2  A =   8.76  Df =2982.3-1741.7 ps  S = 104.2 ps  Cin =  4.6 ff  Cout =   4.0 ff  Cmax = 128.2 ff  G =   82  
ABC: Path  8 --    3496 : 2    2 sky130_fd_sc_hd__or2_2    A =   6.26  Df =3266.6-1906.2 ps  S =  57.3 ps  Cin =  1.5 ff  Cout =   3.8 ff  Cmax = 299.4 ff  G =  246  
ABC: Path  9 --    3627 : 3    2 sky130_fd_sc_hd__mux2_2   A =  11.26  Df =3531.6-2036.0 ps  S =  51.0 ps  Cin =  2.3 ff  Cout =   3.8 ff  Cmax = 297.6 ff  G =  158  
ABC: Path 10 --    3629 : 3    3 sky130_fd_sc_hd__mux2_2   A =  11.26  Df =3803.9-2155.2 ps  S =  60.0 ps  Cin =  2.3 ff  Cout =   6.8 ff  Cmax = 297.6 ff  G =  286  
ABC: Path 11 --    3630 : 3    2 sky130_fd_sc_hd__mux2_2   A =  11.26  Df =4070.5-2276.1 ps  S =  51.5 ps  Cin =  2.3 ff  Cout =   4.0 ff  Cmax = 297.6 ff  G =  167  
ABC: Path 12 --    3631 : 2    1 sky130_fd_sc_hd__or2_2    A =   6.26  Df =4331.9-2448.4 ps  S =  50.1 ps  Cin =  1.5 ff  Cout =   1.8 ff  Cmax = 299.4 ff  G =  120  
ABC: Path 13 --    3640 : 4    1 sky130_fd_sc_hd__o2bb2a_2 A =  11.26  Df =4682.0-2524.1 ps  S = 187.7 ps  Cin =  1.8 ff  Cout =  33.4 ff  Cmax = 294.8 ff  G = 1904  
ABC: Start-point = pi1048 (\RD2 [13]).  End-point = po66 (\ALUResult [2]).
ABC: + print_stats -m 
ABC: netlist                       : i/o = 1138/ 1120  lat =    0  nd =  4157  edge =  11129  area =40628.13  delay =15.00  lev = 15
ABC: + write_blif /tmp/yosys-abc-xOMp8M/output.blif 

56.1.2. Re-integrating ABC results.
ABC RESULTS:   sky130_fd_sc_hd__nor2b_2 cells:        1
ABC RESULTS:   sky130_fd_sc_hd__and4_2 cells:        1
ABC RESULTS:   sky130_fd_sc_hd__nand2b_2 cells:        1
ABC RESULTS:   sky130_fd_sc_hd__nor3_2 cells:        1
ABC RESULTS:   sky130_fd_sc_hd__a32o_2 cells:        1
ABC RESULTS:   sky130_fd_sc_hd__a31oi_2 cells:        1
ABC RESULTS:   sky130_fd_sc_hd__o21ba_2 cells:        5
ABC RESULTS:   sky130_fd_sc_hd__o31ai_2 cells:        2
ABC RESULTS:   sky130_fd_sc_hd__nor3b_2 cells:        1
ABC RESULTS:   sky130_fd_sc_hd__a21bo_2 cells:        2
ABC RESULTS:   sky130_fd_sc_hd__a21boi_2 cells:        2
ABC RESULTS:   sky130_fd_sc_hd__or4_2 cells:       15
ABC RESULTS:   sky130_fd_sc_hd__o21bai_2 cells:        3
ABC RESULTS:   sky130_fd_sc_hd__o311a_2 cells:        1
ABC RESULTS:   sky130_fd_sc_hd__or2b_2 cells:        9
ABC RESULTS:   sky130_fd_sc_hd__and2b_2 cells:       69
ABC RESULTS:   sky130_fd_sc_hd__o41a_2 cells:        6
ABC RESULTS:   sky130_fd_sc_hd__a21oi_2 cells:       19
ABC RESULTS:   sky130_fd_sc_hd__a31o_2 cells:        5
ABC RESULTS:   sky130_fd_sc_hd__xor2_2 cells:       12
ABC RESULTS:   sky130_fd_sc_hd__o2bb2a_2 cells:       10
ABC RESULTS:   sky130_fd_sc_hd__mux4_2 cells:      546
ABC RESULTS:   sky130_fd_sc_hd__o221a_2 cells:       26
ABC RESULTS:   sky130_fd_sc_hd__a22o_2 cells:        7
ABC RESULTS:   sky130_fd_sc_hd__a211o_2 cells:       13
ABC RESULTS:   sky130_fd_sc_hd__o31a_2 cells:       15
ABC RESULTS:   sky130_fd_sc_hd__a21o_2 cells:       83
ABC RESULTS:   sky130_fd_sc_hd__xnor2_2 cells:       57
ABC RESULTS:   sky130_fd_sc_hd__o211a_2 cells:       10
ABC RESULTS:   sky130_fd_sc_hd__a221o_2 cells:       10
ABC RESULTS:   sky130_fd_sc_hd__o21a_2 cells:       31
ABC RESULTS:   sky130_fd_sc_hd__o22a_2 cells:       82
ABC RESULTS:   sky130_fd_sc_hd__o21ai_2 cells:       28
ABC RESULTS:   sky130_fd_sc_hd__nand3_2 cells:        3
ABC RESULTS:   sky130_fd_sc_hd__or2_2 cells:       38
ABC RESULTS:   sky130_fd_sc_hd__nand3b_2 cells:        1
ABC RESULTS:   sky130_fd_sc_hd__and3_2 cells:       11
ABC RESULTS:   sky130_fd_sc_hd__inv_2 cells:       24
ABC RESULTS:   sky130_fd_sc_hd__or3_2 cells:       10
ABC RESULTS:   sky130_fd_sc_hd__or3b_2 cells:        6
ABC RESULTS:   sky130_fd_sc_hd__and3b_2 cells:        7
ABC RESULTS:   sky130_fd_sc_hd__nor2_2 cells:       42
ABC RESULTS:   sky130_fd_sc_hd__and2_2 cells:        8
ABC RESULTS:   sky130_fd_sc_hd__nand2_2 cells:       74
ABC RESULTS:   sky130_fd_sc_hd__mux2_2 cells:     1423
ABC RESULTS:   sky130_fd_sc_hd__buf_1 cells:     1435
ABC RESULTS:        internal signals:     2922
ABC RESULTS:           input signals:     1138
ABC RESULTS:          output signals:     1120
Removing temp directory.

57. Executing SETUNDEF pass (replace undef values with defined constants).

58. Executing HILOMAP pass (mapping to constant drivers).

59. Executing SPLITNETS pass (splitting up multi-bit signals).

60. Executing OPT_CLEAN pass (remove unused cells and wires).
Finding unused cells or wires in module \lab4..
Removed 0 unused cells and 5180 unused wires.
<suppressed ~1 debug messages>

61. Executing INSBUF pass (insert buffer cells for connected wires).

62. Executing CHECK pass (checking for obvious problems).
Checking module lab4...
Found and reported 0 problems.

63. Printing statistics.

=== lab4 ===

   Number of wires:               5159
   Number of wire bits:           5296
   Number of public wires:        1034
   Number of public wire bits:    1171
   Number of memories:               0
   Number of memory bits:            0
   Number of processes:              0
   Number of cells:               5245
     sky130_fd_sc_hd__a211o_2       13
     sky130_fd_sc_hd__a21bo_2        2
     sky130_fd_sc_hd__a21boi_2       2
     sky130_fd_sc_hd__a21o_2        83
     sky130_fd_sc_hd__a21oi_2       19
     sky130_fd_sc_hd__a221o_2       10
     sky130_fd_sc_hd__a22o_2         7
     sky130_fd_sc_hd__a31o_2         5
     sky130_fd_sc_hd__a31oi_2        1
     sky130_fd_sc_hd__a32o_2         1
     sky130_fd_sc_hd__and2_2         8
     sky130_fd_sc_hd__and2b_2       69
     sky130_fd_sc_hd__and3_2        11
     sky130_fd_sc_hd__and3b_2        7
     sky130_fd_sc_hd__and4_2         1
     sky130_fd_sc_hd__buf_1       1435
     sky130_fd_sc_hd__dfxtp_2     1088
     sky130_fd_sc_hd__inv_2         24
     sky130_fd_sc_hd__mux2_2      1423
     sky130_fd_sc_hd__mux4_2       546
     sky130_fd_sc_hd__nand2_2       74
     sky130_fd_sc_hd__nand2b_2       1
     sky130_fd_sc_hd__nand3_2        3
     sky130_fd_sc_hd__nand3b_2       1
     sky130_fd_sc_hd__nor2_2        42
     sky130_fd_sc_hd__nor2b_2        1
     sky130_fd_sc_hd__nor3_2         1
     sky130_fd_sc_hd__nor3b_2        1
     sky130_fd_sc_hd__o211a_2       10
     sky130_fd_sc_hd__o21a_2        31
     sky130_fd_sc_hd__o21ai_2       28
     sky130_fd_sc_hd__o21ba_2        5
     sky130_fd_sc_hd__o21bai_2       3
     sky130_fd_sc_hd__o221a_2       26
     sky130_fd_sc_hd__o22a_2        82
     sky130_fd_sc_hd__o2bb2a_2      10
     sky130_fd_sc_hd__o311a_2        1
     sky130_fd_sc_hd__o31a_2        15
     sky130_fd_sc_hd__o31ai_2        2
     sky130_fd_sc_hd__o41a_2         6
     sky130_fd_sc_hd__or2_2         38
     sky130_fd_sc_hd__or2b_2         9
     sky130_fd_sc_hd__or3_2         10
     sky130_fd_sc_hd__or3b_2         6
     sky130_fd_sc_hd__or4_2         15
     sky130_fd_sc_hd__xnor2_2       57
     sky130_fd_sc_hd__xor2_2        12

   Chip area for module '\lab4': 63776.166400

64. Executing Verilog backend.
Dumping module `\lab4'.

65. Executing JSON backend.

End of script. Logfile hash: 7cbd513522, CPU: user 0.77s system 0.02s, MEM: 45.16 MB peak
Yosys 0.38 (git sha1 543faed9c8c, clang++ 17.0.6 -fPIC -Os)
Time spent: 78% 2x abc (2 sec), 3% 24x opt_expr (0 sec), ...
