
===========================================================================
 report_power
============================================================================
======================= Fastest Corner ===================================

Group                  Internal  Switching    Leakage      Total
                          Power      Power      Power      Power (Watts)
----------------------------------------------------------------
Sequential             1.55e-04   0.00e+00   5.35e-08   1.55e-04  42.5%
Combinational          3.74e-14   1.91e-13   1.11e-09   1.11e-09   0.0%
Clock                  1.05e-04   1.04e-04   1.71e-09   2.10e-04  57.5%
Macro                  0.00e+00   0.00e+00   0.00e+00   0.00e+00   0.0%
Pad                    0.00e+00   0.00e+00   0.00e+00   0.00e+00   0.0%
----------------------------------------------------------------
Total                  2.60e-04   1.04e-04   5.63e-08   3.65e-04 100.0%
                          71.4%      28.6%       0.0%

======================= Slowest Corner ===================================

Group                  Internal  Switching    Leakage      Total
                          Power      Power      Power      Power (Watts)
----------------------------------------------------------------
Sequential             1.02e-04   0.00e+00   7.39e-07   1.03e-04  41.0%
Combinational          2.53e-14   1.29e-13   8.18e-07   8.18e-07   0.3%
Clock                  7.59e-05   7.05e-05   1.07e-07   1.47e-04  58.6%
Macro                  0.00e+00   0.00e+00   0.00e+00   0.00e+00   0.0%
Pad                    0.00e+00   0.00e+00   0.00e+00   0.00e+00   0.0%
----------------------------------------------------------------
Total                  1.78e-04   7.05e-05   1.66e-06   2.50e-04 100.0%
                          71.1%      28.2%       0.7%

======================= Typical Corner ===================================

Group                  Internal  Switching    Leakage      Total
                          Power      Power      Power      Power (Watts)
----------------------------------------------------------------
Sequential             1.33e-04   0.00e+00   5.29e-08   1.33e-04  42.3%
Combinational          3.11e-14   1.64e-13   6.71e-10   6.71e-10   0.0%
Clock                  9.24e-05   8.89e-05   1.43e-09   1.81e-04  57.7%
Macro                  0.00e+00   0.00e+00   0.00e+00   0.00e+00   0.0%
Pad                    0.00e+00   0.00e+00   0.00e+00   0.00e+00   0.0%
----------------------------------------------------------------
Total                  2.26e-04   8.89e-05   5.50e-08   3.15e-04 100.0%
                          71.7%      28.3%       0.0%

