OpenSTA 2.5.0 GITDIR-NOT Copyright (c) 2024, Parallax Software, Inc.
License GPLv3: GNU GPL version 3 <http://gnu.org/licenses/gpl.html>

This is free software, and you are free to change and redistribute it
under certain conditions; type `show_copying' for details. 
This program comes with ABSOLUTELY NO WARRANTY; for details type `show_warranty'.
define_corners Typical
read_liberty -corner Typical /Users/nigiri/.volare/sky130A/libs.ref/sky130_fd_sc_hd/lib/sky130_fd_sc_hd__tt_025C_1v80.lib
Using 1e-12 for capacitance...
Using 1e+03 for resistance...
Using 1e-09 for time...
Using 1e+00 for voltage...
Using 1e-03 for current...
Using 1e-09 for power...
Using 1e-06 for distance...
Reading netlist '/openlane/designs/lab4/runs/RUN_2025.06.01_20.08.38/results/synthesis/lab4.v'…
Reading design constraints file at '/openlane/designs/lab4/src/lab4.sdc'…
Warning: lab4.sdc line 2, port 'clk' not found.
min_report

===========================================================================
report_checks -path_delay min (Hold)
============================================================================
======================= Typical Corner ===================================

No paths found.

worst slack corner Typical: INF
min_report_end
max_report

===========================================================================
report_checks -path_delay max (Setup)
============================================================================
======================= Typical Corner ===================================

No paths found.

worst slack corner Typical: INF
max_report_end
checks_report

===========================================================================
report_checks -unconstrained
===========================================================================
======================= Typical Corner ===================================

Startpoint: _9063_ (rising edge-triggered flip-flop)
Endpoint: ALUResult[2] (output port)
Path Group: unconstrained
Path Type: max

Fanout     Cap    Slew   Delay    Time   Description
-----------------------------------------------------------------------------
                  0.00    0.00    0.00 ^ _9063_/CLK (sky130_fd_sc_hd__dfxtp_2)
     4    0.01    0.04    0.31    0.31 v _9063_/Q (sky130_fd_sc_hd__dfxtp_2)
                                         RD2[13] (net)
                  0.04    0.00    0.31 v _5320_/A (sky130_fd_sc_hd__or4_2)
     2    0.00    0.10    0.65    0.96 v _5320_/X (sky130_fd_sc_hd__or4_2)
                                         _2219_ (net)
                  0.10    0.00    0.96 v _5322_/B (sky130_fd_sc_hd__or3_2)
     6    0.01    0.11    0.51    1.47 v _5322_/X (sky130_fd_sc_hd__or3_2)
                                         _2221_ (net)
                  0.11    0.00    1.47 v _5325_/B (sky130_fd_sc_hd__or4_2)
     1    0.00    0.11    0.66    2.13 v _5325_/X (sky130_fd_sc_hd__or4_2)
                                         _2224_ (net)
                  0.11    0.00    2.13 v _5326_/B (sky130_fd_sc_hd__nor2_2)
     4    0.01    0.15    0.16    2.29 ^ _5326_/Y (sky130_fd_sc_hd__nor2_2)
                                         _2225_ (net)
                  0.15    0.00    2.29 ^ _5327_/A (sky130_fd_sc_hd__buf_1)
    10    0.04    0.52    0.43    2.72 ^ _5327_/X (sky130_fd_sc_hd__buf_1)
                                         _2226_ (net)
                  0.52    0.00    2.72 ^ _5359_/A (sky130_fd_sc_hd__buf_1)
    10    0.04    0.49    0.45    3.17 ^ _5359_/X (sky130_fd_sc_hd__buf_1)
                                         _2258_ (net)
                  0.49    0.00    3.17 ^ _5361_/A2 (sky130_fd_sc_hd__a21oi_2)
     2    0.00    0.08    0.11    3.28 v _5361_/Y (sky130_fd_sc_hd__a21oi_2)
                                         _2260_ (net)
                  0.08    0.00    3.28 v _5362_/B (sky130_fd_sc_hd__or2_2)
     2    0.00    0.06    0.28    3.56 v _5362_/X (sky130_fd_sc_hd__or2_2)
                                         _2261_ (net)
                  0.06    0.00    3.56 v _5493_/A1 (sky130_fd_sc_hd__mux2_2)
     2    0.00    0.05    0.27    3.83 v _5493_/X (sky130_fd_sc_hd__mux2_2)
                                         _2390_ (net)
                  0.05    0.00    3.83 v _5495_/A0 (sky130_fd_sc_hd__mux2_2)
     3    0.01    0.06    0.27    4.10 v _5495_/X (sky130_fd_sc_hd__mux2_2)
                                         _2392_ (net)
                  0.06    0.00    4.10 v _5496_/A1 (sky130_fd_sc_hd__mux2_2)
     2    0.00    0.05    0.27    4.36 v _5496_/X (sky130_fd_sc_hd__mux2_2)
                                         _2393_ (net)
                  0.05    0.00    4.36 v _5497_/B (sky130_fd_sc_hd__or2_2)
     1    0.00    0.05    0.26    4.63 v _5497_/X (sky130_fd_sc_hd__or2_2)
                                         _2394_ (net)
                  0.05    0.00    4.63 v _5506_/A2_N (sky130_fd_sc_hd__o2bb2a_2)
     1    0.00    0.03    0.21    4.83 ^ _5506_/X (sky130_fd_sc_hd__o2bb2a_2)
                                         ALUResult[2] (net)
                  0.03    0.00    4.83 ^ ALUResult[2] (out)
                                  4.83   data arrival time
-----------------------------------------------------------------------------
(Path is unconstrained)




===========================================================================
report_checks --slack_max -0.01
============================================================================
======================= Typical Corner ===================================

No paths found.


===========================================================================
 report_check_types -max_slew -max_cap -max_fanout -violators
============================================================================
======================= Typical Corner ===================================


max slew violations count Typical: 0
max fanout violations count Typical: 0
max cap violations count Typical: 0

===========================================================================
report_parasitic_annotation -report_unannotated
============================================================================
Found 5296 unannotated drivers.
 A1[0]
 A1[1]
 A1[2]
 A1[3]
 A1[4]
 A2[0]
 A2[1]
 A2[2]
 A2[3]
 A2[4]
 A3[0]
 A3[1]
 A3[2]
 A3[3]
 A3[4]
 ALUOp[0]
 ALUOp[1]
 CLK
 WD3[0]
 WD3[10]
 WD3[11]
 WD3[12]
 WD3[13]
 WD3[14]
 WD3[15]
 WD3[16]
 WD3[17]
 WD3[18]
 WD3[19]
 WD3[1]
 WD3[20]
 WD3[21]
 WD3[22]
 WD3[23]
 WD3[24]
 WD3[25]
 WD3[26]
 WD3[27]
 WD3[28]
 WD3[29]
 WD3[2]
 WD3[30]
 WD3[31]
 WD3[3]
 WD3[4]
 WD3[5]
 WD3[6]
 WD3[7]
 WD3[8]
 WD3[9]
 WE3
 _4125_/Y
 _4126_/X
 _4127_/X
 _4128_/X
 _4129_/X
 _4130_/X
 _4131_/X
 _4132_/X
 _4133_/X
 _4134_/X
 _4135_/X
 _4136_/X
 _4137_/X
 _4138_/X
 _4139_/X
 _4140_/X
 _4141_/X
 _4142_/X
 _4143_/X
 _4144_/X
 _4145_/X
 _4146_/X
 _4147_/X
 _4148_/X
 _4149_/X
 _4150_/X
 _4151_/X
 _4152_/X
 _4153_/X
 _4154_/X
 _4155_/X
 _4156_/X
 _4157_/X
 _4158_/X
 _4159_/X
 _4160_/X
 _4161_/X
 _4162_/X
 _4163_/X
 _4164_/X
 _4165_/X
 _4166_/X
 _4167_/X
 _4168_/X
 _4169_/X
 _4170_/X
 _4171_/X
 _4172_/X
 _4173_/X
 _4174_/X
 _4175_/X
 _4176_/X
 _4177_/X
 _4178_/X
 _4179_/X
 _4180_/X
 _4181_/X
 _4182_/X
 _4183_/X
 _4184_/X
 _4185_/X
 _4186_/X
 _4187_/X
 _4188_/X
 _4189_/X
 _4190_/X
 _4191_/X
 _4192_/X
 _4193_/X
 _4194_/X
 _4195_/X
 _4196_/X
 _4197_/X
 _4198_/X
 _4199_/X
 _4200_/X
 _4201_/X
 _4202_/X
 _4203_/X
 _4204_/X
 _4205_/X
 _4206_/X
 _4207_/X
 _4208_/X
 _4209_/X
 _4210_/X
 _4211_/X
 _4212_/X
 _4213_/X
 _4214_/X
 _4215_/X
 _4216_/X
 _4217_/X
 _4218_/X
 _4219_/X
 _4220_/X
 _4221_/X
 _4222_/X
 _4223_/X
 _4224_/X
 _4225_/X
 _4226_/X
 _4227_/X
 _4228_/X
 _4229_/X
 _4230_/X
 _4231_/X
 _4232_/X
 _4233_/X
 _4234_/X
 _4235_/X
 _4236_/X
 _4237_/X
 _4238_/X
 _4239_/X
 _4240_/X
 _4241_/X
 _4242_/X
 _4243_/X
 _4244_/X
 _4245_/X
 _4246_/X
 _4247_/X
 _4248_/X
 _4249_/X
 _4250_/X
 _4251_/X
 _4252_/X
 _4253_/X
 _4254_/X
 _4255_/X
 _4256_/X
 _4257_/X
 _4258_/X
 _4259_/X
 _4260_/X
 _4261_/X
 _4262_/X
 _4263_/X
 _4264_/X
 _4265_/X
 _4266_/X
 _4267_/X
 _4268_/X
 _4269_/X
 _4270_/X
 _4271_/X
 _4272_/X
 _4273_/X
 _4274_/X
 _4275_/X
 _4276_/X
 _4277_/X
 _4278_/X
 _4279_/X
 _4280_/X
 _4281_/X
 _4282_/X
 _4283_/X
 _4284_/X
 _4285_/X
 _4286_/X
 _4287_/X
 _4288_/X
 _4289_/X
 _4290_/X
 _4291_/X
 _4292_/X
 _4293_/X
 _4294_/X
 _4295_/X
 _4296_/X
 _4297_/X
 _4298_/X
 _4299_/X
 _4300_/X
 _4301_/X
 _4302_/X
 _4303_/X
 _4304_/X
 _4305_/X
 _4306_/X
 _4307_/X
 _4308_/X
 _4309_/X
 _4310_/X
 _4311_/X
 _4312_/X
 _4313_/X
 _4314_/X
 _4315_/X
 _4316_/X
 _4317_/X
 _4318_/X
 _4319_/X
 _4320_/X
 _4321_/X
 _4322_/X
 _4323_/X
 _4324_/X
 _4325_/X
 _4326_/X
 _4327_/X
 _4328_/X
 _4329_/X
 _4330_/X
 _4331_/X
 _4332_/X
 _4333_/X
 _4334_/X
 _4335_/X
 _4336_/X
 _4337_/X
 _4338_/X
 _4339_/X
 _4340_/X
 _4341_/X
 _4342_/X
 _4343_/X
 _4344_/X
 _4345_/X
 _4346_/X
 _4347_/X
 _4348_/X
 _4349_/X
 _4350_/X
 _4351_/X
 _4352_/X
 _4353_/X
 _4354_/X
 _4355_/X
 _4356_/X
 _4357_/X
 _4358_/X
 _4359_/X
 _4360_/X
 _4361_/X
 _4362_/X
 _4363_/X
 _4364_/X
 _4365_/X
 _4366_/X
 _4367_/X
 _4368_/X
 _4369_/X
 _4370_/X
 _4371_/X
 _4372_/X
 _4373_/X
 _4374_/X
 _4375_/X
 _4376_/X
 _4377_/X
 _4378_/X
 _4379_/X
 _4380_/X
 _4381_/X
 _4382_/X
 _4383_/X
 _4384_/X
 _4385_/X
 _4386_/X
 _4387_/X
 _4388_/X
 _4389_/X
 _4390_/X
 _4391_/X
 _4392_/X
 _4393_/X
 _4394_/X
 _4395_/X
 _4396_/X
 _4397_/X
 _4398_/X
 _4399_/X
 _4400_/X
 _4401_/X
 _4402_/X
 _4403_/X
 _4404_/X
 _4405_/X
 _4406_/X
 _4407_/X
 _4408_/X
 _4409_/X
 _4410_/X
 _4411_/X
 _4412_/X
 _4413_/X
 _4414_/X
 _4415_/X
 _4416_/X
 _4417_/X
 _4418_/X
 _4419_/X
 _4420_/X
 _4421_/X
 _4422_/X
 _4423_/X
 _4424_/X
 _4425_/X
 _4426_/X
 _4427_/X
 _4428_/X
 _4429_/X
 _4430_/X
 _4431_/X
 _4432_/X
 _4433_/X
 _4434_/X
 _4435_/X
 _4436_/X
 _4437_/X
 _4438_/X
 _4439_/X
 _4440_/X
 _4441_/X
 _4442_/X
 _4443_/X
 _4444_/X
 _4445_/X
 _4446_/X
 _4447_/X
 _4448_/X
 _4449_/X
 _4450_/X
 _4451_/X
 _4452_/X
 _4453_/X
 _4454_/X
 _4455_/X
 _4456_/X
 _4457_/X
 _4458_/X
 _4459_/X
 _4460_/X
 _4461_/X
 _4462_/X
 _4463_/X
 _4464_/X
 _4465_/X
 _4466_/X
 _4467_/X
 _4468_/X
 _4469_/X
 _4470_/X
 _4471_/X
 _4472_/X
 _4473_/X
 _4474_/X
 _4475_/X
 _4476_/X
 _4477_/X
 _4478_/X
 _4479_/X
 _4480_/X
 _4481_/X
 _4482_/X
 _4483_/X
 _4484_/X
 _4485_/X
 _4486_/X
 _4487_/X
 _4488_/X
 _4489_/X
 _4490_/X
 _4491_/X
 _4492_/X
 _4493_/X
 _4494_/X
 _4495_/X
 _4496_/X
 _4497_/X
 _4498_/X
 _4499_/X
 _4500_/X
 _4501_/X
 _4502_/X
 _4503_/X
 _4504_/X
 _4505_/X
 _4506_/X
 _4507_/X
 _4508_/X
 _4509_/X
 _4510_/X
 _4511_/X
 _4512_/X
 _4513_/X
 _4514_/X
 _4515_/X
 _4516_/X
 _4517_/X
 _4518_/X
 _4519_/X
 _4520_/X
 _4521_/X
 _4522_/X
 _4523_/X
 _4524_/X
 _4525_/X
 _4526_/X
 _4527_/X
 _4528_/X
 _4529_/X
 _4530_/X
 _4531_/X
 _4532_/X
 _4533_/X
 _4534_/X
 _4535_/X
 _4536_/X
 _4537_/X
 _4538_/X
 _4539_/X
 _4540_/X
 _4541_/X
 _4542_/X
 _4543_/X
 _4544_/X
 _4545_/X
 _4546_/X
 _4547_/X
 _4548_/X
 _4549_/X
 _4550_/X
 _4551_/X
 _4552_/X
 _4553_/X
 _4554_/X
 _4555_/X
 _4556_/X
 _4557_/X
 _4558_/X
 _4559_/X
 _4560_/X
 _4561_/X
 _4562_/X
 _4563_/X
 _4564_/X
 _4565_/X
 _4566_/X
 _4567_/X
 _4568_/X
 _4569_/X
 _4570_/X
 _4571_/X
 _4572_/X
 _4573_/X
 _4574_/X
 _4575_/X
 _4576_/X
 _4577_/X
 _4578_/X
 _4579_/X
 _4580_/X
 _4581_/X
 _4582_/X
 _4583_/X
 _4584_/X
 _4585_/X
 _4586_/X
 _4587_/X
 _4588_/X
 _4589_/X
 _4590_/X
 _4591_/X
 _4592_/X
 _4593_/X
 _4594_/X
 _4595_/X
 _4596_/X
 _4597_/X
 _4598_/X
 _4599_/X
 _4600_/X
 _4601_/X
 _4602_/X
 _4603_/X
 _4604_/X
 _4605_/X
 _4606_/X
 _4607_/X
 _4608_/X
 _4609_/X
 _4610_/X
 _4611_/X
 _4612_/X
 _4613_/X
 _4614_/X
 _4615_/X
 _4616_/X
 _4617_/X
 _4618_/X
 _4619_/X
 _4620_/X
 _4621_/X
 _4622_/X
 _4623_/X
 _4624_/X
 _4625_/X
 _4626_/X
 _4627_/X
 _4628_/X
 _4629_/X
 _4630_/X
 _4631_/X
 _4632_/X
 _4633_/X
 _4634_/X
 _4635_/X
 _4636_/X
 _4637_/X
 _4638_/X
 _4639_/X
 _4640_/X
 _4641_/X
 _4642_/X
 _4643_/X
 _4644_/X
 _4645_/X
 _4646_/X
 _4647_/X
 _4648_/X
 _4649_/X
 _4650_/X
 _4651_/X
 _4652_/X
 _4653_/X
 _4654_/X
 _4655_/X
 _4656_/X
 _4657_/X
 _4658_/X
 _4659_/X
 _4660_/X
 _4661_/X
 _4662_/X
 _4663_/X
 _4664_/X
 _4665_/X
 _4666_/X
 _4667_/X
 _4668_/X
 _4669_/X
 _4670_/X
 _4671_/X
 _4672_/X
 _4673_/X
 _4674_/X
 _4675_/X
 _4676_/X
 _4677_/X
 _4678_/X
 _4679_/X
 _4680_/X
 _4681_/X
 _4682_/X
 _4683_/X
 _4684_/X
 _4685_/X
 _4686_/X
 _4687_/X
 _4688_/X
 _4689_/X
 _4690_/X
 _4691_/X
 _4692_/X
 _4693_/X
 _4694_/X
 _4695_/X
 _4696_/X
 _4697_/X
 _4698_/X
 _4699_/X
 _4700_/X
 _4701_/X
 _4702_/X
 _4703_/X
 _4704_/X
 _4705_/X
 _4706_/X
 _4707_/X
 _4708_/X
 _4709_/X
 _4710_/X
 _4711_/X
 _4712_/X
 _4713_/X
 _4714_/X
 _4715_/X
 _4716_/X
 _4717_/X
 _4718_/X
 _4719_/X
 _4720_/X
 _4721_/X
 _4722_/X
 _4723_/X
 _4724_/Y
 _4725_/X
 _4726_/X
 _4727_/X
 _4728_/X
 _4729_/X
 _4730_/X
 _4731_/X
 _4732_/X
 _4733_/X
 _4734_/X
 _4735_/X
 _4736_/X
 _4737_/X
 _4738_/X
 _4739_/X
 _4740_/X
 _4741_/X
 _4742_/X
 _4743_/X
 _4744_/X
 _4745_/X
 _4746_/X
 _4747_/X
 _4748_/X
 _4749_/X
 _4750_/X
 _4751_/X
 _4752_/X
 _4753_/X
 _4754_/X
 _4755_/X
 _4756_/X
 _4757_/X
 _4758_/X
 _4759_/X
 _4760_/X
 _4761_/X
 _4762_/X
 _4763_/X
 _4764_/X
 _4765_/X
 _4766_/X
 _4767_/X
 _4768_/X
 _4769_/X
 _4770_/X
 _4771_/X
 _4772_/X
 _4773_/X
 _4774_/X
 _4775_/X
 _4776_/X
 _4777_/X
 _4778_/X
 _4779_/X
 _4780_/X
 _4781_/X
 _4782_/X
 _4783_/X
 _4784_/X
 _4785_/X
 _4786_/X
 _4787_/X
 _4788_/X
 _4789_/X
 _4790_/X
 _4791_/X
 _4792_/X
 _4793_/X
 _4794_/X
 _4795_/X
 _4796_/X
 _4797_/X
 _4798_/X
 _4799_/X
 _4800_/X
 _4801_/X
 _4802_/X
 _4803_/X
 _4804_/X
 _4805_/X
 _4806_/X
 _4807_/X
 _4808_/X
 _4809_/X
 _4810_/X
 _4811_/X
 _4812_/X
 _4813_/X
 _4814_/X
 _4815_/X
 _4816_/X
 _4817_/X
 _4818_/X
 _4819_/X
 _4820_/X
 _4821_/X
 _4822_/X
 _4823_/X
 _4824_/X
 _4825_/X
 _4826_/X
 _4827_/X
 _4828_/X
 _4829_/X
 _4830_/X
 _4831_/X
 _4832_/X
 _4833_/X
 _4834_/X
 _4835_/X
 _4836_/X
 _4837_/X
 _4838_/X
 _4839_/X
 _4840_/X
 _4841_/X
 _4842_/X
 _4843_/X
 _4844_/X
 _4845_/X
 _4846_/X
 _4847_/X
 _4848_/X
 _4849_/X
 _4850_/X
 _4851_/X
 _4852_/X
 _4853_/X
 _4854_/X
 _4855_/X
 _4856_/X
 _4857_/X
 _4858_/X
 _4859_/X
 _4860_/X
 _4861_/X
 _4862_/X
 _4863_/X
 _4864_/X
 _4865_/X
 _4866_/X
 _4867_/X
 _4868_/X
 _4869_/X
 _4870_/X
 _4871_/X
 _4872_/X
 _4873_/X
 _4874_/X
 _4875_/X
 _4876_/X
 _4877_/X
 _4878_/X
 _4879_/X
 _4880_/X
 _4881_/X
 _4882_/X
 _4883_/X
 _4884_/X
 _4885_/X
 _4886_/X
 _4887_/X
 _4888_/X
 _4889_/X
 _4890_/X
 _4891_/X
 _4892_/X
 _4893_/X
 _4894_/X
 _4895_/X
 _4896_/X
 _4897_/X
 _4898_/X
 _4899_/X
 _4900_/X
 _4901_/X
 _4902_/X
 _4903_/X
 _4904_/X
 _4905_/X
 _4906_/X
 _4907_/X
 _4908_/X
 _4909_/X
 _4910_/X
 _4911_/X
 _4912_/X
 _4913_/X
 _4914_/X
 _4915_/X
 _4916_/X
 _4917_/X
 _4918_/X
 _4919_/X
 _4920_/X
 _4921_/X
 _4922_/X
 _4923_/X
 _4924_/X
 _4925_/X
 _4926_/X
 _4927_/X
 _4928_/X
 _4929_/X
 _4930_/X
 _4931_/X
 _4932_/X
 _4933_/X
 _4934_/X
 _4935_/X
 _4936_/X
 _4937_/X
 _4938_/X
 _4939_/X
 _4940_/X
 _4941_/X
 _4942_/X
 _4943_/X
 _4944_/X
 _4945_/X
 _4946_/X
 _4947_/X
 _4948_/X
 _4949_/X
 _4950_/X
 _4951_/X
 _4952_/X
 _4953_/X
 _4954_/X
 _4955_/X
 _4956_/X
 _4957_/X
 _4958_/X
 _4959_/X
 _4960_/X
 _4961_/X
 _4962_/X
 _4963_/X
 _4964_/X
 _4965_/X
 _4966_/X
 _4967_/X
 _4968_/X
 _4969_/X
 _4970_/X
 _4971_/X
 _4972_/X
 _4973_/X
 _4974_/X
 _4975_/X
 _4976_/X
 _4977_/X
 _4978_/X
 _4979_/X
 _4980_/X
 _4981_/X
 _4982_/X
 _4983_/X
 _4984_/X
 _4985_/X
 _4986_/X
 _4987_/X
 _4988_/X
 _4989_/X
 _4990_/X
 _4991_/X
 _4992_/X
 _4993_/X
 _4994_/X
 _4995_/X
 _4996_/X
 _4997_/X
 _4998_/X
 _4999_/X
 _5000_/X
 _5001_/X
 _5002_/X
 _5003_/X
 _5004_/X
 _5005_/X
 _5006_/X
 _5007_/X
 _5008_/X
 _5009_/X
 _5010_/X
 _5011_/X
 _5012_/X
 _5013_/X
 _5014_/X
 _5015_/X
 _5016_/X
 _5017_/X
 _5018_/X
 _5019_/X
 _5020_/X
 _5021_/X
 _5022_/X
 _5023_/X
 _5024_/X
 _5025_/X
 _5026_/X
 _5027_/X
 _5028_/X
 _5029_/X
 _5030_/X
 _5031_/X
 _5032_/X
 _5033_/X
 _5034_/X
 _5035_/X
 _5036_/X
 _5037_/X
 _5038_/X
 _5039_/X
 _5040_/X
 _5041_/X
 _5042_/X
 _5043_/X
 _5044_/X
 _5045_/X
 _5046_/X
 _5047_/X
 _5048_/X
 _5049_/X
 _5050_/X
 _5051_/X
 _5052_/X
 _5053_/X
 _5054_/X
 _5055_/X
 _5056_/X
 _5057_/X
 _5058_/X
 _5059_/X
 _5060_/X
 _5061_/X
 _5062_/X
 _5063_/X
 _5064_/X
 _5065_/X
 _5066_/X
 _5067_/X
 _5068_/X
 _5069_/X
 _5070_/X
 _5071_/X
 _5072_/X
 _5073_/X
 _5074_/X
 _5075_/X
 _5076_/X
 _5077_/X
 _5078_/X
 _5079_/X
 _5080_/X
 _5081_/X
 _5082_/X
 _5083_/X
 _5084_/X
 _5085_/X
 _5086_/X
 _5087_/X
 _5088_/X
 _5089_/X
 _5090_/X
 _5091_/X
 _5092_/X
 _5093_/X
 _5094_/X
 _5095_/X
 _5096_/X
 _5097_/X
 _5098_/X
 _5099_/X
 _5100_/X
 _5101_/X
 _5102_/X
 _5103_/X
 _5104_/X
 _5105_/X
 _5106_/X
 _5107_/X
 _5108_/X
 _5109_/X
 _5110_/X
 _5111_/X
 _5112_/X
 _5113_/X
 _5114_/X
 _5115_/X
 _5116_/X
 _5117_/X
 _5118_/X
 _5119_/X
 _5120_/X
 _5121_/X
 _5122_/X
 _5123_/X
 _5124_/X
 _5125_/X
 _5126_/X
 _5127_/X
 _5128_/X
 _5129_/X
 _5130_/X
 _5131_/X
 _5132_/X
 _5133_/X
 _5134_/X
 _5135_/X
 _5136_/X
 _5137_/X
 _5138_/X
 _5139_/X
 _5140_/X
 _5141_/X
 _5142_/X
 _5143_/X
 _5144_/X
 _5145_/X
 _5146_/X
 _5147_/X
 _5148_/X
 _5149_/X
 _5150_/X
 _5151_/X
 _5152_/X
 _5153_/X
 _5154_/X
 _5155_/X
 _5156_/X
 _5157_/X
 _5158_/X
 _5159_/X
 _5160_/X
 _5161_/X
 _5162_/X
 _5163_/X
 _5164_/X
 _5165_/X
 _5166_/X
 _5167_/X
 _5168_/X
 _5169_/X
 _5170_/X
 _5171_/X
 _5172_/X
 _5173_/X
 _5174_/X
 _5175_/X
 _5176_/X
 _5177_/X
 _5178_/X
 _5179_/X
 _5180_/X
 _5181_/X
 _5182_/X
 _5183_/X
 _5184_/X
 _5185_/X
 _5186_/X
 _5187_/X
 _5188_/X
 _5189_/X
 _5190_/X
 _5191_/X
 _5192_/X
 _5193_/X
 _5194_/X
 _5195_/X
 _5196_/X
 _5197_/X
 _5198_/X
 _5199_/X
 _5200_/X
 _5201_/X
 _5202_/X
 _5203_/X
 _5204_/X
 _5205_/X
 _5206_/X
 _5207_/X
 _5208_/X
 _5209_/X
 _5210_/X
 _5211_/X
 _5212_/X
 _5213_/X
 _5214_/X
 _5215_/X
 _5216_/X
 _5217_/X
 _5218_/X
 _5219_/X
 _5220_/X
 _5221_/X
 _5222_/X
 _5223_/X
 _5224_/X
 _5225_/X
 _5226_/X
 _5227_/X
 _5228_/X
 _5229_/X
 _5230_/X
 _5231_/X
 _5232_/X
 _5233_/X
 _5234_/X
 _5235_/X
 _5236_/X
 _5237_/X
 _5238_/X
 _5239_/X
 _5240_/X
 _5241_/X
 _5242_/X
 _5243_/X
 _5244_/X
 _5245_/X
 _5246_/X
 _5247_/X
 _5248_/X
 _5249_/X
 _5250_/X
 _5251_/X
 _5252_/X
 _5253_/X
 _5254_/X
 _5255_/X
 _5256_/X
 _5257_/X
 _5258_/X
 _5259_/X
 _5260_/X
 _5261_/X
 _5262_/X
 _5263_/X
 _5264_/X
 _5265_/X
 _5266_/X
 _5267_/X
 _5268_/X
 _5269_/X
 _5270_/X
 _5271_/X
 _5272_/X
 _5273_/X
 _5274_/X
 _5275_/X
 _5276_/X
 _5277_/X
 _5278_/X
 _5279_/X
 _5280_/X
 _5281_/X
 _5282_/X
 _5283_/X
 _5284_/X
 _5285_/X
 _5286_/X
 _5287_/X
 _5288_/X
 _5289_/X
 _5290_/X
 _5291_/X
 _5292_/X
 _5293_/X
 _5294_/X
 _5295_/X
 _5296_/X
 _5297_/X
 _5298_/X
 _5299_/X
 _5300_/X
 _5301_/X
 _5302_/X
 _5303_/X
 _5304_/X
 _5305_/X
 _5306_/X
 _5307_/X
 _5308_/X
 _5309_/X
 _5310_/Y
 _5311_/X
 _5312_/X
 _5313_/X
 _5314_/X
 _5315_/X
 _5316_/X
 _5317_/X
 _5318_/X
 _5319_/X
 _5320_/X
 _5321_/X
 _5322_/X
 _5323_/X
 _5324_/X
 _5325_/X
 _5326_/Y
 _5327_/X
 _5328_/Y
 _5329_/Y
 _5330_/X
 _5331_/X
 _5332_/Y
 _5333_/X
 _5334_/Y
 _5335_/X
 _5336_/X
 _5337_/X
 _5338_/X
 _5339_/Y
 _5340_/Y
 _5341_/X
 _5342_/Y
 _5343_/Y
 _5344_/X
 _5345_/X
 _5346_/X
 _5347_/X
 _5348_/Y
 _5349_/Y
 _5350_/X
 _5351_/Y
 _5352_/Y
 _5353_/X
 _5354_/X
 _5355_/X
 _5356_/X
 _5357_/Y
 _5358_/X
 _5359_/X
 _5360_/X
 _5361_/Y
 _5362_/X
 _5363_/X
 _5364_/Y
 _5365_/Y
 _5366_/X
 _5367_/X
 _5368_/X
 _5369_/X
 _5370_/X
 _5371_/X
 _5372_/X
 _5373_/X
 _5374_/Y
 _5375_/Y
 _5376_/X
 _5377_/X
 _5378_/X
 _5379_/Y
 _5380_/Y
 _5381_/X
 _5382_/Y
 _5383_/Y
 _5384_/X
 _5385_/X
 _5386_/Y
 _5387_/Y
 _5388_/X
 _5389_/Y
 _5390_/Y
 _5391_/X
 _5392_/X
 _5393_/X
 _5394_/Y
 _5395_/X
 _5396_/X
 _5397_/Y
 _5398_/Y
 _5399_/X
 _5400_/Y
 _5401_/Y
 _5402_/Y
 _5403_/X
 _5404_/X
 _5405_/X
 _5406_/X
 _5407_/Y
 _5408_/X
 _5409_/Y
 _5410_/X
 _5411_/X
 _5412_/X
 _5413_/X
 _5414_/Y
 _5415_/X
 _5416_/Y
 _5417_/X
 _5418_/X
 _5419_/X
 _5420_/X
 _5421_/X
 _5422_/X
 _5423_/X
 _5424_/X
 _5425_/Y
 _5426_/X
 _5427_/X
 _5428_/Y
 _5429_/X
 _5430_/X
 _5431_/Y
 _5432_/X
 _5433_/X
 _5434_/X
 _5435_/X
 _5436_/X
 _5437_/X
 _5438_/X
 _5439_/X
 _5440_/X
 _5441_/X
 _5442_/X
 _5443_/X
 _5444_/X
 _5445_/Y
 _5446_/X
 _5447_/Y
 _5448_/X
 _5449_/Y
 _5450_/Y
 _5451_/X
 _5452_/Y
 _5453_/Y
 _5454_/X
 _5455_/X
 _5456_/X
 _5457_/X
 _5458_/X
 _5459_/X
 _5460_/X
 _5461_/X
 _5462_/X
 _5463_/X
 _5464_/X
 _5465_/X
 _5466_/Y
 _5467_/X
 _5468_/X
 _5469_/Y
 _5470_/X
 _5471_/Y
 _5472_/X
 _5473_/X
 _5474_/X
 _5475_/X
 _5476_/Y
 _5477_/Y
 _5478_/X
 _5479_/X
 _5480_/X
 _5481_/X
 _5482_/X
 _5483_/X
 _5484_/X
 _5485_/Y
 _5486_/X
 _5487_/X
 _5488_/X
 _5489_/X
 _5490_/X
 _5491_/X
 _5492_/X
 _5493_/X
 _5494_/X
 _5495_/X
 _5496_/X
 _5497_/X
 _5498_/X
 _5499_/X
 _5500_/Y
 _5501_/X
 _5502_/X
 _5503_/X
 _5504_/Y
 _5505_/Y
 _5506_/X
 _5507_/X
 _5508_/X
 _5509_/X
 _5510_/X
 _5511_/Y
 _5512_/X
 _5513_/X
 _5514_/X
 _5515_/X
 _5516_/X
 _5517_/X
 _5518_/X
 _5519_/X
 _5520_/X
 _5521_/X
 _5522_/X
 _5523_/X
 _5524_/X
 _5525_/Y
 _5526_/X
 _5527_/X
 _5528_/Y
 _5529_/Y
 _5530_/Y
 _5531_/X
 _5532_/X
 _5533_/Y
 _5534_/X
 _5535_/X
 _5536_/X
 _5537_/X
 _5538_/X
 _5539_/X
 _5540_/X
 _5541_/X
 _5542_/Y
 _5543_/X
 _5544_/X
 _5545_/X
 _5546_/Y
 _5547_/Y
 _5548_/Y
 _5549_/X
 _5550_/X
 _5551_/X
 _5552_/Y
 _5553_/X
 _5554_/X
 _5555_/Y
 _5556_/X
 _5557_/X
 _5558_/Y
 _5559_/X
 _5560_/X
 _5561_/X
 _5562_/X
 _5563_/X
 _5564_/X
 _5565_/X
 _5566_/X
 _5567_/X
 _5568_/Y
 _5569_/X
 _5570_/Y
 _5571_/Y
 _5572_/Y
 _5573_/X
 _5574_/Y
 _5575_/X
 _5576_/Y
 _5577_/X
 _5578_/X
 _5579_/X
 _5580_/X
 _5581_/X
 _5582_/X
 _5583_/X
 _5584_/X
 _5585_/X
 _5586_/Y
 _5587_/X
 _5588_/X
 _5589_/Y
 _5590_/Y
 _5591_/Y
 _5592_/Y
 _5593_/Y
 _5594_/Y
 _5595_/X
 _5596_/Y
 _5597_/X
 _5598_/X
 _5599_/X
 _5600_/X
 _5601_/X
 _5602_/X
 _5603_/X
 _5604_/X
 _5605_/X
 _5606_/X
 _5607_/Y
 _5608_/X
 _5609_/X
 _5610_/X
 _5611_/Y
 _5612_/Y
 _5613_/X
 _5614_/Y
 _5615_/X
 _5616_/X
 _5617_/X
 _5618_/Y
 _5619_/X
 _5620_/X
 _5621_/X
 _5622_/X
 _5623_/X
 _5624_/X
 _5625_/X
 _5626_/X
 _5627_/X
 _5628_/X
 _5629_/X
 _5630_/X
 _5631_/X
 _5632_/Y
 _5633_/X
 _5634_/X
 _5635_/X
 _5636_/X
 _5637_/X
 _5638_/X
 _5639_/X
 _5640_/X
 _5641_/X
 _5642_/X
 _5643_/Y
 _5644_/X
 _5645_/Y
 _5646_/X
 _5647_/Y
 _5648_/X
 _5649_/X
 _5650_/Y
 _5651_/X
 _5652_/Y
 _5653_/Y
 _5654_/X
 _5655_/X
 _5656_/X
 _5657_/X
 _5658_/Y
 _5659_/X
 _5660_/X
 _5661_/X
 _5662_/X
 _5663_/X
 _5664_/X
 _5665_/Y
 _5666_/X
 _5667_/Y
 _5668_/Y
 _5669_/X
 _5670_/X
 _5671_/Y
 _5672_/X
 _5673_/X
 _5674_/Y
 _5675_/X
 _5676_/X
 _5677_/X
 _5678_/X
 _5679_/X
 _5680_/X
 _5681_/X
 _5682_/Y
 _5683_/X
 _5684_/Y
 _5685_/Y
 _5686_/Y
 _5687_/Y
 _5688_/X
 _5689_/Y
 _5690_/Y
 _5691_/Y
 _5692_/Y
 _5693_/X
 _5694_/X
 _5695_/X
 _5696_/X
 _5697_/X
 _5698_/X
 _5699_/Y
 _5700_/X
 _5701_/X
 _5702_/X
 _5703_/X
 _5704_/Y
 _5705_/X
 _5706_/Y
 _5707_/X
 _5708_/Y
 _5709_/Y
 _5710_/Y
 _5711_/Y
 _5712_/Y
 _5713_/X
 _5714_/X
 _5715_/X
 _5716_/X
 _5717_/Y
 _5718_/X
 _5719_/Y
 _5720_/Y
 _5721_/X
 _5722_/X
 _5723_/X
 _5724_/Y
 _5725_/Y
 _5726_/X
 _5727_/Y
 _5728_/Y
 _5729_/X
 _5730_/Y
 _5731_/Y
 _5732_/Y
 _5733_/X
 _5734_/X
 _5735_/X
 _5736_/X
 _5737_/X
 _5738_/X
 _5739_/X
 _5740_/X
 _5741_/X
 _5742_/Y
 _5743_/X
 _5744_/Y
 _5745_/X
 _5746_/X
 _5747_/Y
 _5748_/X
 _5749_/X
 _5750_/X
 _5751_/X
 _5752_/X
 _5753_/X
 _5754_/X
 _5755_/X
 _5756_/Y
 _5757_/Y
 _5758_/X
 _5759_/Y
 _5760_/Y
 _5761_/Y
 _5762_/X
 _5763_/Y
 _5764_/Y
 _5765_/X
 _5766_/Y
 _5767_/X
 _5768_/X
 _5769_/X
 _5770_/X
 _5771_/Y
 _5772_/Y
 _5773_/Y
 _5774_/Y
 _5775_/Y
 _5776_/Y
 _5777_/Y
 _5778_/Y
 _5779_/Y
 _5780_/X
 _5781_/X
 _5782_/X
 _5783_/X
 _5784_/X
 _5785_/Y
 _5786_/Y
 _5787_/X
 _5788_/X
 _5789_/Y
 _5790_/X
 _5791_/X
 _5792_/Y
 _5793_/X
 _5794_/X
 _5795_/X
 _5796_/X
 _5797_/X
 _5798_/Y
 _5799_/Y
 _5800_/Y
 _5801_/Y
 _5802_/Y
 _5803_/X
 _5804_/Y
 _5805_/Y
 _5806_/X
 _5807_/X
 _5808_/X
 _5809_/X
 _5810_/Y
 _5811_/X
 _5812_/X
 _5813_/X
 _5814_/X
 _5815_/X
 _5816_/X
 _5817_/X
 _5818_/Y
 _5819_/Y
 _5820_/Y
 _5821_/X
 _5822_/X
 _5823_/X
 _5824_/X
 _5825_/X
 _5826_/Y
 _5827_/X
 _5828_/Y
 _5829_/X
 _5830_/X
 _5831_/Y
 _5832_/X
 _5833_/X
 _5834_/Y
 _5835_/X
 _5836_/X
 _5837_/X
 _5838_/X
 _5839_/X
 _5840_/Y
 _5841_/X
 _5842_/X
 _5843_/X
 _5844_/Y
 _5845_/Y
 _5846_/Y
 _5847_/X
 _5848_/X
 _5849_/Y
 _5850_/Y
 _5851_/X
 _5852_/X
 _5853_/X
 _5854_/X
 _5855_/X
 _5856_/Y
 _5857_/X
 _5858_/Y
 _5859_/Y
 _5860_/Y
 _5861_/X
 _5862_/Y
 _5863_/X
 _5864_/X
 _5865_/X
 _5866_/X
 _5867_/X
 _5868_/Y
 _5869_/X
 _5870_/X
 _5871_/X
 _5872_/X
 _5873_/X
 _5874_/Y
 _5875_/X
 _5876_/Y
 _5877_/X
 _5878_/X
 _5879_/Y
 _5880_/X
 _5881_/Y
 _5882_/Y
 _5883_/Y
 _5884_/X
 _5885_/Y
 _5886_/Y
 _5887_/Y
 _5888_/X
 _5889_/X
 _5890_/X
 _5891_/Y
 _5892_/Y
 _5893_/Y
 _5894_/X
 _5895_/Y
 _5896_/X
 _5897_/X
 _5898_/X
 _5899_/X
 _5900_/X
 _5901_/Y
 _5902_/X
 _5903_/X
 _5904_/X
 _5905_/X
 _5906_/X
 _5907_/X
 _5908_/Y
 _5909_/Y
 _5910_/X
 _5911_/Y
 _5912_/Y
 _5913_/X
 _5914_/X
 _5915_/X
 _5916_/X
 _5917_/X
 _5918_/X
 _5919_/X
 _5920_/X
 _5921_/X
 _5922_/X
 _5923_/X
 _5924_/X
 _5925_/Y
 _5926_/Y
 _5927_/Y
 _5928_/Y
 _5929_/Y
 _5930_/Y
 _5931_/X
 _5932_/X
 _5933_/X
 _5934_/X
 _5935_/X
 _5936_/X
 _5937_/X
 _5938_/X
 _5939_/Y
 _5940_/X
 _5941_/Y
 _5942_/X
 _5943_/Y
 _5944_/X
 _5945_/X
 _5946_/X
 _5947_/X
 _5948_/X
 _5949_/X
 _5950_/Y
 _5951_/Y
 _5952_/Y
 _5953_/Y
 _5954_/X
 _5955_/Y
 _5956_/X
 _5957_/Y
 _5958_/X
 _5959_/X
 _5960_/X
 _5961_/X
 _5962_/X
 _5963_/Y
 _5964_/X
 _5965_/Y
 _5966_/Y
 _5967_/X
 _5968_/Y
 _5969_/Y
 _5970_/X
 _5971_/Y
 _5972_/Y
 _5973_/X
 _5974_/X
 _5975_/X
 _5976_/X
 _5977_/X
 _5978_/Y
 _5979_/X
 _5980_/X
 _5981_/Y
 _5982_/X
 _5983_/Y
 _5984_/Y
 _5985_/X
 _5986_/X
 _5987_/X
 _5988_/X
 _5989_/X
 _5990_/X
 _5991_/Y
 _5992_/X
 _5993_/X
 _5994_/Y
 _5995_/Y
 _5996_/X
 _5997_/X
 _5998_/X
 _5999_/X
 _6000_/X
 _6001_/X
 _6002_/X
 _6003_/X
 _6004_/X
 _6005_/X
 _6006_/X
 _6007_/X
 _6008_/X
 _6009_/X
 _6010_/X
 _6011_/X
 _6012_/X
 _6013_/X
 _6014_/X
 _6015_/X
 _6016_/X
 _6017_/X
 _6018_/X
 _6019_/X
 _6020_/X
 _6021_/X
 _6022_/X
 _6023_/X
 _6024_/X
 _6025_/X
 _6026_/X
 _6027_/X
 _6028_/X
 _6029_/X
 _6030_/X
 _6031_/X
 _6032_/X
 _6033_/X
 _6034_/X
 _6035_/X
 _6036_/X
 _6037_/X
 _6038_/X
 _6039_/X
 _6040_/X
 _6041_/X
 _6042_/X
 _6043_/X
 _6044_/X
 _6045_/X
 _6046_/X
 _6047_/X
 _6048_/X
 _6049_/X
 _6050_/X
 _6051_/X
 _6052_/X
 _6053_/X
 _6054_/X
 _6055_/X
 _6056_/X
 _6057_/X
 _6058_/X
 _6059_/X
 _6060_/X
 _6061_/X
 _6062_/X
 _6063_/X
 _6064_/X
 _6065_/X
 _6066_/X
 _6067_/X
 _6068_/X
 _6069_/X
 _6070_/X
 _6071_/X
 _6072_/X
 _6073_/X
 _6074_/X
 _6075_/X
 _6076_/X
 _6077_/X
 _6078_/X
 _6079_/X
 _6080_/X
 _6081_/X
 _6082_/X
 _6083_/X
 _6084_/X
 _6085_/X
 _6086_/X
 _6087_/X
 _6088_/X
 _6089_/X
 _6090_/X
 _6091_/X
 _6092_/X
 _6093_/X
 _6094_/X
 _6095_/X
 _6096_/X
 _6097_/Y
 _6098_/X
 _6099_/X
 _6100_/X
 _6101_/X
 _6102_/X
 _6103_/X
 _6104_/X
 _6105_/X
 _6106_/X
 _6107_/X
 _6108_/X
 _6109_/X
 _6110_/X
 _6111_/X
 _6112_/X
 _6113_/X
 _6114_/X
 _6115_/X
 _6116_/X
 _6117_/X
 _6118_/X
 _6119_/X
 _6120_/X
 _6121_/X
 _6122_/X
 _6123_/X
 _6124_/X
 _6125_/X
 _6126_/X
 _6127_/X
 _6128_/X
 _6129_/X
 _6130_/X
 _6131_/X
 _6132_/X
 _6133_/X
 _6134_/X
 _6135_/X
 _6136_/X
 _6137_/X
 _6138_/X
 _6139_/X
 _6140_/X
 _6141_/X
 _6142_/X
 _6143_/X
 _6144_/X
 _6145_/X
 _6146_/X
 _6147_/X
 _6148_/X
 _6149_/X
 _6150_/X
 _6151_/X
 _6152_/X
 _6153_/X
 _6154_/X
 _6155_/X
 _6156_/X
 _6157_/X
 _6158_/X
 _6159_/X
 _6160_/X
 _6161_/X
 _6162_/X
 _6163_/X
 _6164_/X
 _6165_/X
 _6166_/X
 _6167_/X
 _6168_/X
 _6169_/X
 _6170_/X
 _6171_/X
 _6172_/X
 _6173_/X
 _6174_/X
 _6175_/X
 _6176_/X
 _6177_/X
 _6178_/X
 _6179_/X
 _6180_/X
 _6181_/X
 _6182_/X
 _6183_/X
 _6184_/X
 _6185_/X
 _6186_/X
 _6187_/X
 _6188_/X
 _6189_/X
 _6190_/X
 _6191_/X
 _6192_/X
 _6193_/X
 _6194_/X
 _6195_/X
 _6196_/X
 _6197_/Y
 _6198_/X
 _6199_/X
 _6200_/X
 _6201_/X
 _6202_/X
 _6203_/X
 _6204_/X
 _6205_/X
 _6206_/X
 _6207_/X
 _6208_/X
 _6209_/X
 _6210_/X
 _6211_/X
 _6212_/X
 _6213_/X
 _6214_/X
 _6215_/X
 _6216_/X
 _6217_/X
 _6218_/X
 _6219_/X
 _6220_/X
 _6221_/X
 _6222_/X
 _6223_/X
 _6224_/X
 _6225_/X
 _6226_/X
 _6227_/X
 _6228_/X
 _6229_/X
 _6230_/X
 _6231_/X
 _6232_/X
 _6233_/X
 _6234_/X
 _6235_/X
 _6236_/X
 _6237_/X
 _6238_/X
 _6239_/X
 _6240_/X
 _6241_/X
 _6242_/X
 _6243_/X
 _6244_/X
 _6245_/X
 _6246_/X
 _6247_/X
 _6248_/X
 _6249_/X
 _6250_/X
 _6251_/X
 _6252_/X
 _6253_/X
 _6254_/X
 _6255_/X
 _6256_/X
 _6257_/X
 _6258_/X
 _6259_/X
 _6260_/X
 _6261_/X
 _6262_/X
 _6263_/X
 _6264_/X
 _6265_/Y
 _6266_/X
 _6267_/Y
 _6268_/X
 _6269_/X
 _6270_/X
 _6271_/X
 _6272_/X
 _6273_/X
 _6274_/X
 _6275_/X
 _6276_/X
 _6277_/X
 _6278_/X
 _6279_/X
 _6280_/X
 _6281_/X
 _6282_/X
 _6283_/X
 _6284_/X
 _6285_/X
 _6286_/X
 _6287_/X
 _6288_/X
 _6289_/X
 _6290_/X
 _6291_/X
 _6292_/X
 _6293_/X
 _6294_/X
 _6295_/X
 _6296_/X
 _6297_/X
 _6298_/X
 _6299_/X
 _6300_/X
 _6301_/X
 _6302_/X
 _6303_/X
 _6304_/X
 _6305_/X
 _6306_/X
 _6307_/X
 _6308_/X
 _6309_/X
 _6310_/X
 _6311_/X
 _6312_/X
 _6313_/X
 _6314_/X
 _6315_/X
 _6316_/X
 _6317_/X
 _6318_/X
 _6319_/X
 _6320_/X
 _6321_/X
 _6322_/X
 _6323_/X
 _6324_/X
 _6325_/X
 _6326_/X
 _6327_/X
 _6328_/X
 _6329_/X
 _6330_/X
 _6331_/X
 _6332_/X
 _6333_/X
 _6334_/X
 _6335_/Y
 _6336_/Y
 _6337_/X
 _6338_/X
 _6339_/X
 _6340_/X
 _6341_/X
 _6342_/X
 _6343_/X
 _6344_/X
 _6345_/X
 _6346_/X
 _6347_/X
 _6348_/X
 _6349_/X
 _6350_/X
 _6351_/X
 _6352_/X
 _6353_/X
 _6354_/X
 _6355_/X
 _6356_/X
 _6357_/X
 _6358_/X
 _6359_/X
 _6360_/X
 _6361_/X
 _6362_/X
 _6363_/X
 _6364_/X
 _6365_/X
 _6366_/X
 _6367_/X
 _6368_/X
 _6369_/X
 _6370_/X
 _6371_/X
 _6372_/X
 _6373_/X
 _6374_/X
 _6375_/X
 _6376_/X
 _6377_/X
 _6378_/X
 _6379_/X
 _6380_/X
 _6381_/X
 _6382_/X
 _6383_/X
 _6384_/X
 _6385_/X
 _6386_/X
 _6387_/X
 _6388_/X
 _6389_/X
 _6390_/X
 _6391_/X
 _6392_/X
 _6393_/X
 _6394_/X
 _6395_/X
 _6396_/X
 _6397_/X
 _6398_/X
 _6399_/X
 _6400_/X
 _6401_/X
 _6402_/X
 _6403_/X
 _6404_/X
 _6405_/X
 _6406_/Y
 _6407_/X
 _6408_/X
 _6409_/X
 _6410_/X
 _6411_/X
 _6412_/X
 _6413_/X
 _6414_/X
 _6415_/X
 _6416_/X
 _6417_/X
 _6418_/X
 _6419_/X
 _6420_/X
 _6421_/X
 _6422_/X
 _6423_/X
 _6424_/X
 _6425_/X
 _6426_/X
 _6427_/X
 _6428_/X
 _6429_/X
 _6430_/X
 _6431_/X
 _6432_/X
 _6433_/X
 _6434_/X
 _6435_/X
 _6436_/X
 _6437_/X
 _6438_/X
 _6439_/X
 _6440_/X
 _6441_/X
 _6442_/X
 _6443_/X
 _6444_/X
 _6445_/X
 _6446_/X
 _6447_/X
 _6448_/X
 _6449_/X
 _6450_/X
 _6451_/X
 _6452_/X
 _6453_/X
 _6454_/X
 _6455_/X
 _6456_/X
 _6457_/X
 _6458_/X
 _6459_/X
 _6460_/X
 _6461_/X
 _6462_/X
 _6463_/X
 _6464_/X
 _6465_/X
 _6466_/X
 _6467_/X
 _6468_/X
 _6469_/X
 _6470_/X
 _6471_/X
 _6472_/X
 _6473_/X
 _6474_/X
 _6475_/X
 _6476_/Y
 _6477_/X
 _6478_/X
 _6479_/X
 _6480_/X
 _6481_/X
 _6482_/X
 _6483_/X
 _6484_/X
 _6485_/X
 _6486_/X
 _6487_/X
 _6488_/X
 _6489_/X
 _6490_/X
 _6491_/X
 _6492_/X
 _6493_/X
 _6494_/X
 _6495_/X
 _6496_/X
 _6497_/X
 _6498_/X
 _6499_/X
 _6500_/X
 _6501_/X
 _6502_/X
 _6503_/X
 _6504_/X
 _6505_/X
 _6506_/X
 _6507_/X
 _6508_/X
 _6509_/X
 _6510_/X
 _6511_/X
 _6512_/X
 _6513_/X
 _6514_/X
 _6515_/X
 _6516_/X
 _6517_/X
 _6518_/X
 _6519_/X
 _6520_/X
 _6521_/X
 _6522_/X
 _6523_/X
 _6524_/X
 _6525_/X
 _6526_/X
 _6527_/X
 _6528_/X
 _6529_/X
 _6530_/X
 _6531_/X
 _6532_/X
 _6533_/X
 _6534_/X
 _6535_/X
 _6536_/X
 _6537_/X
 _6538_/X
 _6539_/X
 _6540_/X
 _6541_/X
 _6542_/X
 _6543_/X
 _6544_/Y
 _6545_/Y
 _6546_/X
 _6547_/X
 _6548_/X
 _6549_/X
 _6550_/X
 _6551_/X
 _6552_/X
 _6553_/X
 _6554_/X
 _6555_/X
 _6556_/X
 _6557_/X
 _6558_/X
 _6559_/X
 _6560_/X
 _6561_/X
 _6562_/X
 _6563_/X
 _6564_/X
 _6565_/X
 _6566_/X
 _6567_/X
 _6568_/X
 _6569_/X
 _6570_/X
 _6571_/X
 _6572_/X
 _6573_/X
 _6574_/X
 _6575_/X
 _6576_/X
 _6577_/X
 _6578_/X
 _6579_/X
 _6580_/X
 _6581_/X
 _6582_/X
 _6583_/X
 _6584_/X
 _6585_/X
 _6586_/X
 _6587_/X
 _6588_/X
 _6589_/X
 _6590_/X
 _6591_/X
 _6592_/X
 _6593_/X
 _6594_/X
 _6595_/X
 _6596_/X
 _6597_/X
 _6598_/X
 _6599_/X
 _6600_/X
 _6601_/X
 _6602_/X
 _6603_/X
 _6604_/X
 _6605_/X
 _6606_/X
 _6607_/X
 _6608_/X
 _6609_/X
 _6610_/X
 _6611_/X
 _6612_/X
 _6613_/Y
 _6614_/X
 _6615_/X
 _6616_/X
 _6617_/X
 _6618_/X
 _6619_/X
 _6620_/X
 _6621_/X
 _6622_/X
 _6623_/X
 _6624_/X
 _6625_/X
 _6626_/X
 _6627_/X
 _6628_/X
 _6629_/X
 _6630_/X
 _6631_/X
 _6632_/X
 _6633_/X
 _6634_/X
 _6635_/X
 _6636_/X
 _6637_/X
 _6638_/X
 _6639_/X
 _6640_/X
 _6641_/X
 _6642_/X
 _6643_/X
 _6644_/X
 _6645_/X
 _6646_/X
 _6647_/X
 _6648_/X
 _6649_/X
 _6650_/X
 _6651_/X
 _6652_/X
 _6653_/X
 _6654_/X
 _6655_/X
 _6656_/X
 _6657_/X
 _6658_/X
 _6659_/X
 _6660_/X
 _6661_/X
 _6662_/X
 _6663_/X
 _6664_/X
 _6665_/X
 _6666_/X
 _6667_/X
 _6668_/X
 _6669_/X
 _6670_/X
 _6671_/X
 _6672_/X
 _6673_/X
 _6674_/X
 _6675_/X
 _6676_/X
 _6677_/X
 _6678_/X
 _6679_/X
 _6680_/X
 _6681_/Y
 _6682_/X
 _6683_/X
 _6684_/X
 _6685_/X
 _6686_/X
 _6687_/X
 _6688_/X
 _6689_/X
 _6690_/X
 _6691_/X
 _6692_/X
 _6693_/X
 _6694_/X
 _6695_/X
 _6696_/X
 _6697_/X
 _6698_/X
 _6699_/X
 _6700_/X
 _6701_/X
 _6702_/X
 _6703_/X
 _6704_/X
 _6705_/X
 _6706_/X
 _6707_/X
 _6708_/X
 _6709_/X
 _6710_/X
 _6711_/X
 _6712_/X
 _6713_/X
 _6714_/X
 _6715_/X
 _6716_/X
 _6717_/X
 _6718_/X
 _6719_/X
 _6720_/X
 _6721_/X
 _6722_/X
 _6723_/X
 _6724_/X
 _6725_/X
 _6726_/X
 _6727_/X
 _6728_/X
 _6729_/X
 _6730_/X
 _6731_/X
 _6732_/X
 _6733_/X
 _6734_/X
 _6735_/X
 _6736_/X
 _6737_/X
 _6738_/X
 _6739_/X
 _6740_/X
 _6741_/X
 _6742_/X
 _6743_/X
 _6744_/X
 _6745_/X
 _6746_/X
 _6747_/X
 _6748_/X
 _6749_/X
 _6750_/X
 _6751_/Y
 _6752_/X
 _6753_/X
 _6754_/X
 _6755_/X
 _6756_/X
 _6757_/X
 _6758_/X
 _6759_/X
 _6760_/X
 _6761_/X
 _6762_/X
 _6763_/X
 _6764_/X
 _6765_/X
 _6766_/X
 _6767_/X
 _6768_/X
 _6769_/X
 _6770_/X
 _6771_/X
 _6772_/X
 _6773_/X
 _6774_/X
 _6775_/X
 _6776_/X
 _6777_/X
 _6778_/X
 _6779_/X
 _6780_/X
 _6781_/X
 _6782_/X
 _6783_/X
 _6784_/X
 _6785_/X
 _6786_/X
 _6787_/X
 _6788_/X
 _6789_/X
 _6790_/X
 _6791_/X
 _6792_/X
 _6793_/X
 _6794_/X
 _6795_/X
 _6796_/X
 _6797_/X
 _6798_/X
 _6799_/X
 _6800_/X
 _6801_/X
 _6802_/X
 _6803_/X
 _6804_/X
 _6805_/X
 _6806_/X
 _6807_/X
 _6808_/X
 _6809_/X
 _6810_/X
 _6811_/X
 _6812_/X
 _6813_/X
 _6814_/X
 _6815_/X
 _6816_/X
 _6817_/X
 _6818_/X
 _6819_/Y
 _6820_/X
 _6821_/X
 _6822_/X
 _6823_/X
 _6824_/X
 _6825_/X
 _6826_/X
 _6827_/X
 _6828_/X
 _6829_/X
 _6830_/X
 _6831_/X
 _6832_/X
 _6833_/X
 _6834_/X
 _6835_/X
 _6836_/X
 _6837_/X
 _6838_/X
 _6839_/X
 _6840_/X
 _6841_/X
 _6842_/X
 _6843_/X
 _6844_/X
 _6845_/X
 _6846_/X
 _6847_/X
 _6848_/X
 _6849_/X
 _6850_/X
 _6851_/X
 _6852_/X
 _6853_/X
 _6854_/X
 _6855_/X
 _6856_/X
 _6857_/X
 _6858_/X
 _6859_/X
 _6860_/X
 _6861_/X
 _6862_/X
 _6863_/X
 _6864_/X
 _6865_/X
 _6866_/X
 _6867_/X
 _6868_/X
 _6869_/X
 _6870_/X
 _6871_/X
 _6872_/X
 _6873_/X
 _6874_/X
 _6875_/X
 _6876_/X
 _6877_/X
 _6878_/X
 _6879_/X
 _6880_/X
 _6881_/X
 _6882_/X
 _6883_/X
 _6884_/X
 _6885_/X
 _6886_/X
 _6887_/X
 _6888_/X
 _6889_/Y
 _6890_/X
 _6891_/X
 _6892_/X
 _6893_/X
 _6894_/X
 _6895_/X
 _6896_/X
 _6897_/X
 _6898_/X
 _6899_/X
 _6900_/X
 _6901_/X
 _6902_/X
 _6903_/X
 _6904_/X
 _6905_/X
 _6906_/X
 _6907_/X
 _6908_/X
 _6909_/X
 _6910_/X
 _6911_/X
 _6912_/X
 _6913_/X
 _6914_/X
 _6915_/X
 _6916_/X
 _6917_/X
 _6918_/X
 _6919_/X
 _6920_/X
 _6921_/X
 _6922_/X
 _6923_/X
 _6924_/X
 _6925_/X
 _6926_/X
 _6927_/X
 _6928_/X
 _6929_/X
 _6930_/X
 _6931_/X
 _6932_/X
 _6933_/X
 _6934_/X
 _6935_/X
 _6936_/X
 _6937_/X
 _6938_/X
 _6939_/X
 _6940_/X
 _6941_/X
 _6942_/X
 _6943_/X
 _6944_/X
 _6945_/X
 _6946_/X
 _6947_/X
 _6948_/X
 _6949_/X
 _6950_/X
 _6951_/X
 _6952_/X
 _6953_/X
 _6954_/X
 _6955_/X
 _6956_/X
 _6957_/X
 _6958_/X
 _6959_/X
 _6960_/X
 _6961_/X
 _6962_/X
 _6963_/X
 _6964_/X
 _6965_/X
 _6966_/X
 _6967_/X
 _6968_/X
 _6969_/X
 _6970_/X
 _6971_/X
 _6972_/X
 _6973_/X
 _6974_/X
 _6975_/X
 _6976_/X
 _6977_/X
 _6978_/X
 _6979_/X
 _6980_/X
 _6981_/X
 _6982_/X
 _6983_/X
 _6984_/X
 _6985_/X
 _6986_/X
 _6987_/X
 _6988_/Y
 _6989_/X
 _6990_/X
 _6991_/X
 _6992_/X
 _6993_/X
 _6994_/X
 _6995_/X
 _6996_/X
 _6997_/X
 _6998_/X
 _6999_/X
 _7000_/X
 _7001_/X
 _7002_/X
 _7003_/X
 _7004_/X
 _7005_/X
 _7006_/X
 _7007_/X
 _7008_/X
 _7009_/X
 _7010_/X
 _7011_/X
 _7012_/X
 _7013_/X
 _7014_/X
 _7015_/X
 _7016_/X
 _7017_/X
 _7018_/X
 _7019_/X
 _7020_/X
 _7021_/X
 _7022_/X
 _7023_/X
 _7024_/X
 _7025_/X
 _7026_/X
 _7027_/X
 _7028_/X
 _7029_/X
 _7030_/X
 _7031_/X
 _7032_/X
 _7033_/X
 _7034_/X
 _7035_/X
 _7036_/X
 _7037_/X
 _7038_/X
 _7039_/X
 _7040_/X
 _7041_/X
 _7042_/X
 _7043_/X
 _7044_/X
 _7045_/X
 _7046_/X
 _7047_/X
 _7048_/X
 _7049_/X
 _7050_/X
 _7051_/X
 _7052_/X
 _7053_/X
 _7054_/X
 _7055_/X
 _7056_/X
 _7057_/Y
 _7058_/X
 _7059_/X
 _7060_/X
 _7061_/X
 _7062_/X
 _7063_/X
 _7064_/X
 _7065_/X
 _7066_/X
 _7067_/X
 _7068_/X
 _7069_/X
 _7070_/X
 _7071_/X
 _7072_/X
 _7073_/X
 _7074_/X
 _7075_/X
 _7076_/X
 _7077_/X
 _7078_/X
 _7079_/X
 _7080_/X
 _7081_/X
 _7082_/X
 _7083_/X
 _7084_/X
 _7085_/X
 _7086_/X
 _7087_/X
 _7088_/X
 _7089_/X
 _7090_/X
 _7091_/X
 _7092_/X
 _7093_/X
 _7094_/X
 _7095_/X
 _7096_/X
 _7097_/X
 _7098_/X
 _7099_/X
 _7100_/X
 _7101_/X
 _7102_/X
 _7103_/X
 _7104_/X
 _7105_/X
 _7106_/X
 _7107_/X
 _7108_/X
 _7109_/X
 _7110_/X
 _7111_/X
 _7112_/X
 _7113_/X
 _7114_/X
 _7115_/X
 _7116_/X
 _7117_/X
 _7118_/X
 _7119_/X
 _7120_/X
 _7121_/X
 _7122_/X
 _7123_/X
 _7124_/X
 _7125_/Y
 _7126_/X
 _7127_/X
 _7128_/X
 _7129_/X
 _7130_/X
 _7131_/X
 _7132_/X
 _7133_/X
 _7134_/X
 _7135_/X
 _7136_/X
 _7137_/X
 _7138_/X
 _7139_/X
 _7140_/X
 _7141_/X
 _7142_/X
 _7143_/X
 _7144_/X
 _7145_/X
 _7146_/X
 _7147_/X
 _7148_/X
 _7149_/X
 _7150_/X
 _7151_/X
 _7152_/X
 _7153_/X
 _7154_/X
 _7155_/X
 _7156_/X
 _7157_/X
 _7158_/X
 _7159_/X
 _7160_/X
 _7161_/X
 _7162_/X
 _7163_/X
 _7164_/X
 _7165_/X
 _7166_/X
 _7167_/X
 _7168_/X
 _7169_/X
 _7170_/X
 _7171_/X
 _7172_/X
 _7173_/X
 _7174_/X
 _7175_/X
 _7176_/X
 _7177_/X
 _7178_/X
 _7179_/X
 _7180_/X
 _7181_/X
 _7182_/X
 _7183_/X
 _7184_/X
 _7185_/X
 _7186_/X
 _7187_/X
 _7188_/X
 _7189_/X
 _7190_/X
 _7191_/X
 _7192_/X
 _7193_/Y
 _7194_/X
 _7195_/X
 _7196_/X
 _7197_/X
 _7198_/X
 _7199_/X
 _7200_/X
 _7201_/X
 _7202_/X
 _7203_/X
 _7204_/X
 _7205_/X
 _7206_/X
 _7207_/X
 _7208_/X
 _7209_/X
 _7210_/X
 _7211_/X
 _7212_/X
 _7213_/X
 _7214_/X
 _7215_/X
 _7216_/X
 _7217_/X
 _7218_/X
 _7219_/X
 _7220_/X
 _7221_/X
 _7222_/X
 _7223_/X
 _7224_/X
 _7225_/X
 _7226_/X
 _7227_/X
 _7228_/X
 _7229_/X
 _7230_/X
 _7231_/X
 _7232_/X
 _7233_/X
 _7234_/X
 _7235_/X
 _7236_/X
 _7237_/X
 _7238_/X
 _7239_/X
 _7240_/X
 _7241_/X
 _7242_/X
 _7243_/X
 _7244_/X
 _7245_/X
 _7246_/X
 _7247_/X
 _7248_/X
 _7249_/X
 _7250_/X
 _7251_/X
 _7252_/X
 _7253_/X
 _7254_/X
 _7255_/X
 _7256_/X
 _7257_/X
 _7258_/X
 _7259_/X
 _7260_/X
 _7261_/Y
 _7262_/X
 _7263_/X
 _7264_/X
 _7265_/X
 _7266_/X
 _7267_/X
 _7268_/X
 _7269_/X
 _7270_/X
 _7271_/X
 _7272_/X
 _7273_/X
 _7274_/X
 _7275_/X
 _7276_/X
 _7277_/X
 _7278_/X
 _7279_/X
 _7280_/X
 _7281_/X
 _7282_/X
 _7283_/X
 _7284_/X
 _7285_/X
 _7286_/X
 _7287_/X
 _7288_/X
 _7289_/X
 _7290_/X
 _7291_/X
 _7292_/X
 _7293_/X
 _7294_/X
 _7295_/X
 _7296_/X
 _7297_/X
 _7298_/X
 _7299_/X
 _7300_/X
 _7301_/X
 _7302_/X
 _7303_/X
 _7304_/X
 _7305_/X
 _7306_/X
 _7307_/X
 _7308_/X
 _7309_/X
 _7310_/X
 _7311_/X
 _7312_/X
 _7313_/X
 _7314_/X
 _7315_/X
 _7316_/X
 _7317_/X
 _7318_/X
 _7319_/X
 _7320_/X
 _7321_/X
 _7322_/X
 _7323_/X
 _7324_/X
 _7325_/X
 _7326_/X
 _7327_/X
 _7328_/X
 _7329_/Y
 _7330_/X
 _7331_/X
 _7332_/X
 _7333_/X
 _7334_/X
 _7335_/X
 _7336_/X
 _7337_/X
 _7338_/X
 _7339_/X
 _7340_/X
 _7341_/X
 _7342_/X
 _7343_/X
 _7344_/X
 _7345_/X
 _7346_/X
 _7347_/X
 _7348_/X
 _7349_/X
 _7350_/X
 _7351_/X
 _7352_/X
 _7353_/X
 _7354_/X
 _7355_/X
 _7356_/X
 _7357_/X
 _7358_/X
 _7359_/X
 _7360_/X
 _7361_/X
 _7362_/X
 _7363_/X
 _7364_/X
 _7365_/X
 _7366_/X
 _7367_/X
 _7368_/X
 _7369_/X
 _7370_/X
 _7371_/X
 _7372_/X
 _7373_/X
 _7374_/X
 _7375_/X
 _7376_/X
 _7377_/X
 _7378_/X
 _7379_/X
 _7380_/X
 _7381_/X
 _7382_/X
 _7383_/X
 _7384_/X
 _7385_/X
 _7386_/X
 _7387_/X
 _7388_/X
 _7389_/X
 _7390_/X
 _7391_/X
 _7392_/X
 _7393_/X
 _7394_/X
 _7395_/X
 _7396_/X
 _7397_/Y
 _7398_/X
 _7399_/X
 _7400_/X
 _7401_/X
 _7402_/X
 _7403_/X
 _7404_/X
 _7405_/X
 _7406_/X
 _7407_/X
 _7408_/X
 _7409_/X
 _7410_/X
 _7411_/X
 _7412_/X
 _7413_/X
 _7414_/X
 _7415_/X
 _7416_/X
 _7417_/X
 _7418_/X
 _7419_/X
 _7420_/X
 _7421_/X
 _7422_/X
 _7423_/X
 _7424_/X
 _7425_/X
 _7426_/X
 _7427_/X
 _7428_/X
 _7429_/X
 _7430_/X
 _7431_/X
 _7432_/X
 _7433_/X
 _7434_/X
 _7435_/X
 _7436_/X
 _7437_/X
 _7438_/X
 _7439_/X
 _7440_/X
 _7441_/X
 _7442_/X
 _7443_/X
 _7444_/X
 _7445_/X
 _7446_/X
 _7447_/X
 _7448_/X
 _7449_/X
 _7450_/X
 _7451_/X
 _7452_/X
 _7453_/X
 _7454_/X
 _7455_/X
 _7456_/X
 _7457_/X
 _7458_/X
 _7459_/X
 _7460_/X
 _7461_/X
 _7462_/X
 _7463_/X
 _7464_/X
 _7465_/Y
 _7466_/X
 _7467_/X
 _7468_/X
 _7469_/X
 _7470_/X
 _7471_/X
 _7472_/X
 _7473_/X
 _7474_/X
 _7475_/X
 _7476_/X
 _7477_/X
 _7478_/X
 _7479_/X
 _7480_/X
 _7481_/X
 _7482_/X
 _7483_/X
 _7484_/X
 _7485_/X
 _7486_/X
 _7487_/X
 _7488_/X
 _7489_/X
 _7490_/X
 _7491_/X
 _7492_/X
 _7493_/X
 _7494_/X
 _7495_/X
 _7496_/X
 _7497_/X
 _7498_/X
 _7499_/X
 _7500_/X
 _7501_/X
 _7502_/X
 _7503_/X
 _7504_/X
 _7505_/X
 _7506_/X
 _7507_/X
 _7508_/X
 _7509_/X
 _7510_/X
 _7511_/X
 _7512_/X
 _7513_/X
 _7514_/X
 _7515_/X
 _7516_/X
 _7517_/X
 _7518_/X
 _7519_/X
 _7520_/X
 _7521_/X
 _7522_/X
 _7523_/X
 _7524_/X
 _7525_/X
 _7526_/X
 _7527_/X
 _7528_/X
 _7529_/X
 _7530_/X
 _7531_/X
 _7532_/X
 _7533_/Y
 _7534_/X
 _7535_/X
 _7536_/X
 _7537_/X
 _7538_/X
 _7539_/X
 _7540_/X
 _7541_/X
 _7542_/X
 _7543_/X
 _7544_/X
 _7545_/X
 _7546_/X
 _7547_/X
 _7548_/X
 _7549_/X
 _7550_/X
 _7551_/X
 _7552_/X
 _7553_/X
 _7554_/X
 _7555_/X
 _7556_/X
 _7557_/X
 _7558_/X
 _7559_/X
 _7560_/X
 _7561_/X
 _7562_/X
 _7563_/X
 _7564_/X
 _7565_/X
 _7566_/X
 _7567_/X
 _7568_/X
 _7569_/X
 _7570_/X
 _7571_/X
 _7572_/X
 _7573_/X
 _7574_/X
 _7575_/X
 _7576_/X
 _7577_/X
 _7578_/X
 _7579_/X
 _7580_/X
 _7581_/X
 _7582_/X
 _7583_/X
 _7584_/X
 _7585_/X
 _7586_/X
 _7587_/X
 _7588_/X
 _7589_/X
 _7590_/X
 _7591_/X
 _7592_/X
 _7593_/X
 _7594_/X
 _7595_/X
 _7596_/X
 _7597_/X
 _7598_/X
 _7599_/X
 _7600_/X
 _7601_/Y
 _7602_/X
 _7603_/X
 _7604_/X
 _7605_/X
 _7606_/X
 _7607_/X
 _7608_/X
 _7609_/X
 _7610_/X
 _7611_/X
 _7612_/X
 _7613_/X
 _7614_/X
 _7615_/X
 _7616_/X
 _7617_/X
 _7618_/X
 _7619_/X
 _7620_/X
 _7621_/X
 _7622_/X
 _7623_/X
 _7624_/X
 _7625_/X
 _7626_/X
 _7627_/X
 _7628_/X
 _7629_/X
 _7630_/X
 _7631_/X
 _7632_/X
 _7633_/X
 _7634_/X
 _7635_/X
 _7636_/X
 _7637_/X
 _7638_/X
 _7639_/X
 _7640_/X
 _7641_/X
 _7642_/X
 _7643_/X
 _7644_/X
 _7645_/X
 _7646_/X
 _7647_/X
 _7648_/X
 _7649_/X
 _7650_/X
 _7651_/X
 _7652_/X
 _7653_/X
 _7654_/X
 _7655_/X
 _7656_/X
 _7657_/X
 _7658_/X
 _7659_/X
 _7660_/X
 _7661_/X
 _7662_/X
 _7663_/X
 _7664_/X
 _7665_/X
 _7666_/X
 _7667_/X
 _7668_/X
 _7669_/Y
 _7670_/X
 _7671_/X
 _7672_/X
 _7673_/X
 _7674_/X
 _7675_/X
 _7676_/X
 _7677_/X
 _7678_/X
 _7679_/X
 _7680_/X
 _7681_/X
 _7682_/X
 _7683_/X
 _7684_/X
 _7685_/X
 _7686_/X
 _7687_/X
 _7688_/X
 _7689_/X
 _7690_/X
 _7691_/X
 _7692_/X
 _7693_/X
 _7694_/X
 _7695_/X
 _7696_/X
 _7697_/X
 _7698_/X
 _7699_/X
 _7700_/X
 _7701_/X
 _7702_/X
 _7703_/X
 _7704_/X
 _7705_/X
 _7706_/X
 _7707_/X
 _7708_/X
 _7709_/X
 _7710_/X
 _7711_/X
 _7712_/X
 _7713_/X
 _7714_/X
 _7715_/X
 _7716_/X
 _7717_/X
 _7718_/X
 _7719_/X
 _7720_/X
 _7721_/X
 _7722_/X
 _7723_/X
 _7724_/X
 _7725_/X
 _7726_/X
 _7727_/X
 _7728_/X
 _7729_/X
 _7730_/X
 _7731_/X
 _7732_/X
 _7733_/X
 _7734_/X
 _7735_/X
 _7736_/X
 _7737_/Y
 _7738_/X
 _7739_/X
 _7740_/X
 _7741_/X
 _7742_/X
 _7743_/X
 _7744_/X
 _7745_/X
 _7746_/X
 _7747_/X
 _7748_/X
 _7749_/X
 _7750_/X
 _7751_/X
 _7752_/X
 _7753_/X
 _7754_/X
 _7755_/X
 _7756_/X
 _7757_/X
 _7758_/X
 _7759_/X
 _7760_/X
 _7761_/X
 _7762_/X
 _7763_/X
 _7764_/X
 _7765_/X
 _7766_/X
 _7767_/X
 _7768_/X
 _7769_/X
 _7770_/X
 _7771_/X
 _7772_/X
 _7773_/X
 _7774_/X
 _7775_/X
 _7776_/X
 _7777_/X
 _7778_/X
 _7779_/X
 _7780_/X
 _7781_/X
 _7782_/X
 _7783_/X
 _7784_/X
 _7785_/X
 _7786_/X
 _7787_/X
 _7788_/X
 _7789_/X
 _7790_/X
 _7791_/X
 _7792_/X
 _7793_/X
 _7794_/X
 _7795_/X
 _7796_/X
 _7797_/X
 _7798_/X
 _7799_/X
 _7800_/X
 _7801_/X
 _7802_/X
 _7803_/X
 _7804_/X
 _7805_/X
 _7806_/X
 _7807_/X
 _7808_/X
 _7809_/X
 _7810_/X
 _7811_/X
 _7812_/X
 _7813_/X
 _7814_/X
 _7815_/X
 _7816_/X
 _7817_/X
 _7818_/X
 _7819_/X
 _7820_/X
 _7821_/X
 _7822_/X
 _7823_/X
 _7824_/X
 _7825_/X
 _7826_/X
 _7827_/X
 _7828_/X
 _7829_/X
 _7830_/X
 _7831_/X
 _7832_/X
 _7833_/X
 _7834_/X
 _7835_/X
 _7836_/X
 _7837_/X
 _7838_/X
 _7839_/X
 _7840_/X
 _7841_/X
 _7842_/X
 _7843_/X
 _7844_/X
 _7845_/X
 _7846_/X
 _7847_/X
 _7848_/X
 _7849_/X
 _7850_/X
 _7851_/X
 _7852_/X
 _7853_/X
 _7854_/X
 _7855_/X
 _7856_/X
 _7857_/X
 _7858_/X
 _7859_/X
 _7860_/X
 _7861_/X
 _7862_/X
 _7863_/X
 _7864_/X
 _7865_/X
 _7866_/X
 _7867_/X
 _7868_/X
 _7869_/X
 _7870_/X
 _7871_/X
 _7872_/X
 _7873_/X
 _7874_/Y
 _7875_/X
 _7876_/X
 _7877_/X
 _7878_/X
 _7879_/X
 _7880_/X
 _7881_/X
 _7882_/X
 _7883_/X
 _7884_/X
 _7885_/X
 _7886_/X
 _7887_/X
 _7888_/X
 _7889_/X
 _7890_/X
 _7891_/X
 _7892_/X
 _7893_/X
 _7894_/X
 _7895_/X
 _7896_/X
 _7897_/X
 _7898_/X
 _7899_/X
 _7900_/X
 _7901_/X
 _7902_/X
 _7903_/X
 _7904_/X
 _7905_/X
 _7906_/X
 _7907_/X
 _7908_/X
 _7909_/X
 _7910_/X
 _7911_/X
 _7912_/X
 _7913_/X
 _7914_/X
 _7915_/X
 _7916_/X
 _7917_/X
 _7918_/X
 _7919_/X
 _7920_/X
 _7921_/X
 _7922_/X
 _7923_/X
 _7924_/X
 _7925_/X
 _7926_/X
 _7927_/X
 _7928_/X
 _7929_/X
 _7930_/X
 _7931_/X
 _7932_/X
 _7933_/X
 _7934_/X
 _7935_/X
 _7936_/X
 _7937_/X
 _7938_/X
 _7939_/X
 _7940_/X
 _7941_/X
 _7942_/X
 _7943_/X
 _7944_/X
 _7945_/X
 _7946_/X
 _7947_/X
 _7948_/X
 _7949_/X
 _7950_/X
 _7951_/X
 _7952_/X
 _7953_/X
 _7954_/X
 _7955_/X
 _7956_/X
 _7957_/X
 _7958_/X
 _7959_/X
 _7960_/X
 _7961_/X
 _7962_/X
 _7963_/X
 _7964_/X
 _7965_/X
 _7966_/X
 _7967_/X
 _7968_/X
 _7969_/X
 _7970_/X
 _7971_/X
 _7972_/X
 _7973_/X
 _7974_/X
 _7975_/X
 _7976_/X
 _7977_/X
 _7978_/X
 _7979_/X
 _7980_/X
 _7981_/X
 _7982_/X
 _7983_/X
 _7984_/X
 _7985_/X
 _7986_/X
 _7987_/X
 _7988_/X
 _7989_/X
 _7990_/X
 _7991_/X
 _7992_/X
 _7993_/X
 _7994_/X
 _7995_/X
 _7996_/X
 _7997_/X
 _7998_/X
 _7999_/X
 _8000_/X
 _8001_/X
 _8002_/X
 _8003_/X
 _8004_/X
 _8005_/X
 _8006_/X
 _8007_/X
 _8008_/X
 _8009_/X
 _8010_/Y
 _8011_/X
 _8012_/X
 _8013_/X
 _8014_/X
 _8015_/X
 _8016_/X
 _8017_/X
 _8018_/X
 _8019_/X
 _8020_/X
 _8021_/X
 _8022_/X
 _8023_/X
 _8024_/X
 _8025_/X
 _8026_/X
 _8027_/X
 _8028_/X
 _8029_/X
 _8030_/X
 _8031_/X
 _8032_/X
 _8033_/X
 _8034_/X
 _8035_/X
 _8036_/X
 _8037_/X
 _8038_/X
 _8039_/X
 _8040_/X
 _8041_/X
 _8042_/X
 _8043_/X
 _8044_/X
 _8045_/X
 _8046_/X
 _8047_/X
 _8048_/X
 _8049_/X
 _8050_/X
 _8051_/X
 _8052_/X
 _8053_/X
 _8054_/X
 _8055_/X
 _8056_/X
 _8057_/X
 _8058_/X
 _8059_/X
 _8060_/X
 _8061_/X
 _8062_/X
 _8063_/X
 _8064_/X
 _8065_/X
 _8066_/X
 _8067_/X
 _8068_/X
 _8069_/X
 _8070_/X
 _8071_/X
 _8072_/X
 _8073_/X
 _8074_/X
 _8075_/X
 _8076_/X
 _8077_/X
 _8078_/Y
 _8079_/X
 _8080_/X
 _8081_/X
 _8082_/X
 _8083_/X
 _8084_/X
 _8085_/X
 _8086_/X
 _8087_/X
 _8088_/X
 _8089_/X
 _8090_/X
 _8091_/X
 _8092_/X
 _8093_/X
 _8094_/X
 _8095_/X
 _8096_/X
 _8097_/X
 _8098_/X
 _8099_/X
 _8100_/X
 _8101_/X
 _8102_/X
 _8103_/X
 _8104_/X
 _8105_/X
 _8106_/X
 _8107_/X
 _8108_/X
 _8109_/X
 _8110_/X
 _8111_/X
 _8112_/X
 _8113_/X
 _8114_/X
 _8115_/X
 _8116_/X
 _8117_/X
 _8118_/X
 _8119_/X
 _8120_/X
 _8121_/X
 _8122_/X
 _8123_/X
 _8124_/X
 _8125_/X
 _8126_/X
 _8127_/X
 _8128_/X
 _8129_/X
 _8130_/X
 _8131_/X
 _8132_/X
 _8133_/X
 _8134_/X
 _8135_/X
 _8136_/X
 _8137_/X
 _8138_/X
 _8139_/X
 _8140_/X
 _8141_/X
 _8142_/X
 _8143_/X
 _8144_/X
 _8145_/X
 _8146_/Y
 _8147_/X
 _8148_/X
 _8149_/X
 _8150_/X
 _8151_/X
 _8152_/X
 _8153_/X
 _8154_/X
 _8155_/X
 _8156_/X
 _8157_/X
 _8158_/X
 _8159_/X
 _8160_/X
 _8161_/X
 _8162_/X
 _8163_/X
 _8164_/X
 _8165_/X
 _8166_/X
 _8167_/X
 _8168_/X
 _8169_/X
 _8170_/X
 _8171_/X
 _8172_/X
 _8173_/X
 _8174_/X
 _8175_/X
 _8176_/X
 _8177_/X
 _8178_/X
 _8179_/X
 _8180_/X
 _8181_/X
 _8182_/X
 _8183_/X
 _8184_/X
 _8185_/X
 _8186_/X
 _8187_/X
 _8188_/X
 _8189_/X
 _8190_/X
 _8191_/X
 _8192_/X
 _8193_/X
 _8194_/X
 _8195_/X
 _8196_/X
 _8197_/X
 _8198_/X
 _8199_/X
 _8200_/X
 _8201_/X
 _8202_/X
 _8203_/X
 _8204_/X
 _8205_/X
 _8206_/X
 _8207_/X
 _8208_/X
 _8209_/X
 _8210_/X
 _8211_/X
 _8212_/X
 _8213_/X
 _8214_/Y
 _8215_/X
 _8216_/X
 _8217_/X
 _8218_/X
 _8219_/X
 _8220_/X
 _8221_/X
 _8222_/X
 _8223_/X
 _8224_/X
 _8225_/X
 _8226_/X
 _8227_/X
 _8228_/X
 _8229_/X
 _8230_/X
 _8231_/X
 _8232_/X
 _8233_/X
 _8234_/X
 _8235_/X
 _8236_/X
 _8237_/X
 _8238_/X
 _8239_/X
 _8240_/X
 _8241_/X
 _8242_/X
 _8243_/X
 _8244_/X
 _8245_/X
 _8246_/X
 _8247_/X
 _8248_/X
 _8249_/X
 _8250_/X
 _8251_/X
 _8252_/X
 _8253_/X
 _8254_/X
 _8255_/X
 _8256_/X
 _8257_/X
 _8258_/X
 _8259_/X
 _8260_/X
 _8261_/X
 _8262_/X
 _8263_/X
 _8264_/X
 _8265_/X
 _8266_/X
 _8267_/X
 _8268_/X
 _8269_/X
 _8270_/X
 _8271_/X
 _8272_/X
 _8273_/X
 _8274_/X
 _8275_/X
 _8276_/X
 _8277_/X
 _8278_/X
 _8279_/X
 _8280_/X
 _8281_/X
 _8282_/Q
 _8283_/Q
 _8284_/Q
 _8285_/Q
 _8286_/Q
 _8287_/Q
 _8288_/Q
 _8289_/Q
 _8290_/Q
 _8291_/Q
 _8292_/Q
 _8293_/Q
 _8294_/Q
 _8295_/Q
 _8296_/Q
 _8297_/Q
 _8298_/Q
 _8299_/Q
 _8300_/Q
 _8301_/Q
 _8302_/Q
 _8303_/Q
 _8304_/Q
 _8305_/Q
 _8306_/Q
 _8307_/Q
 _8308_/Q
 _8309_/Q
 _8310_/Q
 _8311_/Q
 _8312_/Q
 _8313_/Q
 _8314_/Q
 _8315_/Q
 _8316_/Q
 _8317_/Q
 _8318_/Q
 _8319_/Q
 _8320_/Q
 _8321_/Q
 _8322_/Q
 _8323_/Q
 _8324_/Q
 _8325_/Q
 _8326_/Q
 _8327_/Q
 _8328_/Q
 _8329_/Q
 _8330_/Q
 _8331_/Q
 _8332_/Q
 _8333_/Q
 _8334_/Q
 _8335_/Q
 _8336_/Q
 _8337_/Q
 _8338_/Q
 _8339_/Q
 _8340_/Q
 _8341_/Q
 _8342_/Q
 _8343_/Q
 _8344_/Q
 _8345_/Q
 _8346_/Q
 _8347_/Q
 _8348_/Q
 _8349_/Q
 _8350_/Q
 _8351_/Q
 _8352_/Q
 _8353_/Q
 _8354_/Q
 _8355_/Q
 _8356_/Q
 _8357_/Q
 _8358_/Q
 _8359_/Q
 _8360_/Q
 _8361_/Q
 _8362_/Q
 _8363_/Q
 _8364_/Q
 _8365_/Q
 _8366_/Q
 _8367_/Q
 _8368_/Q
 _8369_/Q
 _8370_/Q
 _8371_/Q
 _8372_/Q
 _8373_/Q
 _8374_/Q
 _8375_/Q
 _8376_/Q
 _8377_/Q
 _8378_/Q
 _8379_/Q
 _8380_/Q
 _8381_/Q
 _8382_/Q
 _8383_/Q
 _8384_/Q
 _8385_/Q
 _8386_/Q
 _8387_/Q
 _8388_/Q
 _8389_/Q
 _8390_/Q
 _8391_/Q
 _8392_/Q
 _8393_/Q
 _8394_/Q
 _8395_/Q
 _8396_/Q
 _8397_/Q
 _8398_/Q
 _8399_/Q
 _8400_/Q
 _8401_/Q
 _8402_/Q
 _8403_/Q
 _8404_/Q
 _8405_/Q
 _8406_/Q
 _8407_/Q
 _8408_/Q
 _8409_/Q
 _8410_/Q
 _8411_/Q
 _8412_/Q
 _8413_/Q
 _8414_/Q
 _8415_/Q
 _8416_/Q
 _8417_/Q
 _8418_/Q
 _8419_/Q
 _8420_/Q
 _8421_/Q
 _8422_/Q
 _8423_/Q
 _8424_/Q
 _8425_/Q
 _8426_/Q
 _8427_/Q
 _8428_/Q
 _8429_/Q
 _8430_/Q
 _8431_/Q
 _8432_/Q
 _8433_/Q
 _8434_/Q
 _8435_/Q
 _8436_/Q
 _8437_/Q
 _8438_/Q
 _8439_/Q
 _8440_/Q
 _8441_/Q
 _8442_/Q
 _8443_/Q
 _8444_/Q
 _8445_/Q
 _8446_/Q
 _8447_/Q
 _8448_/Q
 _8449_/Q
 _8450_/Q
 _8451_/Q
 _8452_/Q
 _8453_/Q
 _8454_/Q
 _8455_/Q
 _8456_/Q
 _8457_/Q
 _8458_/Q
 _8459_/Q
 _8460_/Q
 _8461_/Q
 _8462_/Q
 _8463_/Q
 _8464_/Q
 _8465_/Q
 _8466_/Q
 _8467_/Q
 _8468_/Q
 _8469_/Q
 _8470_/Q
 _8471_/Q
 _8472_/Q
 _8473_/Q
 _8474_/Q
 _8475_/Q
 _8476_/Q
 _8477_/Q
 _8478_/Q
 _8479_/Q
 _8480_/Q
 _8481_/Q
 _8482_/Q
 _8483_/Q
 _8484_/Q
 _8485_/Q
 _8486_/Q
 _8487_/Q
 _8488_/Q
 _8489_/Q
 _8490_/Q
 _8491_/Q
 _8492_/Q
 _8493_/Q
 _8494_/Q
 _8495_/Q
 _8496_/Q
 _8497_/Q
 _8498_/Q
 _8499_/Q
 _8500_/Q
 _8501_/Q
 _8502_/Q
 _8503_/Q
 _8504_/Q
 _8505_/Q
 _8506_/Q
 _8507_/Q
 _8508_/Q
 _8509_/Q
 _8510_/Q
 _8511_/Q
 _8512_/Q
 _8513_/Q
 _8514_/Q
 _8515_/Q
 _8516_/Q
 _8517_/Q
 _8518_/Q
 _8519_/Q
 _8520_/Q
 _8521_/Q
 _8522_/Q
 _8523_/Q
 _8524_/Q
 _8525_/Q
 _8526_/Q
 _8527_/Q
 _8528_/Q
 _8529_/Q
 _8530_/Q
 _8531_/Q
 _8532_/Q
 _8533_/Q
 _8534_/Q
 _8535_/Q
 _8536_/Q
 _8537_/Q
 _8538_/Q
 _8539_/Q
 _8540_/Q
 _8541_/Q
 _8542_/Q
 _8543_/Q
 _8544_/Q
 _8545_/Q
 _8546_/Q
 _8547_/Q
 _8548_/Q
 _8549_/Q
 _8550_/Q
 _8551_/Q
 _8552_/Q
 _8553_/Q
 _8554_/Q
 _8555_/Q
 _8556_/Q
 _8557_/Q
 _8558_/Q
 _8559_/Q
 _8560_/Q
 _8561_/Q
 _8562_/Q
 _8563_/Q
 _8564_/Q
 _8565_/Q
 _8566_/Q
 _8567_/Q
 _8568_/Q
 _8569_/Q
 _8570_/Q
 _8571_/Q
 _8572_/Q
 _8573_/Q
 _8574_/Q
 _8575_/Q
 _8576_/Q
 _8577_/Q
 _8578_/Q
 _8579_/Q
 _8580_/Q
 _8581_/Q
 _8582_/Q
 _8583_/Q
 _8584_/Q
 _8585_/Q
 _8586_/Q
 _8587_/Q
 _8588_/Q
 _8589_/Q
 _8590_/Q
 _8591_/Q
 _8592_/Q
 _8593_/Q
 _8594_/Q
 _8595_/Q
 _8596_/Q
 _8597_/Q
 _8598_/Q
 _8599_/Q
 _8600_/Q
 _8601_/Q
 _8602_/Q
 _8603_/Q
 _8604_/Q
 _8605_/Q
 _8606_/Q
 _8607_/Q
 _8608_/Q
 _8609_/Q
 _8610_/Q
 _8611_/Q
 _8612_/Q
 _8613_/Q
 _8614_/Q
 _8615_/Q
 _8616_/Q
 _8617_/Q
 _8618_/Q
 _8619_/Q
 _8620_/Q
 _8621_/Q
 _8622_/Q
 _8623_/Q
 _8624_/Q
 _8625_/Q
 _8626_/Q
 _8627_/Q
 _8628_/Q
 _8629_/Q
 _8630_/Q
 _8631_/Q
 _8632_/Q
 _8633_/Q
 _8634_/Q
 _8635_/Q
 _8636_/Q
 _8637_/Q
 _8638_/Q
 _8639_/Q
 _8640_/Q
 _8641_/Q
 _8642_/Q
 _8643_/Q
 _8644_/Q
 _8645_/Q
 _8646_/Q
 _8647_/Q
 _8648_/Q
 _8649_/Q
 _8650_/Q
 _8651_/Q
 _8652_/Q
 _8653_/Q
 _8654_/Q
 _8655_/Q
 _8656_/Q
 _8657_/Q
 _8658_/Q
 _8659_/Q
 _8660_/Q
 _8661_/Q
 _8662_/Q
 _8663_/Q
 _8664_/Q
 _8665_/Q
 _8666_/Q
 _8667_/Q
 _8668_/Q
 _8669_/Q
 _8670_/Q
 _8671_/Q
 _8672_/Q
 _8673_/Q
 _8674_/Q
 _8675_/Q
 _8676_/Q
 _8677_/Q
 _8678_/Q
 _8679_/Q
 _8680_/Q
 _8681_/Q
 _8682_/Q
 _8683_/Q
 _8684_/Q
 _8685_/Q
 _8686_/Q
 _8687_/Q
 _8688_/Q
 _8689_/Q
 _8690_/Q
 _8691_/Q
 _8692_/Q
 _8693_/Q
 _8694_/Q
 _8695_/Q
 _8696_/Q
 _8697_/Q
 _8698_/Q
 _8699_/Q
 _8700_/Q
 _8701_/Q
 _8702_/Q
 _8703_/Q
 _8704_/Q
 _8705_/Q
 _8706_/Q
 _8707_/Q
 _8708_/Q
 _8709_/Q
 _8710_/Q
 _8711_/Q
 _8712_/Q
 _8713_/Q
 _8714_/Q
 _8715_/Q
 _8716_/Q
 _8717_/Q
 _8718_/Q
 _8719_/Q
 _8720_/Q
 _8721_/Q
 _8722_/Q
 _8723_/Q
 _8724_/Q
 _8725_/Q
 _8726_/Q
 _8727_/Q
 _8728_/Q
 _8729_/Q
 _8730_/Q
 _8731_/Q
 _8732_/Q
 _8733_/Q
 _8734_/Q
 _8735_/Q
 _8736_/Q
 _8737_/Q
 _8738_/Q
 _8739_/Q
 _8740_/Q
 _8741_/Q
 _8742_/Q
 _8743_/Q
 _8744_/Q
 _8745_/Q
 _8746_/Q
 _8747_/Q
 _8748_/Q
 _8749_/Q
 _8750_/Q
 _8751_/Q
 _8752_/Q
 _8753_/Q
 _8754_/Q
 _8755_/Q
 _8756_/Q
 _8757_/Q
 _8758_/Q
 _8759_/Q
 _8760_/Q
 _8761_/Q
 _8762_/Q
 _8763_/Q
 _8764_/Q
 _8765_/Q
 _8766_/Q
 _8767_/Q
 _8768_/Q
 _8769_/Q
 _8770_/Q
 _8771_/Q
 _8772_/Q
 _8773_/Q
 _8774_/Q
 _8775_/Q
 _8776_/Q
 _8777_/Q
 _8778_/Q
 _8779_/Q
 _8780_/Q
 _8781_/Q
 _8782_/Q
 _8783_/Q
 _8784_/Q
 _8785_/Q
 _8786_/Q
 _8787_/Q
 _8788_/Q
 _8789_/Q
 _8790_/Q
 _8791_/Q
 _8792_/Q
 _8793_/Q
 _8794_/Q
 _8795_/Q
 _8796_/Q
 _8797_/Q
 _8798_/Q
 _8799_/Q
 _8800_/Q
 _8801_/Q
 _8802_/Q
 _8803_/Q
 _8804_/Q
 _8805_/Q
 _8806_/Q
 _8807_/Q
 _8808_/Q
 _8809_/Q
 _8810_/Q
 _8811_/Q
 _8812_/Q
 _8813_/Q
 _8814_/Q
 _8815_/Q
 _8816_/Q
 _8817_/Q
 _8818_/Q
 _8819_/Q
 _8820_/Q
 _8821_/Q
 _8822_/Q
 _8823_/Q
 _8824_/Q
 _8825_/Q
 _8826_/Q
 _8827_/Q
 _8828_/Q
 _8829_/Q
 _8830_/Q
 _8831_/Q
 _8832_/Q
 _8833_/Q
 _8834_/Q
 _8835_/Q
 _8836_/Q
 _8837_/Q
 _8838_/Q
 _8839_/Q
 _8840_/Q
 _8841_/Q
 _8842_/Q
 _8843_/Q
 _8844_/Q
 _8845_/Q
 _8846_/Q
 _8847_/Q
 _8848_/Q
 _8849_/Q
 _8850_/Q
 _8851_/Q
 _8852_/Q
 _8853_/Q
 _8854_/Q
 _8855_/Q
 _8856_/Q
 _8857_/Q
 _8858_/Q
 _8859_/Q
 _8860_/Q
 _8861_/Q
 _8862_/Q
 _8863_/Q
 _8864_/Q
 _8865_/Q
 _8866_/Q
 _8867_/Q
 _8868_/Q
 _8869_/Q
 _8870_/Q
 _8871_/Q
 _8872_/Q
 _8873_/Q
 _8874_/Q
 _8875_/Q
 _8876_/Q
 _8877_/Q
 _8878_/Q
 _8879_/Q
 _8880_/Q
 _8881_/Q
 _8882_/Q
 _8883_/Q
 _8884_/Q
 _8885_/Q
 _8886_/Q
 _8887_/Q
 _8888_/Q
 _8889_/Q
 _8890_/Q
 _8891_/Q
 _8892_/Q
 _8893_/Q
 _8894_/Q
 _8895_/Q
 _8896_/Q
 _8897_/Q
 _8898_/Q
 _8899_/Q
 _8900_/Q
 _8901_/Q
 _8902_/Q
 _8903_/Q
 _8904_/Q
 _8905_/Q
 _8906_/Q
 _8907_/Q
 _8908_/Q
 _8909_/Q
 _8910_/Q
 _8911_/Q
 _8912_/Q
 _8913_/Q
 _8914_/Q
 _8915_/Q
 _8916_/Q
 _8917_/Q
 _8918_/Q
 _8919_/Q
 _8920_/Q
 _8921_/Q
 _8922_/Q
 _8923_/Q
 _8924_/Q
 _8925_/Q
 _8926_/Q
 _8927_/Q
 _8928_/Q
 _8929_/Q
 _8930_/Q
 _8931_/Q
 _8932_/Q
 _8933_/Q
 _8934_/Q
 _8935_/Q
 _8936_/Q
 _8937_/Q
 _8938_/Q
 _8939_/Q
 _8940_/Q
 _8941_/Q
 _8942_/Q
 _8943_/Q
 _8944_/Q
 _8945_/Q
 _8946_/Q
 _8947_/Q
 _8948_/Q
 _8949_/Q
 _8950_/Q
 _8951_/Q
 _8952_/Q
 _8953_/Q
 _8954_/Q
 _8955_/Q
 _8956_/Q
 _8957_/Q
 _8958_/Q
 _8959_/Q
 _8960_/Q
 _8961_/Q
 _8962_/Q
 _8963_/Q
 _8964_/Q
 _8965_/Q
 _8966_/Q
 _8967_/Q
 _8968_/Q
 _8969_/Q
 _8970_/Q
 _8971_/Q
 _8972_/Q
 _8973_/Q
 _8974_/Q
 _8975_/Q
 _8976_/Q
 _8977_/Q
 _8978_/Q
 _8979_/Q
 _8980_/Q
 _8981_/Q
 _8982_/Q
 _8983_/Q
 _8984_/Q
 _8985_/Q
 _8986_/Q
 _8987_/Q
 _8988_/Q
 _8989_/Q
 _8990_/Q
 _8991_/Q
 _8992_/Q
 _8993_/Q
 _8994_/Q
 _8995_/Q
 _8996_/Q
 _8997_/Q
 _8998_/Q
 _8999_/Q
 _9000_/Q
 _9001_/Q
 _9002_/Q
 _9003_/Q
 _9004_/Q
 _9005_/Q
 _9006_/Q
 _9007_/Q
 _9008_/Q
 _9009_/Q
 _9010_/Q
 _9011_/Q
 _9012_/Q
 _9013_/Q
 _9014_/Q
 _9015_/Q
 _9016_/Q
 _9017_/Q
 _9018_/Q
 _9019_/Q
 _9020_/Q
 _9021_/Q
 _9022_/Q
 _9023_/Q
 _9024_/Q
 _9025_/Q
 _9026_/Q
 _9027_/Q
 _9028_/Q
 _9029_/Q
 _9030_/Q
 _9031_/Q
 _9032_/Q
 _9033_/Q
 _9034_/Q
 _9035_/Q
 _9036_/Q
 _9037_/Q
 _9038_/Q
 _9039_/Q
 _9040_/Q
 _9041_/Q
 _9042_/Q
 _9043_/Q
 _9044_/Q
 _9045_/Q
 _9046_/Q
 _9047_/Q
 _9048_/Q
 _9049_/Q
 _9050_/Q
 _9051_/Q
 _9052_/Q
 _9053_/Q
 _9054_/Q
 _9055_/Q
 _9056_/Q
 _9057_/Q
 _9058_/Q
 _9059_/Q
 _9060_/Q
 _9061_/Q
 _9062_/Q
 _9063_/Q
 _9064_/Q
 _9065_/Q
 _9066_/Q
 _9067_/Q
 _9068_/Q
 _9069_/Q
 _9070_/Q
 _9071_/Q
 _9072_/Q
 _9073_/Q
 _9074_/Q
 _9075_/Q
 _9076_/Q
 _9077_/Q
 _9078_/Q
 _9079_/Q
 _9080_/Q
 _9081_/Q
 _9082_/Q
 _9083_/Q
 _9084_/Q
 _9085_/Q
 _9086_/Q
 _9087_/Q
 _9088_/Q
 _9089_/Q
 _9090_/Q
 _9091_/Q
 _9092_/Q
 _9093_/Q
 _9094_/Q
 _9095_/Q
 _9096_/Q
 _9097_/Q
 _9098_/Q
 _9099_/Q
 _9100_/Q
 _9101_/Q
 _9102_/Q
 _9103_/Q
 _9104_/Q
 _9105_/Q
 _9106_/Q
 _9107_/Q
 _9108_/Q
 _9109_/Q
 _9110_/Q
 _9111_/Q
 _9112_/Q
 _9113_/Q
 _9114_/Q
 _9115_/Q
 _9116_/Q
 _9117_/Q
 _9118_/Q
 _9119_/Q
 _9120_/Q
 _9121_/Q
 _9122_/Q
 _9123_/Q
 _9124_/Q
 _9125_/Q
 _9126_/Q
 _9127_/Q
 _9128_/Q
 _9129_/Q
 _9130_/Q
 _9131_/Q
 _9132_/Q
 _9133_/Q
 _9134_/Q
 _9135_/Q
 _9136_/Q
 _9137_/Q
 _9138_/Q
 _9139_/Q
 _9140_/Q
 _9141_/Q
 _9142_/Q
 _9143_/Q
 _9144_/Q
 _9145_/Q
 _9146_/Q
 _9147_/Q
 _9148_/Q
 _9149_/Q
 _9150_/Q
 _9151_/Q
 _9152_/Q
 _9153_/Q
 _9154_/Q
 _9155_/Q
 _9156_/Q
 _9157_/Q
 _9158_/Q
 _9159_/Q
 _9160_/Q
 _9161_/Q
 _9162_/Q
 _9163_/Q
 _9164_/Q
 _9165_/Q
 _9166_/Q
 _9167_/Q
 _9168_/Q
 _9169_/Q
 _9170_/Q
 _9171_/Q
 _9172_/Q
 _9173_/Q
 _9174_/Q
 _9175_/Q
 _9176_/Q
 _9177_/Q
 _9178_/Q
 _9179_/Q
 _9180_/Q
 _9181_/Q
 _9182_/Q
 _9183_/Q
 _9184_/Q
 _9185_/Q
 _9186_/Q
 _9187_/Q
 _9188_/Q
 _9189_/Q
 _9190_/Q
 _9191_/Q
 _9192_/Q
 _9193_/Q
 _9194_/Q
 _9195_/Q
 _9196_/Q
 _9197_/Q
 _9198_/Q
 _9199_/Q
 _9200_/Q
 _9201_/Q
 _9202_/Q
 _9203_/Q
 _9204_/Q
 _9205_/Q
 _9206_/Q
 _9207_/Q
 _9208_/Q
 _9209_/Q
 _9210_/Q
 _9211_/Q
 _9212_/Q
 _9213_/Q
 _9214_/Q
 _9215_/Q
 _9216_/Q
 _9217_/Q
 _9218_/Q
 _9219_/Q
 _9220_/Q
 _9221_/Q
 _9222_/Q
 _9223_/Q
 _9224_/Q
 _9225_/Q
 _9226_/Q
 _9227_/Q
 _9228_/Q
 _9229_/Q
 _9230_/Q
 _9231_/Q
 _9232_/Q
 _9233_/Q
 _9234_/Q
 _9235_/Q
 _9236_/Q
 _9237_/Q
 _9238_/Q
 _9239_/Q
 _9240_/Q
 _9241_/Q
 _9242_/Q
 _9243_/Q
 _9244_/Q
 _9245_/Q
 _9246_/Q
 _9247_/Q
 _9248_/Q
 _9249_/Q
 _9250_/Q
 _9251_/Q
 _9252_/Q
 _9253_/Q
 _9254_/Q
 _9255_/Q
 _9256_/Q
 _9257_/Q
 _9258_/Q
 _9259_/Q
 _9260_/Q
 _9261_/Q
 _9262_/Q
 _9263_/Q
 _9264_/Q
 _9265_/Q
 _9266_/Q
 _9267_/Q
 _9268_/Q
 _9269_/Q
 _9270_/Q
 _9271_/Q
 _9272_/Q
 _9273_/Q
 _9274_/Q
 _9275_/Q
 _9276_/Q
 _9277_/Q
 _9278_/Q
 _9279_/Q
 _9280_/Q
 _9281_/Q
 _9282_/Q
 _9283_/Q
 _9284_/Q
 _9285_/Q
 _9286_/Q
 _9287_/Q
 _9288_/Q
 _9289_/Q
 _9290_/Q
 _9291_/Q
 _9292_/Q
 _9293_/Q
 _9294_/Q
 _9295_/Q
 _9296_/Q
 _9297_/Q
 _9298_/Q
 _9299_/Q
 _9300_/Q
 _9301_/Q
 _9302_/Q
 _9303_/Q
 _9304_/Q
 _9305_/Q
 _9306_/Q
 _9307_/Q
 _9308_/Q
 _9309_/Q
 _9310_/Q
 _9311_/Q
 _9312_/Q
 _9313_/Q
 _9314_/Q
 _9315_/Q
 _9316_/Q
 _9317_/Q
 _9318_/Q
 _9319_/Q
 _9320_/Q
 _9321_/Q
 _9322_/Q
 _9323_/Q
 _9324_/Q
 _9325_/Q
 _9326_/Q
 _9327_/Q
 _9328_/Q
 _9329_/Q
 _9330_/Q
 _9331_/Q
 _9332_/Q
 _9333_/Q
 _9334_/Q
 _9335_/Q
 _9336_/Q
 _9337_/Q
 _9338_/Q
 _9339_/Q
 _9340_/Q
 _9341_/Q
 _9342_/Q
 _9343_/Q
 _9344_/Q
 _9345_/Q
 _9346_/Q
 _9347_/Q
 _9348_/Q
 _9349_/Q
 _9350_/Q
 _9351_/Q
 _9352_/Q
 _9353_/Q
 _9354_/Q
 _9355_/Q
 _9356_/Q
 _9357_/Q
 _9358_/Q
 _9359_/Q
 _9360_/Q
 _9361_/Q
 _9362_/Q
 _9363_/Q
 _9364_/Q
 _9365_/Q
 _9366_/Q
 _9367_/Q
 _9368_/Q
 _9369_/Q
Found 0 partially unannotated drivers.

===========================================================================
max slew violation count 0
max fanout violation count 0
max cap violation count 0
============================================================================

===========================================================================
check_setup -verbose -unconstrained_endpoints -multiple_clock -no_clock -no_input_delay -loops -generated_clocks
===========================================================================
Warning: There are 51 input ports missing set_input_delay.
  A1[0]
  A1[1]
  A1[2]
  A1[3]
  A1[4]
  A2[0]
  A2[1]
  A2[2]
  A2[3]
  A2[4]
  A3[0]
  A3[1]
  A3[2]
  A3[3]
  A3[4]
  ALUOp[0]
  ALUOp[1]
  CLK
  WD3[0]
  WD3[10]
  WD3[11]
  WD3[12]
  WD3[13]
  WD3[14]
  WD3[15]
  WD3[16]
  WD3[17]
  WD3[18]
  WD3[19]
  WD3[1]
  WD3[20]
  WD3[21]
  WD3[22]
  WD3[23]
  WD3[24]
  WD3[25]
  WD3[26]
  WD3[27]
  WD3[28]
  WD3[29]
  WD3[2]
  WD3[30]
  WD3[31]
  WD3[3]
  WD3[4]
  WD3[5]
  WD3[6]
  WD3[7]
  WD3[8]
  WD3[9]
  WE3
Warning: There are 1088 unclocked register/latch pins.
  _8282_/CLK
  _8283_/CLK
  _8284_/CLK
  _8285_/CLK
  _8286_/CLK
  _8287_/CLK
  _8288_/CLK
  _8289_/CLK
  _8290_/CLK
  _8291_/CLK
  _8292_/CLK
  _8293_/CLK
  _8294_/CLK
  _8295_/CLK
  _8296_/CLK
  _8297_/CLK
  _8298_/CLK
  _8299_/CLK
  _8300_/CLK
  _8301_/CLK
  _8302_/CLK
  _8303_/CLK
  _8304_/CLK
  _8305_/CLK
  _8306_/CLK
  _8307_/CLK
  _8308_/CLK
  _8309_/CLK
  _8310_/CLK
  _8311_/CLK
  _8312_/CLK
  _8313_/CLK
  _8314_/CLK
  _8315_/CLK
  _8316_/CLK
  _8317_/CLK
  _8318_/CLK
  _8319_/CLK
  _8320_/CLK
  _8321_/CLK
  _8322_/CLK
  _8323_/CLK
  _8324_/CLK
  _8325_/CLK
  _8326_/CLK
  _8327_/CLK
  _8328_/CLK
  _8329_/CLK
  _8330_/CLK
  _8331_/CLK
  _8332_/CLK
  _8333_/CLK
  _8334_/CLK
  _8335_/CLK
  _8336_/CLK
  _8337_/CLK
  _8338_/CLK
  _8339_/CLK
  _8340_/CLK
  _8341_/CLK
  _8342_/CLK
  _8343_/CLK
  _8344_/CLK
  _8345_/CLK
  _8346_/CLK
  _8347_/CLK
  _8348_/CLK
  _8349_/CLK
  _8350_/CLK
  _8351_/CLK
  _8352_/CLK
  _8353_/CLK
  _8354_/CLK
  _8355_/CLK
  _8356_/CLK
  _8357_/CLK
  _8358_/CLK
  _8359_/CLK
  _8360_/CLK
  _8361_/CLK
  _8362_/CLK
  _8363_/CLK
  _8364_/CLK
  _8365_/CLK
  _8366_/CLK
  _8367_/CLK
  _8368_/CLK
  _8369_/CLK
  _8370_/CLK
  _8371_/CLK
  _8372_/CLK
  _8373_/CLK
  _8374_/CLK
  _8375_/CLK
  _8376_/CLK
  _8377_/CLK
  _8378_/CLK
  _8379_/CLK
  _8380_/CLK
  _8381_/CLK
  _8382_/CLK
  _8383_/CLK
  _8384_/CLK
  _8385_/CLK
  _8386_/CLK
  _8387_/CLK
  _8388_/CLK
  _8389_/CLK
  _8390_/CLK
  _8391_/CLK
  _8392_/CLK
  _8393_/CLK
  _8394_/CLK
  _8395_/CLK
  _8396_/CLK
  _8397_/CLK
  _8398_/CLK
  _8399_/CLK
  _8400_/CLK
  _8401_/CLK
  _8402_/CLK
  _8403_/CLK
  _8404_/CLK
  _8405_/CLK
  _8406_/CLK
  _8407_/CLK
  _8408_/CLK
  _8409_/CLK
  _8410_/CLK
  _8411_/CLK
  _8412_/CLK
  _8413_/CLK
  _8414_/CLK
  _8415_/CLK
  _8416_/CLK
  _8417_/CLK
  _8418_/CLK
  _8419_/CLK
  _8420_/CLK
  _8421_/CLK
  _8422_/CLK
  _8423_/CLK
  _8424_/CLK
  _8425_/CLK
  _8426_/CLK
  _8427_/CLK
  _8428_/CLK
  _8429_/CLK
  _8430_/CLK
  _8431_/CLK
  _8432_/CLK
  _8433_/CLK
  _8434_/CLK
  _8435_/CLK
  _8436_/CLK
  _8437_/CLK
  _8438_/CLK
  _8439_/CLK
  _8440_/CLK
  _8441_/CLK
  _8442_/CLK
  _8443_/CLK
  _8444_/CLK
  _8445_/CLK
  _8446_/CLK
  _8447_/CLK
  _8448_/CLK
  _8449_/CLK
  _8450_/CLK
  _8451_/CLK
  _8452_/CLK
  _8453_/CLK
  _8454_/CLK
  _8455_/CLK
  _8456_/CLK
  _8457_/CLK
  _8458_/CLK
  _8459_/CLK
  _8460_/CLK
  _8461_/CLK
  _8462_/CLK
  _8463_/CLK
  _8464_/CLK
  _8465_/CLK
  _8466_/CLK
  _8467_/CLK
  _8468_/CLK
  _8469_/CLK
  _8470_/CLK
  _8471_/CLK
  _8472_/CLK
  _8473_/CLK
  _8474_/CLK
  _8475_/CLK
  _8476_/CLK
  _8477_/CLK
  _8478_/CLK
  _8479_/CLK
  _8480_/CLK
  _8481_/CLK
  _8482_/CLK
  _8483_/CLK
  _8484_/CLK
  _8485_/CLK
  _8486_/CLK
  _8487_/CLK
  _8488_/CLK
  _8489_/CLK
  _8490_/CLK
  _8491_/CLK
  _8492_/CLK
  _8493_/CLK
  _8494_/CLK
  _8495_/CLK
  _8496_/CLK
  _8497_/CLK
  _8498_/CLK
  _8499_/CLK
  _8500_/CLK
  _8501_/CLK
  _8502_/CLK
  _8503_/CLK
  _8504_/CLK
  _8505_/CLK
  _8506_/CLK
  _8507_/CLK
  _8508_/CLK
  _8509_/CLK
  _8510_/CLK
  _8511_/CLK
  _8512_/CLK
  _8513_/CLK
  _8514_/CLK
  _8515_/CLK
  _8516_/CLK
  _8517_/CLK
  _8518_/CLK
  _8519_/CLK
  _8520_/CLK
  _8521_/CLK
  _8522_/CLK
  _8523_/CLK
  _8524_/CLK
  _8525_/CLK
  _8526_/CLK
  _8527_/CLK
  _8528_/CLK
  _8529_/CLK
  _8530_/CLK
  _8531_/CLK
  _8532_/CLK
  _8533_/CLK
  _8534_/CLK
  _8535_/CLK
  _8536_/CLK
  _8537_/CLK
  _8538_/CLK
  _8539_/CLK
  _8540_/CLK
  _8541_/CLK
  _8542_/CLK
  _8543_/CLK
  _8544_/CLK
  _8545_/CLK
  _8546_/CLK
  _8547_/CLK
  _8548_/CLK
  _8549_/CLK
  _8550_/CLK
  _8551_/CLK
  _8552_/CLK
  _8553_/CLK
  _8554_/CLK
  _8555_/CLK
  _8556_/CLK
  _8557_/CLK
  _8558_/CLK
  _8559_/CLK
  _8560_/CLK
  _8561_/CLK
  _8562_/CLK
  _8563_/CLK
  _8564_/CLK
  _8565_/CLK
  _8566_/CLK
  _8567_/CLK
  _8568_/CLK
  _8569_/CLK
  _8570_/CLK
  _8571_/CLK
  _8572_/CLK
  _8573_/CLK
  _8574_/CLK
  _8575_/CLK
  _8576_/CLK
  _8577_/CLK
  _8578_/CLK
  _8579_/CLK
  _8580_/CLK
  _8581_/CLK
  _8582_/CLK
  _8583_/CLK
  _8584_/CLK
  _8585_/CLK
  _8586_/CLK
  _8587_/CLK
  _8588_/CLK
  _8589_/CLK
  _8590_/CLK
  _8591_/CLK
  _8592_/CLK
  _8593_/CLK
  _8594_/CLK
  _8595_/CLK
  _8596_/CLK
  _8597_/CLK
  _8598_/CLK
  _8599_/CLK
  _8600_/CLK
  _8601_/CLK
  _8602_/CLK
  _8603_/CLK
  _8604_/CLK
  _8605_/CLK
  _8606_/CLK
  _8607_/CLK
  _8608_/CLK
  _8609_/CLK
  _8610_/CLK
  _8611_/CLK
  _8612_/CLK
  _8613_/CLK
  _8614_/CLK
  _8615_/CLK
  _8616_/CLK
  _8617_/CLK
  _8618_/CLK
  _8619_/CLK
  _8620_/CLK
  _8621_/CLK
  _8622_/CLK
  _8623_/CLK
  _8624_/CLK
  _8625_/CLK
  _8626_/CLK
  _8627_/CLK
  _8628_/CLK
  _8629_/CLK
  _8630_/CLK
  _8631_/CLK
  _8632_/CLK
  _8633_/CLK
  _8634_/CLK
  _8635_/CLK
  _8636_/CLK
  _8637_/CLK
  _8638_/CLK
  _8639_/CLK
  _8640_/CLK
  _8641_/CLK
  _8642_/CLK
  _8643_/CLK
  _8644_/CLK
  _8645_/CLK
  _8646_/CLK
  _8647_/CLK
  _8648_/CLK
  _8649_/CLK
  _8650_/CLK
  _8651_/CLK
  _8652_/CLK
  _8653_/CLK
  _8654_/CLK
  _8655_/CLK
  _8656_/CLK
  _8657_/CLK
  _8658_/CLK
  _8659_/CLK
  _8660_/CLK
  _8661_/CLK
  _8662_/CLK
  _8663_/CLK
  _8664_/CLK
  _8665_/CLK
  _8666_/CLK
  _8667_/CLK
  _8668_/CLK
  _8669_/CLK
  _8670_/CLK
  _8671_/CLK
  _8672_/CLK
  _8673_/CLK
  _8674_/CLK
  _8675_/CLK
  _8676_/CLK
  _8677_/CLK
  _8678_/CLK
  _8679_/CLK
  _8680_/CLK
  _8681_/CLK
  _8682_/CLK
  _8683_/CLK
  _8684_/CLK
  _8685_/CLK
  _8686_/CLK
  _8687_/CLK
  _8688_/CLK
  _8689_/CLK
  _8690_/CLK
  _8691_/CLK
  _8692_/CLK
  _8693_/CLK
  _8694_/CLK
  _8695_/CLK
  _8696_/CLK
  _8697_/CLK
  _8698_/CLK
  _8699_/CLK
  _8700_/CLK
  _8701_/CLK
  _8702_/CLK
  _8703_/CLK
  _8704_/CLK
  _8705_/CLK
  _8706_/CLK
  _8707_/CLK
  _8708_/CLK
  _8709_/CLK
  _8710_/CLK
  _8711_/CLK
  _8712_/CLK
  _8713_/CLK
  _8714_/CLK
  _8715_/CLK
  _8716_/CLK
  _8717_/CLK
  _8718_/CLK
  _8719_/CLK
  _8720_/CLK
  _8721_/CLK
  _8722_/CLK
  _8723_/CLK
  _8724_/CLK
  _8725_/CLK
  _8726_/CLK
  _8727_/CLK
  _8728_/CLK
  _8729_/CLK
  _8730_/CLK
  _8731_/CLK
  _8732_/CLK
  _8733_/CLK
  _8734_/CLK
  _8735_/CLK
  _8736_/CLK
  _8737_/CLK
  _8738_/CLK
  _8739_/CLK
  _8740_/CLK
  _8741_/CLK
  _8742_/CLK
  _8743_/CLK
  _8744_/CLK
  _8745_/CLK
  _8746_/CLK
  _8747_/CLK
  _8748_/CLK
  _8749_/CLK
  _8750_/CLK
  _8751_/CLK
  _8752_/CLK
  _8753_/CLK
  _8754_/CLK
  _8755_/CLK
  _8756_/CLK
  _8757_/CLK
  _8758_/CLK
  _8759_/CLK
  _8760_/CLK
  _8761_/CLK
  _8762_/CLK
  _8763_/CLK
  _8764_/CLK
  _8765_/CLK
  _8766_/CLK
  _8767_/CLK
  _8768_/CLK
  _8769_/CLK
  _8770_/CLK
  _8771_/CLK
  _8772_/CLK
  _8773_/CLK
  _8774_/CLK
  _8775_/CLK
  _8776_/CLK
  _8777_/CLK
  _8778_/CLK
  _8779_/CLK
  _8780_/CLK
  _8781_/CLK
  _8782_/CLK
  _8783_/CLK
  _8784_/CLK
  _8785_/CLK
  _8786_/CLK
  _8787_/CLK
  _8788_/CLK
  _8789_/CLK
  _8790_/CLK
  _8791_/CLK
  _8792_/CLK
  _8793_/CLK
  _8794_/CLK
  _8795_/CLK
  _8796_/CLK
  _8797_/CLK
  _8798_/CLK
  _8799_/CLK
  _8800_/CLK
  _8801_/CLK
  _8802_/CLK
  _8803_/CLK
  _8804_/CLK
  _8805_/CLK
  _8806_/CLK
  _8807_/CLK
  _8808_/CLK
  _8809_/CLK
  _8810_/CLK
  _8811_/CLK
  _8812_/CLK
  _8813_/CLK
  _8814_/CLK
  _8815_/CLK
  _8816_/CLK
  _8817_/CLK
  _8818_/CLK
  _8819_/CLK
  _8820_/CLK
  _8821_/CLK
  _8822_/CLK
  _8823_/CLK
  _8824_/CLK
  _8825_/CLK
  _8826_/CLK
  _8827_/CLK
  _8828_/CLK
  _8829_/CLK
  _8830_/CLK
  _8831_/CLK
  _8832_/CLK
  _8833_/CLK
  _8834_/CLK
  _8835_/CLK
  _8836_/CLK
  _8837_/CLK
  _8838_/CLK
  _8839_/CLK
  _8840_/CLK
  _8841_/CLK
  _8842_/CLK
  _8843_/CLK
  _8844_/CLK
  _8845_/CLK
  _8846_/CLK
  _8847_/CLK
  _8848_/CLK
  _8849_/CLK
  _8850_/CLK
  _8851_/CLK
  _8852_/CLK
  _8853_/CLK
  _8854_/CLK
  _8855_/CLK
  _8856_/CLK
  _8857_/CLK
  _8858_/CLK
  _8859_/CLK
  _8860_/CLK
  _8861_/CLK
  _8862_/CLK
  _8863_/CLK
  _8864_/CLK
  _8865_/CLK
  _8866_/CLK
  _8867_/CLK
  _8868_/CLK
  _8869_/CLK
  _8870_/CLK
  _8871_/CLK
  _8872_/CLK
  _8873_/CLK
  _8874_/CLK
  _8875_/CLK
  _8876_/CLK
  _8877_/CLK
  _8878_/CLK
  _8879_/CLK
  _8880_/CLK
  _8881_/CLK
  _8882_/CLK
  _8883_/CLK
  _8884_/CLK
  _8885_/CLK
  _8886_/CLK
  _8887_/CLK
  _8888_/CLK
  _8889_/CLK
  _8890_/CLK
  _8891_/CLK
  _8892_/CLK
  _8893_/CLK
  _8894_/CLK
  _8895_/CLK
  _8896_/CLK
  _8897_/CLK
  _8898_/CLK
  _8899_/CLK
  _8900_/CLK
  _8901_/CLK
  _8902_/CLK
  _8903_/CLK
  _8904_/CLK
  _8905_/CLK
  _8906_/CLK
  _8907_/CLK
  _8908_/CLK
  _8909_/CLK
  _8910_/CLK
  _8911_/CLK
  _8912_/CLK
  _8913_/CLK
  _8914_/CLK
  _8915_/CLK
  _8916_/CLK
  _8917_/CLK
  _8918_/CLK
  _8919_/CLK
  _8920_/CLK
  _8921_/CLK
  _8922_/CLK
  _8923_/CLK
  _8924_/CLK
  _8925_/CLK
  _8926_/CLK
  _8927_/CLK
  _8928_/CLK
  _8929_/CLK
  _8930_/CLK
  _8931_/CLK
  _8932_/CLK
  _8933_/CLK
  _8934_/CLK
  _8935_/CLK
  _8936_/CLK
  _8937_/CLK
  _8938_/CLK
  _8939_/CLK
  _8940_/CLK
  _8941_/CLK
  _8942_/CLK
  _8943_/CLK
  _8944_/CLK
  _8945_/CLK
  _8946_/CLK
  _8947_/CLK
  _8948_/CLK
  _8949_/CLK
  _8950_/CLK
  _8951_/CLK
  _8952_/CLK
  _8953_/CLK
  _8954_/CLK
  _8955_/CLK
  _8956_/CLK
  _8957_/CLK
  _8958_/CLK
  _8959_/CLK
  _8960_/CLK
  _8961_/CLK
  _8962_/CLK
  _8963_/CLK
  _8964_/CLK
  _8965_/CLK
  _8966_/CLK
  _8967_/CLK
  _8968_/CLK
  _8969_/CLK
  _8970_/CLK
  _8971_/CLK
  _8972_/CLK
  _8973_/CLK
  _8974_/CLK
  _8975_/CLK
  _8976_/CLK
  _8977_/CLK
  _8978_/CLK
  _8979_/CLK
  _8980_/CLK
  _8981_/CLK
  _8982_/CLK
  _8983_/CLK
  _8984_/CLK
  _8985_/CLK
  _8986_/CLK
  _8987_/CLK
  _8988_/CLK
  _8989_/CLK
  _8990_/CLK
  _8991_/CLK
  _8992_/CLK
  _8993_/CLK
  _8994_/CLK
  _8995_/CLK
  _8996_/CLK
  _8997_/CLK
  _8998_/CLK
  _8999_/CLK
  _9000_/CLK
  _9001_/CLK
  _9002_/CLK
  _9003_/CLK
  _9004_/CLK
  _9005_/CLK
  _9006_/CLK
  _9007_/CLK
  _9008_/CLK
  _9009_/CLK
  _9010_/CLK
  _9011_/CLK
  _9012_/CLK
  _9013_/CLK
  _9014_/CLK
  _9015_/CLK
  _9016_/CLK
  _9017_/CLK
  _9018_/CLK
  _9019_/CLK
  _9020_/CLK
  _9021_/CLK
  _9022_/CLK
  _9023_/CLK
  _9024_/CLK
  _9025_/CLK
  _9026_/CLK
  _9027_/CLK
  _9028_/CLK
  _9029_/CLK
  _9030_/CLK
  _9031_/CLK
  _9032_/CLK
  _9033_/CLK
  _9034_/CLK
  _9035_/CLK
  _9036_/CLK
  _9037_/CLK
  _9038_/CLK
  _9039_/CLK
  _9040_/CLK
  _9041_/CLK
  _9042_/CLK
  _9043_/CLK
  _9044_/CLK
  _9045_/CLK
  _9046_/CLK
  _9047_/CLK
  _9048_/CLK
  _9049_/CLK
  _9050_/CLK
  _9051_/CLK
  _9052_/CLK
  _9053_/CLK
  _9054_/CLK
  _9055_/CLK
  _9056_/CLK
  _9057_/CLK
  _9058_/CLK
  _9059_/CLK
  _9060_/CLK
  _9061_/CLK
  _9062_/CLK
  _9063_/CLK
  _9064_/CLK
  _9065_/CLK
  _9066_/CLK
  _9067_/CLK
  _9068_/CLK
  _9069_/CLK
  _9070_/CLK
  _9071_/CLK
  _9072_/CLK
  _9073_/CLK
  _9074_/CLK
  _9075_/CLK
  _9076_/CLK
  _9077_/CLK
  _9078_/CLK
  _9079_/CLK
  _9080_/CLK
  _9081_/CLK
  _9082_/CLK
  _9083_/CLK
  _9084_/CLK
  _9085_/CLK
  _9086_/CLK
  _9087_/CLK
  _9088_/CLK
  _9089_/CLK
  _9090_/CLK
  _9091_/CLK
  _9092_/CLK
  _9093_/CLK
  _9094_/CLK
  _9095_/CLK
  _9096_/CLK
  _9097_/CLK
  _9098_/CLK
  _9099_/CLK
  _9100_/CLK
  _9101_/CLK
  _9102_/CLK
  _9103_/CLK
  _9104_/CLK
  _9105_/CLK
  _9106_/CLK
  _9107_/CLK
  _9108_/CLK
  _9109_/CLK
  _9110_/CLK
  _9111_/CLK
  _9112_/CLK
  _9113_/CLK
  _9114_/CLK
  _9115_/CLK
  _9116_/CLK
  _9117_/CLK
  _9118_/CLK
  _9119_/CLK
  _9120_/CLK
  _9121_/CLK
  _9122_/CLK
  _9123_/CLK
  _9124_/CLK
  _9125_/CLK
  _9126_/CLK
  _9127_/CLK
  _9128_/CLK
  _9129_/CLK
  _9130_/CLK
  _9131_/CLK
  _9132_/CLK
  _9133_/CLK
  _9134_/CLK
  _9135_/CLK
  _9136_/CLK
  _9137_/CLK
  _9138_/CLK
  _9139_/CLK
  _9140_/CLK
  _9141_/CLK
  _9142_/CLK
  _9143_/CLK
  _9144_/CLK
  _9145_/CLK
  _9146_/CLK
  _9147_/CLK
  _9148_/CLK
  _9149_/CLK
  _9150_/CLK
  _9151_/CLK
  _9152_/CLK
  _9153_/CLK
  _9154_/CLK
  _9155_/CLK
  _9156_/CLK
  _9157_/CLK
  _9158_/CLK
  _9159_/CLK
  _9160_/CLK
  _9161_/CLK
  _9162_/CLK
  _9163_/CLK
  _9164_/CLK
  _9165_/CLK
  _9166_/CLK
  _9167_/CLK
  _9168_/CLK
  _9169_/CLK
  _9170_/CLK
  _9171_/CLK
  _9172_/CLK
  _9173_/CLK
  _9174_/CLK
  _9175_/CLK
  _9176_/CLK
  _9177_/CLK
  _9178_/CLK
  _9179_/CLK
  _9180_/CLK
  _9181_/CLK
  _9182_/CLK
  _9183_/CLK
  _9184_/CLK
  _9185_/CLK
  _9186_/CLK
  _9187_/CLK
  _9188_/CLK
  _9189_/CLK
  _9190_/CLK
  _9191_/CLK
  _9192_/CLK
  _9193_/CLK
  _9194_/CLK
  _9195_/CLK
  _9196_/CLK
  _9197_/CLK
  _9198_/CLK
  _9199_/CLK
  _9200_/CLK
  _9201_/CLK
  _9202_/CLK
  _9203_/CLK
  _9204_/CLK
  _9205_/CLK
  _9206_/CLK
  _9207_/CLK
  _9208_/CLK
  _9209_/CLK
  _9210_/CLK
  _9211_/CLK
  _9212_/CLK
  _9213_/CLK
  _9214_/CLK
  _9215_/CLK
  _9216_/CLK
  _9217_/CLK
  _9218_/CLK
  _9219_/CLK
  _9220_/CLK
  _9221_/CLK
  _9222_/CLK
  _9223_/CLK
  _9224_/CLK
  _9225_/CLK
  _9226_/CLK
  _9227_/CLK
  _9228_/CLK
  _9229_/CLK
  _9230_/CLK
  _9231_/CLK
  _9232_/CLK
  _9233_/CLK
  _9234_/CLK
  _9235_/CLK
  _9236_/CLK
  _9237_/CLK
  _9238_/CLK
  _9239_/CLK
  _9240_/CLK
  _9241_/CLK
  _9242_/CLK
  _9243_/CLK
  _9244_/CLK
  _9245_/CLK
  _9246_/CLK
  _9247_/CLK
  _9248_/CLK
  _9249_/CLK
  _9250_/CLK
  _9251_/CLK
  _9252_/CLK
  _9253_/CLK
  _9254_/CLK
  _9255_/CLK
  _9256_/CLK
  _9257_/CLK
  _9258_/CLK
  _9259_/CLK
  _9260_/CLK
  _9261_/CLK
  _9262_/CLK
  _9263_/CLK
  _9264_/CLK
  _9265_/CLK
  _9266_/CLK
  _9267_/CLK
  _9268_/CLK
  _9269_/CLK
  _9270_/CLK
  _9271_/CLK
  _9272_/CLK
  _9273_/CLK
  _9274_/CLK
  _9275_/CLK
  _9276_/CLK
  _9277_/CLK
  _9278_/CLK
  _9279_/CLK
  _9280_/CLK
  _9281_/CLK
  _9282_/CLK
  _9283_/CLK
  _9284_/CLK
  _9285_/CLK
  _9286_/CLK
  _9287_/CLK
  _9288_/CLK
  _9289_/CLK
  _9290_/CLK
  _9291_/CLK
  _9292_/CLK
  _9293_/CLK
  _9294_/CLK
  _9295_/CLK
  _9296_/CLK
  _9297_/CLK
  _9298_/CLK
  _9299_/CLK
  _9300_/CLK
  _9301_/CLK
  _9302_/CLK
  _9303_/CLK
  _9304_/CLK
  _9305_/CLK
  _9306_/CLK
  _9307_/CLK
  _9308_/CLK
  _9309_/CLK
  _9310_/CLK
  _9311_/CLK
  _9312_/CLK
  _9313_/CLK
  _9314_/CLK
  _9315_/CLK
  _9316_/CLK
  _9317_/CLK
  _9318_/CLK
  _9319_/CLK
  _9320_/CLK
  _9321_/CLK
  _9322_/CLK
  _9323_/CLK
  _9324_/CLK
  _9325_/CLK
  _9326_/CLK
  _9327_/CLK
  _9328_/CLK
  _9329_/CLK
  _9330_/CLK
  _9331_/CLK
  _9332_/CLK
  _9333_/CLK
  _9334_/CLK
  _9335_/CLK
  _9336_/CLK
  _9337_/CLK
  _9338_/CLK
  _9339_/CLK
  _9340_/CLK
  _9341_/CLK
  _9342_/CLK
  _9343_/CLK
  _9344_/CLK
  _9345_/CLK
  _9346_/CLK
  _9347_/CLK
  _9348_/CLK
  _9349_/CLK
  _9350_/CLK
  _9351_/CLK
  _9352_/CLK
  _9353_/CLK
  _9354_/CLK
  _9355_/CLK
  _9356_/CLK
  _9357_/CLK
  _9358_/CLK
  _9359_/CLK
  _9360_/CLK
  _9361_/CLK
  _9362_/CLK
  _9363_/CLK
  _9364_/CLK
  _9365_/CLK
  _9366_/CLK
  _9367_/CLK
  _9368_/CLK
  _9369_/CLK
Warning: There are 1184 unconstrained endpoints.
  ALUResult[0]
  ALUResult[10]
  ALUResult[11]
  ALUResult[12]
  ALUResult[13]
  ALUResult[14]
  ALUResult[15]
  ALUResult[16]
  ALUResult[17]
  ALUResult[18]
  ALUResult[19]
  ALUResult[1]
  ALUResult[20]
  ALUResult[21]
  ALUResult[22]
  ALUResult[23]
  ALUResult[24]
  ALUResult[25]
  ALUResult[26]
  ALUResult[27]
  ALUResult[28]
  ALUResult[29]
  ALUResult[2]
  ALUResult[30]
  ALUResult[31]
  ALUResult[3]
  ALUResult[4]
  ALUResult[5]
  ALUResult[6]
  ALUResult[7]
  ALUResult[8]
  ALUResult[9]
  RD1[0]
  RD1[10]
  RD1[11]
  RD1[12]
  RD1[13]
  RD1[14]
  RD1[15]
  RD1[16]
  RD1[17]
  RD1[18]
  RD1[19]
  RD1[1]
  RD1[20]
  RD1[21]
  RD1[22]
  RD1[23]
  RD1[24]
  RD1[25]
  RD1[26]
  RD1[27]
  RD1[28]
  RD1[29]
  RD1[2]
  RD1[30]
  RD1[31]
  RD1[3]
  RD1[4]
  RD1[5]
  RD1[6]
  RD1[7]
  RD1[8]
  RD1[9]
  RD2[0]
  RD2[10]
  RD2[11]
  RD2[12]
  RD2[13]
  RD2[14]
  RD2[15]
  RD2[16]
  RD2[17]
  RD2[18]
  RD2[19]
  RD2[1]
  RD2[20]
  RD2[21]
  RD2[22]
  RD2[23]
  RD2[24]
  RD2[25]
  RD2[26]
  RD2[27]
  RD2[28]
  RD2[29]
  RD2[2]
  RD2[30]
  RD2[31]
  RD2[3]
  RD2[4]
  RD2[5]
  RD2[6]
  RD2[7]
  RD2[8]
  RD2[9]
  _8282_/D
  _8283_/D
  _8284_/D
  _8285_/D
  _8286_/D
  _8287_/D
  _8288_/D
  _8289_/D
  _8290_/D
  _8291_/D
  _8292_/D
  _8293_/D
  _8294_/D
  _8295_/D
  _8296_/D
  _8297_/D
  _8298_/D
  _8299_/D
  _8300_/D
  _8301_/D
  _8302_/D
  _8303_/D
  _8304_/D
  _8305_/D
  _8306_/D
  _8307_/D
  _8308_/D
  _8309_/D
  _8310_/D
  _8311_/D
  _8312_/D
  _8313_/D
  _8314_/D
  _8315_/D
  _8316_/D
  _8317_/D
  _8318_/D
  _8319_/D
  _8320_/D
  _8321_/D
  _8322_/D
  _8323_/D
  _8324_/D
  _8325_/D
  _8326_/D
  _8327_/D
  _8328_/D
  _8329_/D
  _8330_/D
  _8331_/D
  _8332_/D
  _8333_/D
  _8334_/D
  _8335_/D
  _8336_/D
  _8337_/D
  _8338_/D
  _8339_/D
  _8340_/D
  _8341_/D
  _8342_/D
  _8343_/D
  _8344_/D
  _8345_/D
  _8346_/D
  _8347_/D
  _8348_/D
  _8349_/D
  _8350_/D
  _8351_/D
  _8352_/D
  _8353_/D
  _8354_/D
  _8355_/D
  _8356_/D
  _8357_/D
  _8358_/D
  _8359_/D
  _8360_/D
  _8361_/D
  _8362_/D
  _8363_/D
  _8364_/D
  _8365_/D
  _8366_/D
  _8367_/D
  _8368_/D
  _8369_/D
  _8370_/D
  _8371_/D
  _8372_/D
  _8373_/D
  _8374_/D
  _8375_/D
  _8376_/D
  _8377_/D
  _8378_/D
  _8379_/D
  _8380_/D
  _8381_/D
  _8382_/D
  _8383_/D
  _8384_/D
  _8385_/D
  _8386_/D
  _8387_/D
  _8388_/D
  _8389_/D
  _8390_/D
  _8391_/D
  _8392_/D
  _8393_/D
  _8394_/D
  _8395_/D
  _8396_/D
  _8397_/D
  _8398_/D
  _8399_/D
  _8400_/D
  _8401_/D
  _8402_/D
  _8403_/D
  _8404_/D
  _8405_/D
  _8406_/D
  _8407_/D
  _8408_/D
  _8409_/D
  _8410_/D
  _8411_/D
  _8412_/D
  _8413_/D
  _8414_/D
  _8415_/D
  _8416_/D
  _8417_/D
  _8418_/D
  _8419_/D
  _8420_/D
  _8421_/D
  _8422_/D
  _8423_/D
  _8424_/D
  _8425_/D
  _8426_/D
  _8427_/D
  _8428_/D
  _8429_/D
  _8430_/D
  _8431_/D
  _8432_/D
  _8433_/D
  _8434_/D
  _8435_/D
  _8436_/D
  _8437_/D
  _8438_/D
  _8439_/D
  _8440_/D
  _8441_/D
  _8442_/D
  _8443_/D
  _8444_/D
  _8445_/D
  _8446_/D
  _8447_/D
  _8448_/D
  _8449_/D
  _8450_/D
  _8451_/D
  _8452_/D
  _8453_/D
  _8454_/D
  _8455_/D
  _8456_/D
  _8457_/D
  _8458_/D
  _8459_/D
  _8460_/D
  _8461_/D
  _8462_/D
  _8463_/D
  _8464_/D
  _8465_/D
  _8466_/D
  _8467_/D
  _8468_/D
  _8469_/D
  _8470_/D
  _8471_/D
  _8472_/D
  _8473_/D
  _8474_/D
  _8475_/D
  _8476_/D
  _8477_/D
  _8478_/D
  _8479_/D
  _8480_/D
  _8481_/D
  _8482_/D
  _8483_/D
  _8484_/D
  _8485_/D
  _8486_/D
  _8487_/D
  _8488_/D
  _8489_/D
  _8490_/D
  _8491_/D
  _8492_/D
  _8493_/D
  _8494_/D
  _8495_/D
  _8496_/D
  _8497_/D
  _8498_/D
  _8499_/D
  _8500_/D
  _8501_/D
  _8502_/D
  _8503_/D
  _8504_/D
  _8505_/D
  _8506_/D
  _8507_/D
  _8508_/D
  _8509_/D
  _8510_/D
  _8511_/D
  _8512_/D
  _8513_/D
  _8514_/D
  _8515_/D
  _8516_/D
  _8517_/D
  _8518_/D
  _8519_/D
  _8520_/D
  _8521_/D
  _8522_/D
  _8523_/D
  _8524_/D
  _8525_/D
  _8526_/D
  _8527_/D
  _8528_/D
  _8529_/D
  _8530_/D
  _8531_/D
  _8532_/D
  _8533_/D
  _8534_/D
  _8535_/D
  _8536_/D
  _8537_/D
  _8538_/D
  _8539_/D
  _8540_/D
  _8541_/D
  _8542_/D
  _8543_/D
  _8544_/D
  _8545_/D
  _8546_/D
  _8547_/D
  _8548_/D
  _8549_/D
  _8550_/D
  _8551_/D
  _8552_/D
  _8553_/D
  _8554_/D
  _8555_/D
  _8556_/D
  _8557_/D
  _8558_/D
  _8559_/D
  _8560_/D
  _8561_/D
  _8562_/D
  _8563_/D
  _8564_/D
  _8565_/D
  _8566_/D
  _8567_/D
  _8568_/D
  _8569_/D
  _8570_/D
  _8571_/D
  _8572_/D
  _8573_/D
  _8574_/D
  _8575_/D
  _8576_/D
  _8577_/D
  _8578_/D
  _8579_/D
  _8580_/D
  _8581_/D
  _8582_/D
  _8583_/D
  _8584_/D
  _8585_/D
  _8586_/D
  _8587_/D
  _8588_/D
  _8589_/D
  _8590_/D
  _8591_/D
  _8592_/D
  _8593_/D
  _8594_/D
  _8595_/D
  _8596_/D
  _8597_/D
  _8598_/D
  _8599_/D
  _8600_/D
  _8601_/D
  _8602_/D
  _8603_/D
  _8604_/D
  _8605_/D
  _8606_/D
  _8607_/D
  _8608_/D
  _8609_/D
  _8610_/D
  _8611_/D
  _8612_/D
  _8613_/D
  _8614_/D
  _8615_/D
  _8616_/D
  _8617_/D
  _8618_/D
  _8619_/D
  _8620_/D
  _8621_/D
  _8622_/D
  _8623_/D
  _8624_/D
  _8625_/D
  _8626_/D
  _8627_/D
  _8628_/D
  _8629_/D
  _8630_/D
  _8631_/D
  _8632_/D
  _8633_/D
  _8634_/D
  _8635_/D
  _8636_/D
  _8637_/D
  _8638_/D
  _8639_/D
  _8640_/D
  _8641_/D
  _8642_/D
  _8643_/D
  _8644_/D
  _8645_/D
  _8646_/D
  _8647_/D
  _8648_/D
  _8649_/D
  _8650_/D
  _8651_/D
  _8652_/D
  _8653_/D
  _8654_/D
  _8655_/D
  _8656_/D
  _8657_/D
  _8658_/D
  _8659_/D
  _8660_/D
  _8661_/D
  _8662_/D
  _8663_/D
  _8664_/D
  _8665_/D
  _8666_/D
  _8667_/D
  _8668_/D
  _8669_/D
  _8670_/D
  _8671_/D
  _8672_/D
  _8673_/D
  _8674_/D
  _8675_/D
  _8676_/D
  _8677_/D
  _8678_/D
  _8679_/D
  _8680_/D
  _8681_/D
  _8682_/D
  _8683_/D
  _8684_/D
  _8685_/D
  _8686_/D
  _8687_/D
  _8688_/D
  _8689_/D
  _8690_/D
  _8691_/D
  _8692_/D
  _8693_/D
  _8694_/D
  _8695_/D
  _8696_/D
  _8697_/D
  _8698_/D
  _8699_/D
  _8700_/D
  _8701_/D
  _8702_/D
  _8703_/D
  _8704_/D
  _8705_/D
  _8706_/D
  _8707_/D
  _8708_/D
  _8709_/D
  _8710_/D
  _8711_/D
  _8712_/D
  _8713_/D
  _8714_/D
  _8715_/D
  _8716_/D
  _8717_/D
  _8718_/D
  _8719_/D
  _8720_/D
  _8721_/D
  _8722_/D
  _8723_/D
  _8724_/D
  _8725_/D
  _8726_/D
  _8727_/D
  _8728_/D
  _8729_/D
  _8730_/D
  _8731_/D
  _8732_/D
  _8733_/D
  _8734_/D
  _8735_/D
  _8736_/D
  _8737_/D
  _8738_/D
  _8739_/D
  _8740_/D
  _8741_/D
  _8742_/D
  _8743_/D
  _8744_/D
  _8745_/D
  _8746_/D
  _8747_/D
  _8748_/D
  _8749_/D
  _8750_/D
  _8751_/D
  _8752_/D
  _8753_/D
  _8754_/D
  _8755_/D
  _8756_/D
  _8757_/D
  _8758_/D
  _8759_/D
  _8760_/D
  _8761_/D
  _8762_/D
  _8763_/D
  _8764_/D
  _8765_/D
  _8766_/D
  _8767_/D
  _8768_/D
  _8769_/D
  _8770_/D
  _8771_/D
  _8772_/D
  _8773_/D
  _8774_/D
  _8775_/D
  _8776_/D
  _8777_/D
  _8778_/D
  _8779_/D
  _8780_/D
  _8781_/D
  _8782_/D
  _8783_/D
  _8784_/D
  _8785_/D
  _8786_/D
  _8787_/D
  _8788_/D
  _8789_/D
  _8790_/D
  _8791_/D
  _8792_/D
  _8793_/D
  _8794_/D
  _8795_/D
  _8796_/D
  _8797_/D
  _8798_/D
  _8799_/D
  _8800_/D
  _8801_/D
  _8802_/D
  _8803_/D
  _8804_/D
  _8805_/D
  _8806_/D
  _8807_/D
  _8808_/D
  _8809_/D
  _8810_/D
  _8811_/D
  _8812_/D
  _8813_/D
  _8814_/D
  _8815_/D
  _8816_/D
  _8817_/D
  _8818_/D
  _8819_/D
  _8820_/D
  _8821_/D
  _8822_/D
  _8823_/D
  _8824_/D
  _8825_/D
  _8826_/D
  _8827_/D
  _8828_/D
  _8829_/D
  _8830_/D
  _8831_/D
  _8832_/D
  _8833_/D
  _8834_/D
  _8835_/D
  _8836_/D
  _8837_/D
  _8838_/D
  _8839_/D
  _8840_/D
  _8841_/D
  _8842_/D
  _8843_/D
  _8844_/D
  _8845_/D
  _8846_/D
  _8847_/D
  _8848_/D
  _8849_/D
  _8850_/D
  _8851_/D
  _8852_/D
  _8853_/D
  _8854_/D
  _8855_/D
  _8856_/D
  _8857_/D
  _8858_/D
  _8859_/D
  _8860_/D
  _8861_/D
  _8862_/D
  _8863_/D
  _8864_/D
  _8865_/D
  _8866_/D
  _8867_/D
  _8868_/D
  _8869_/D
  _8870_/D
  _8871_/D
  _8872_/D
  _8873_/D
  _8874_/D
  _8875_/D
  _8876_/D
  _8877_/D
  _8878_/D
  _8879_/D
  _8880_/D
  _8881_/D
  _8882_/D
  _8883_/D
  _8884_/D
  _8885_/D
  _8886_/D
  _8887_/D
  _8888_/D
  _8889_/D
  _8890_/D
  _8891_/D
  _8892_/D
  _8893_/D
  _8894_/D
  _8895_/D
  _8896_/D
  _8897_/D
  _8898_/D
  _8899_/D
  _8900_/D
  _8901_/D
  _8902_/D
  _8903_/D
  _8904_/D
  _8905_/D
  _8906_/D
  _8907_/D
  _8908_/D
  _8909_/D
  _8910_/D
  _8911_/D
  _8912_/D
  _8913_/D
  _8914_/D
  _8915_/D
  _8916_/D
  _8917_/D
  _8918_/D
  _8919_/D
  _8920_/D
  _8921_/D
  _8922_/D
  _8923_/D
  _8924_/D
  _8925_/D
  _8926_/D
  _8927_/D
  _8928_/D
  _8929_/D
  _8930_/D
  _8931_/D
  _8932_/D
  _8933_/D
  _8934_/D
  _8935_/D
  _8936_/D
  _8937_/D
  _8938_/D
  _8939_/D
  _8940_/D
  _8941_/D
  _8942_/D
  _8943_/D
  _8944_/D
  _8945_/D
  _8946_/D
  _8947_/D
  _8948_/D
  _8949_/D
  _8950_/D
  _8951_/D
  _8952_/D
  _8953_/D
  _8954_/D
  _8955_/D
  _8956_/D
  _8957_/D
  _8958_/D
  _8959_/D
  _8960_/D
  _8961_/D
  _8962_/D
  _8963_/D
  _8964_/D
  _8965_/D
  _8966_/D
  _8967_/D
  _8968_/D
  _8969_/D
  _8970_/D
  _8971_/D
  _8972_/D
  _8973_/D
  _8974_/D
  _8975_/D
  _8976_/D
  _8977_/D
  _8978_/D
  _8979_/D
  _8980_/D
  _8981_/D
  _8982_/D
  _8983_/D
  _8984_/D
  _8985_/D
  _8986_/D
  _8987_/D
  _8988_/D
  _8989_/D
  _8990_/D
  _8991_/D
  _8992_/D
  _8993_/D
  _8994_/D
  _8995_/D
  _8996_/D
  _8997_/D
  _8998_/D
  _8999_/D
  _9000_/D
  _9001_/D
  _9002_/D
  _9003_/D
  _9004_/D
  _9005_/D
  _9006_/D
  _9007_/D
  _9008_/D
  _9009_/D
  _9010_/D
  _9011_/D
  _9012_/D
  _9013_/D
  _9014_/D
  _9015_/D
  _9016_/D
  _9017_/D
  _9018_/D
  _9019_/D
  _9020_/D
  _9021_/D
  _9022_/D
  _9023_/D
  _9024_/D
  _9025_/D
  _9026_/D
  _9027_/D
  _9028_/D
  _9029_/D
  _9030_/D
  _9031_/D
  _9032_/D
  _9033_/D
  _9034_/D
  _9035_/D
  _9036_/D
  _9037_/D
  _9038_/D
  _9039_/D
  _9040_/D
  _9041_/D
  _9042_/D
  _9043_/D
  _9044_/D
  _9045_/D
  _9046_/D
  _9047_/D
  _9048_/D
  _9049_/D
  _9050_/D
  _9051_/D
  _9052_/D
  _9053_/D
  _9054_/D
  _9055_/D
  _9056_/D
  _9057_/D
  _9058_/D
  _9059_/D
  _9060_/D
  _9061_/D
  _9062_/D
  _9063_/D
  _9064_/D
  _9065_/D
  _9066_/D
  _9067_/D
  _9068_/D
  _9069_/D
  _9070_/D
  _9071_/D
  _9072_/D
  _9073_/D
  _9074_/D
  _9075_/D
  _9076_/D
  _9077_/D
  _9078_/D
  _9079_/D
  _9080_/D
  _9081_/D
  _9082_/D
  _9083_/D
  _9084_/D
  _9085_/D
  _9086_/D
  _9087_/D
  _9088_/D
  _9089_/D
  _9090_/D
  _9091_/D
  _9092_/D
  _9093_/D
  _9094_/D
  _9095_/D
  _9096_/D
  _9097_/D
  _9098_/D
  _9099_/D
  _9100_/D
  _9101_/D
  _9102_/D
  _9103_/D
  _9104_/D
  _9105_/D
  _9106_/D
  _9107_/D
  _9108_/D
  _9109_/D
  _9110_/D
  _9111_/D
  _9112_/D
  _9113_/D
  _9114_/D
  _9115_/D
  _9116_/D
  _9117_/D
  _9118_/D
  _9119_/D
  _9120_/D
  _9121_/D
  _9122_/D
  _9123_/D
  _9124_/D
  _9125_/D
  _9126_/D
  _9127_/D
  _9128_/D
  _9129_/D
  _9130_/D
  _9131_/D
  _9132_/D
  _9133_/D
  _9134_/D
  _9135_/D
  _9136_/D
  _9137_/D
  _9138_/D
  _9139_/D
  _9140_/D
  _9141_/D
  _9142_/D
  _9143_/D
  _9144_/D
  _9145_/D
  _9146_/D
  _9147_/D
  _9148_/D
  _9149_/D
  _9150_/D
  _9151_/D
  _9152_/D
  _9153_/D
  _9154_/D
  _9155_/D
  _9156_/D
  _9157_/D
  _9158_/D
  _9159_/D
  _9160_/D
  _9161_/D
  _9162_/D
  _9163_/D
  _9164_/D
  _9165_/D
  _9166_/D
  _9167_/D
  _9168_/D
  _9169_/D
  _9170_/D
  _9171_/D
  _9172_/D
  _9173_/D
  _9174_/D
  _9175_/D
  _9176_/D
  _9177_/D
  _9178_/D
  _9179_/D
  _9180_/D
  _9181_/D
  _9182_/D
  _9183_/D
  _9184_/D
  _9185_/D
  _9186_/D
  _9187_/D
  _9188_/D
  _9189_/D
  _9190_/D
  _9191_/D
  _9192_/D
  _9193_/D
  _9194_/D
  _9195_/D
  _9196_/D
  _9197_/D
  _9198_/D
  _9199_/D
  _9200_/D
  _9201_/D
  _9202_/D
  _9203_/D
  _9204_/D
  _9205_/D
  _9206_/D
  _9207_/D
  _9208_/D
  _9209_/D
  _9210_/D
  _9211_/D
  _9212_/D
  _9213_/D
  _9214_/D
  _9215_/D
  _9216_/D
  _9217_/D
  _9218_/D
  _9219_/D
  _9220_/D
  _9221_/D
  _9222_/D
  _9223_/D
  _9224_/D
  _9225_/D
  _9226_/D
  _9227_/D
  _9228_/D
  _9229_/D
  _9230_/D
  _9231_/D
  _9232_/D
  _9233_/D
  _9234_/D
  _9235_/D
  _9236_/D
  _9237_/D
  _9238_/D
  _9239_/D
  _9240_/D
  _9241_/D
  _9242_/D
  _9243_/D
  _9244_/D
  _9245_/D
  _9246_/D
  _9247_/D
  _9248_/D
  _9249_/D
  _9250_/D
  _9251_/D
  _9252_/D
  _9253_/D
  _9254_/D
  _9255_/D
  _9256_/D
  _9257_/D
  _9258_/D
  _9259_/D
  _9260_/D
  _9261_/D
  _9262_/D
  _9263_/D
  _9264_/D
  _9265_/D
  _9266_/D
  _9267_/D
  _9268_/D
  _9269_/D
  _9270_/D
  _9271_/D
  _9272_/D
  _9273_/D
  _9274_/D
  _9275_/D
  _9276_/D
  _9277_/D
  _9278_/D
  _9279_/D
  _9280_/D
  _9281_/D
  _9282_/D
  _9283_/D
  _9284_/D
  _9285_/D
  _9286_/D
  _9287_/D
  _9288_/D
  _9289_/D
  _9290_/D
  _9291_/D
  _9292_/D
  _9293_/D
  _9294_/D
  _9295_/D
  _9296_/D
  _9297_/D
  _9298_/D
  _9299_/D
  _9300_/D
  _9301_/D
  _9302_/D
  _9303_/D
  _9304_/D
  _9305_/D
  _9306_/D
  _9307_/D
  _9308_/D
  _9309_/D
  _9310_/D
  _9311_/D
  _9312_/D
  _9313_/D
  _9314_/D
  _9315_/D
  _9316_/D
  _9317_/D
  _9318_/D
  _9319_/D
  _9320_/D
  _9321_/D
  _9322_/D
  _9323_/D
  _9324_/D
  _9325_/D
  _9326_/D
  _9327_/D
  _9328_/D
  _9329_/D
  _9330_/D
  _9331_/D
  _9332_/D
  _9333_/D
  _9334_/D
  _9335_/D
  _9336_/D
  _9337_/D
  _9338_/D
  _9339_/D
  _9340_/D
  _9341_/D
  _9342_/D
  _9343_/D
  _9344_/D
  _9345_/D
  _9346_/D
  _9347_/D
  _9348_/D
  _9349_/D
  _9350_/D
  _9351_/D
  _9352_/D
  _9353_/D
  _9354_/D
  _9355_/D
  _9356_/D
  _9357_/D
  _9358_/D
  _9359_/D
  _9360_/D
  _9361_/D
  _9362_/D
  _9363_/D
  _9364_/D
  _9365_/D
  _9366_/D
  _9367_/D
  _9368_/D
  _9369_/D
checks_report_end
power_report

===========================================================================
 report_power
============================================================================
======================= Typical Corner ===================================

Group                  Internal  Switching    Leakage      Total
                          Power      Power      Power      Power (Watts)
----------------------------------------------------------------
Sequential             1.66e-11   5.35e-12   9.33e-09   9.35e-09  39.4%
Combinational          3.01e-11   1.04e-11   1.43e-08   1.44e-08  60.6%
Clock                  0.00e+00   0.00e+00   0.00e+00   0.00e+00   0.0%
Macro                  0.00e+00   0.00e+00   0.00e+00   0.00e+00   0.0%
Pad                    0.00e+00   0.00e+00   0.00e+00   0.00e+00   0.0%
----------------------------------------------------------------
Total                  4.66e-11   1.57e-11   2.37e-08   2.37e-08 100.0%
                           0.2%       0.1%      99.7%

power_report_end
skew_report

===========================================================================
report_clock_skew
============================================================================
Clock core_clock
No launch/capture paths found.

skew_report_end
summary_report

===========================================================================
report_tns
============================================================================
tns 0.00

===========================================================================
report_wns
============================================================================
wns 0.00

===========================================================================
report_worst_slack -max (Setup)
============================================================================
worst slack INF

===========================================================================
report_worst_slack -min (Hold)
============================================================================
worst slack INF
summary_report_end
check_nonpropagated_clocks
core_clock
check_nonpropagated_clocks_end
[WARNING] Did not save OpenROAD database!
Writing SDF to '/openlane/designs/lab4/runs/RUN_2025.06.01_20.08.38/results/synthesis/lab4.sdf'…
