OpenROAD b16bda7e82721d10566ff7e2b68f1ff0be9f9e38 
Features included (+) or not (-): +Charts +GPU +GUI +Python
This program is licensed under the BSD-3 license. See the LICENSE file for details.
Components of this program may be licensed under more restrictive licenses which must be honored.
Top-level design name: lab4
Block boundaries: 0 0 180000 200000
Horizontal Tracks Origin: 340, Count: 294, Step: 680
Vertical Tracks Origin: 230, Count: 391, Step: 460
Placement details for the #E side
Virtual pin count:  0
Actual pin count:  96
Total pin count:  96
Tracks count:  147
Tracks per pin:  1
Used tracks count:  96
Unused track count:  51
Starting track index:  25
Placement Map:
[340, 1700, 3060, 4420, 5780, 7140, 8500, 9860, 11220, 12580, 13940, 15300, 16660, 18020, 19380, 20740, 22100, 23460, 24820, 26180, 27540, 28900, 30260, 31620, 32980, [91m34340[0m, [91m35700[0m, [91m37060[0m, [91m38420[0m, [91m39780[0m, [91m41140[0m, [91m42500[0m, [91m43860[0m, [91m45220[0m, [91m46580[0m, [91m47940[0m, [91m49300[0m, [91m50660[0m, [91m52020[0m, [91m53380[0m, [91m54740[0m, [91m56100[0m, [91m57460[0m, [91m58820[0m, [91m60180[0m, [91m61540[0m, [91m62900[0m, [91m64260[0m, [91m65620[0m, [91m66980[0m, [91m68340[0m, [91m69700[0m, [91m71060[0m, [91m72420[0m, [91m73780[0m, [91m75140[0m, [91m76500[0m, [91m77860[0m, [91m79220[0m, [91m80580[0m, [91m81940[0m, [91m83300[0m, [91m84660[0m, [91m86020[0m, [91m87380[0m, [91m88740[0m, [91m90100[0m, [91m91460[0m, [91m92820[0m, [91m94180[0m, [91m95540[0m, [91m96900[0m, [91m98260[0m, [91m99620[0m, [91m100980[0m, [91m102340[0m, [91m103700[0m, [91m105060[0m, [91m106420[0m, [91m107780[0m, [91m109140[0m, [91m110500[0m, [91m111860[0m, [91m113220[0m, [91m114580[0m, [91m115940[0m, [91m117300[0m, [91m118660[0m, [91m120020[0m, [91m121380[0m, [91m122740[0m, [91m124100[0m, [91m125460[0m, [91m126820[0m, [91m128180[0m, [91m129540[0m, [91m130900[0m, [91m132260[0m, [91m133620[0m, [91m134980[0m, [91m136340[0m, [91m137700[0m, [91m139060[0m, [91m140420[0m, [91m141780[0m, [91m143140[0m, [91m144500[0m, [91m145860[0m, [91m147220[0m, [91m148580[0m, [91m149940[0m, [91m151300[0m, [91m152660[0m, [91m154020[0m, [91m155380[0m, [91m156740[0m, [91m158100[0m, [91m159460[0m, [91m160820[0m, [91m162180[0m, [91m163540[0m, 164900, 166260, 167620, 168980, 170340, 171700, 173060, 174420, 175780, 177140, 178500, 179860, 181220, 182580, 183940, 185300, 186660, 188020, 189380, 190740, 192100, 193460, 194820, 196180, 197540, 198900, ]
Indices of used tracks: [25, 26, 27, 28, 29, 30, 31, 32, 33, 34, 35, 36, 37, 38, 39, 40, 41, 42, 43, 44, 45, 46, 47, 48, 49, 50, 51, 52, 53, 54, 55, 56, 57, 58, 59, 60, 61, 62, 63, 64, 65, 66, 67, 68, 69, 70, 71, 72, 73, 74, 75, 76, 77, 78, 79, 80, 81, 82, 83, 84, 85, 86, 87, 88, 89, 90, 91, 92, 93, 94, 95, 96, 97, 98, 99, 100, 101, 102, 103, 104, 105, 106, 107, 108, 109, 110, 111, 112, 113, 114, 115, 116, 117, 118, 119, 120]
---
Placement details for the #W side
Virtual pin count:  0
Actual pin count:  51
Total pin count:  51
Tracks count:  147
Tracks per pin:  2
Used tracks count:  101
Unused track count:  46
Starting track index:  23
Placement Map:
[340, 1700, 3060, 4420, 5780, 7140, 8500, 9860, 11220, 12580, 13940, 15300, 16660, 18020, 19380, 20740, 22100, 23460, 24820, 26180, 27540, 28900, 30260, [91m31620[0m, 32980, [91m34340[0m, 35700, [91m37060[0m, 38420, [91m39780[0m, 41140, [91m42500[0m, 43860, [91m45220[0m, 46580, [91m47940[0m, 49300, [91m50660[0m, 52020, [91m53380[0m, 54740, [91m56100[0m, 57460, [91m58820[0m, 60180, [91m61540[0m, 62900, [91m64260[0m, 65620, [91m66980[0m, 68340, [91m69700[0m, 71060, [91m72420[0m, 73780, [91m75140[0m, 76500, [91m77860[0m, 79220, [91m80580[0m, 81940, [91m83300[0m, 84660, [91m86020[0m, 87380, [91m88740[0m, 90100, [91m91460[0m, 92820, [91m94180[0m, 95540, [91m96900[0m, 98260, [91m99620[0m, 100980, [91m102340[0m, 103700, [91m105060[0m, 106420, [91m107780[0m, 109140, [91m110500[0m, 111860, [91m113220[0m, 114580, [91m115940[0m, 117300, [91m118660[0m, 120020, [91m121380[0m, 122740, [91m124100[0m, 125460, [91m126820[0m, 128180, [91m129540[0m, 130900, [91m132260[0m, 133620, [91m134980[0m, 136340, [91m137700[0m, 139060, [91m140420[0m, 141780, [91m143140[0m, 144500, [91m145860[0m, 147220, [91m148580[0m, 149940, [91m151300[0m, 152660, [91m154020[0m, 155380, [91m156740[0m, 158100, [91m159460[0m, 160820, [91m162180[0m, 163540, [91m164900[0m, 166260, [91m167620[0m, 168980, 170340, 171700, 173060, 174420, 175780, 177140, 178500, 179860, 181220, 182580, 183940, 185300, 186660, 188020, 189380, 190740, 192100, 193460, 194820, 196180, 197540, 198900, ]
Indices of used tracks: [23, 25, 27, 29, 31, 33, 35, 37, 39, 41, 43, 45, 47, 49, 51, 53, 55, 57, 59, 61, 63, 65, 67, 69, 71, 73, 75, 77, 79, 81, 83, 85, 87, 89, 91, 93, 95, 97, 99, 101, 103, 105, 107, 109, 111, 113, 115, 117, 119, 121, 123]
---
