
===========================================================================
report_checks -path_delay max (Setup)
============================================================================
======================= Typical Corner ===================================

Startpoint: _335_ (rising edge-triggered flip-flop clocked by core_clock)
Endpoint: _326_ (rising edge-triggered flip-flop clocked by core_clock)
Path Group: core_clock
Path Type: max

Fanout     Cap    Slew   Delay    Time   Description
-----------------------------------------------------------------------------
                  0.00    0.00    0.00   clock core_clock (rise edge)
                          0.00    0.00   clock network delay (ideal)
                  0.00    0.00    0.00 ^ _335_/CLK (sky130_fd_sc_hd__dfrtp_4)
     3    0.02    0.08    0.49    0.49 v _335_/Q (sky130_fd_sc_hd__dfrtp_4)
                                         div.count[15] (net)
                  0.08    0.00    0.49 v _157_/A (sky130_fd_sc_hd__or4b_2)
     1    0.01    0.14    0.74    1.23 v _157_/X (sky130_fd_sc_hd__or4b_2)
                                         _074_ (net)
                  0.14    0.00    1.23 v _161_/A (sky130_fd_sc_hd__or4_2)
     2    0.02    0.15    0.77    2.00 v _161_/X (sky130_fd_sc_hd__or4_2)
                                         _078_ (net)
                  0.15    0.00    2.00 v _167_/A (sky130_fd_sc_hd__or4_4)
     6    0.03    0.13    0.64    2.63 v _167_/X (sky130_fd_sc_hd__or4_4)
                                         _084_ (net)
                  0.13    0.00    2.64 v _187_/A (sky130_fd_sc_hd__and3_1)
     1    0.01    0.08    0.22    2.86 v _187_/X (sky130_fd_sc_hd__and3_1)
                                         _097_ (net)
                  0.08    0.00    2.86 v _188_/A (sky130_fd_sc_hd__buf_1)
     1    0.01    0.06    0.13    2.99 v _188_/X (sky130_fd_sc_hd__buf_1)
                                         _032_ (net)
                  0.06    0.00    2.99 v _326_/D (sky130_fd_sc_hd__dfrtp_4)
                                  2.99   data arrival time

                  0.00   10.00   10.00   clock core_clock (rise edge)
                          0.00   10.00   clock network delay (ideal)
                          0.00   10.00   clock reconvergence pessimism
                                 10.00 ^ _326_/CLK (sky130_fd_sc_hd__dfrtp_4)
                         -0.13    9.87   library setup time
                                  9.87   data required time
-----------------------------------------------------------------------------
                                  9.87   data required time
                                 -2.99   data arrival time
-----------------------------------------------------------------------------
                                  6.88   slack (MET)


Startpoint: _335_ (rising edge-triggered flip-flop clocked by core_clock)
Endpoint: _342_ (rising edge-triggered flip-flop clocked by core_clock)
Path Group: core_clock
Path Type: max

Fanout     Cap    Slew   Delay    Time   Description
-----------------------------------------------------------------------------
                  0.00    0.00    0.00   clock core_clock (rise edge)
                          0.00    0.00   clock network delay (ideal)
                  0.00    0.00    0.00 ^ _335_/CLK (sky130_fd_sc_hd__dfrtp_4)
     3    0.02    0.08    0.49    0.49 v _335_/Q (sky130_fd_sc_hd__dfrtp_4)
                                         div.count[15] (net)
                  0.08    0.00    0.49 v _157_/A (sky130_fd_sc_hd__or4b_2)
     1    0.01    0.14    0.74    1.23 v _157_/X (sky130_fd_sc_hd__or4b_2)
                                         _074_ (net)
                  0.14    0.00    1.23 v _161_/A (sky130_fd_sc_hd__or4_2)
     2    0.02    0.15    0.77    2.00 v _161_/X (sky130_fd_sc_hd__or4_2)
                                         _078_ (net)
                  0.15    0.00    2.00 v _167_/A (sky130_fd_sc_hd__or4_4)
     6    0.03    0.13    0.64    2.63 v _167_/X (sky130_fd_sc_hd__or4_4)
                                         _084_ (net)
                  0.13    0.00    2.64 v _238_/A (sky130_fd_sc_hd__and3_1)
     1    0.01    0.07    0.21    2.84 v _238_/X (sky130_fd_sc_hd__and3_1)
                                         _132_ (net)
                  0.07    0.00    2.84 v _239_/A (sky130_fd_sc_hd__buf_1)
     1    0.01    0.07    0.14    2.98 v _239_/X (sky130_fd_sc_hd__buf_1)
                                         _018_ (net)
                  0.07    0.00    2.98 v _342_/D (sky130_fd_sc_hd__dfrtp_4)
                                  2.98   data arrival time

                  0.00   10.00   10.00   clock core_clock (rise edge)
                          0.00   10.00   clock network delay (ideal)
                          0.00   10.00   clock reconvergence pessimism
                                 10.00 ^ _342_/CLK (sky130_fd_sc_hd__dfrtp_4)
                         -0.14    9.86   library setup time
                                  9.86   data required time
-----------------------------------------------------------------------------
                                  9.86   data required time
                                 -2.98   data arrival time
-----------------------------------------------------------------------------
                                  6.88   slack (MET)


Startpoint: _335_ (rising edge-triggered flip-flop clocked by core_clock)
Endpoint: _339_ (rising edge-triggered flip-flop clocked by core_clock)
Path Group: core_clock
Path Type: max

Fanout     Cap    Slew   Delay    Time   Description
-----------------------------------------------------------------------------
                  0.00    0.00    0.00   clock core_clock (rise edge)
                          0.00    0.00   clock network delay (ideal)
                  0.00    0.00    0.00 ^ _335_/CLK (sky130_fd_sc_hd__dfrtp_4)
     3    0.02    0.08    0.49    0.49 v _335_/Q (sky130_fd_sc_hd__dfrtp_4)
                                         div.count[15] (net)
                  0.08    0.00    0.49 v _157_/A (sky130_fd_sc_hd__or4b_2)
     1    0.01    0.14    0.74    1.23 v _157_/X (sky130_fd_sc_hd__or4b_2)
                                         _074_ (net)
                  0.14    0.00    1.23 v _161_/A (sky130_fd_sc_hd__or4_2)
     2    0.02    0.15    0.77    2.00 v _161_/X (sky130_fd_sc_hd__or4_2)
                                         _078_ (net)
                  0.15    0.00    2.00 v _167_/A (sky130_fd_sc_hd__or4_4)
     6    0.03    0.13    0.64    2.63 v _167_/X (sky130_fd_sc_hd__or4_4)
                                         _084_ (net)
                  0.13    0.00    2.64 v _230_/A (sky130_fd_sc_hd__and3_1)
     1    0.01    0.06    0.21    2.84 v _230_/X (sky130_fd_sc_hd__and3_1)
                                         _127_ (net)
                  0.06    0.00    2.84 v _231_/A (sky130_fd_sc_hd__buf_1)
     1    0.01    0.06    0.13    2.97 v _231_/X (sky130_fd_sc_hd__buf_1)
                                         _014_ (net)
                  0.06    0.00    2.97 v _339_/D (sky130_fd_sc_hd__dfrtp_4)
                                  2.97   data arrival time

                  0.00   10.00   10.00   clock core_clock (rise edge)
                          0.00   10.00   clock network delay (ideal)
                          0.00   10.00   clock reconvergence pessimism
                                 10.00 ^ _339_/CLK (sky130_fd_sc_hd__dfrtp_4)
                         -0.13    9.87   library setup time
                                  9.87   data required time
-----------------------------------------------------------------------------
                                  9.87   data required time
                                 -2.97   data arrival time
-----------------------------------------------------------------------------
                                  6.90   slack (MET)


Startpoint: _335_ (rising edge-triggered flip-flop clocked by core_clock)
Endpoint: _320_ (rising edge-triggered flip-flop clocked by core_clock)
Path Group: core_clock
Path Type: max

Fanout     Cap    Slew   Delay    Time   Description
-----------------------------------------------------------------------------
                  0.00    0.00    0.00   clock core_clock (rise edge)
                          0.00    0.00   clock network delay (ideal)
                  0.00    0.00    0.00 ^ _335_/CLK (sky130_fd_sc_hd__dfrtp_4)
     3    0.02    0.08    0.49    0.49 v _335_/Q (sky130_fd_sc_hd__dfrtp_4)
                                         div.count[15] (net)
                  0.08    0.00    0.49 v _157_/A (sky130_fd_sc_hd__or4b_2)
     1    0.01    0.14    0.74    1.23 v _157_/X (sky130_fd_sc_hd__or4b_2)
                                         _074_ (net)
                  0.14    0.00    1.23 v _161_/A (sky130_fd_sc_hd__or4_2)
     2    0.02    0.15    0.77    2.00 v _161_/X (sky130_fd_sc_hd__or4_2)
                                         _078_ (net)
                  0.15    0.00    2.00 v _167_/A (sky130_fd_sc_hd__or4_4)
     6    0.03    0.13    0.64    2.63 v _167_/X (sky130_fd_sc_hd__or4_4)
                                         _084_ (net)
                  0.13    0.00    2.64 v _169_/B (sky130_fd_sc_hd__and2b_1)
     1    0.01    0.07    0.22    2.86 v _169_/X (sky130_fd_sc_hd__and2b_1)
                                         _085_ (net)
                  0.07    0.00    2.86 v _170_/A (sky130_fd_sc_hd__clkbuf_1)
     1    0.00    0.04    0.10    2.97 v _170_/X (sky130_fd_sc_hd__clkbuf_1)
                                         _004_ (net)
                  0.04    0.00    2.97 v _320_/D (sky130_fd_sc_hd__dfrtp_4)
                                  2.97   data arrival time

                  0.00   10.00   10.00   clock core_clock (rise edge)
                          0.00   10.00   clock network delay (ideal)
                          0.00   10.00   clock reconvergence pessimism
                                 10.00 ^ _320_/CLK (sky130_fd_sc_hd__dfrtp_4)
                         -0.12    9.88   library setup time
                                  9.88   data required time
-----------------------------------------------------------------------------
                                  9.88   data required time
                                 -2.97   data arrival time
-----------------------------------------------------------------------------
                                  6.91   slack (MET)


Startpoint: _335_ (rising edge-triggered flip-flop clocked by core_clock)
Endpoint: _328_ (rising edge-triggered flip-flop clocked by core_clock)
Path Group: core_clock
Path Type: max

Fanout     Cap    Slew   Delay    Time   Description
-----------------------------------------------------------------------------
                  0.00    0.00    0.00   clock core_clock (rise edge)
                          0.00    0.00   clock network delay (ideal)
                  0.00    0.00    0.00 ^ _335_/CLK (sky130_fd_sc_hd__dfrtp_4)
     3    0.02    0.08    0.49    0.49 v _335_/Q (sky130_fd_sc_hd__dfrtp_4)
                                         div.count[15] (net)
                  0.08    0.00    0.49 v _157_/A (sky130_fd_sc_hd__or4b_2)
     1    0.01    0.14    0.74    1.23 v _157_/X (sky130_fd_sc_hd__or4b_2)
                                         _074_ (net)
                  0.14    0.00    1.23 v _161_/A (sky130_fd_sc_hd__or4_2)
     2    0.02    0.15    0.77    2.00 v _161_/X (sky130_fd_sc_hd__or4_2)
                                         _078_ (net)
                  0.15    0.00    2.00 v _167_/A (sky130_fd_sc_hd__or4_4)
     6    0.03    0.13    0.64    2.63 v _167_/X (sky130_fd_sc_hd__or4_4)
                                         _084_ (net)
                  0.13    0.00    2.64 v _193_/B1 (sky130_fd_sc_hd__o21ai_1)
     1    0.01    0.18    0.15    2.78 ^ _193_/Y (sky130_fd_sc_hd__o21ai_1)
                                         _101_ (net)
                  0.18    0.00    2.78 ^ _194_/B1 (sky130_fd_sc_hd__a21oi_1)
     1    0.00    0.06    0.07    2.85 v _194_/Y (sky130_fd_sc_hd__a21oi_1)
                                         _034_ (net)
                  0.06    0.00    2.85 v _328_/D (sky130_fd_sc_hd__dfrtp_4)
                                  2.85   data arrival time

                  0.00   10.00   10.00   clock core_clock (rise edge)
                          0.00   10.00   clock network delay (ideal)
                          0.00   10.00   clock reconvergence pessimism
                                 10.00 ^ _328_/CLK (sky130_fd_sc_hd__dfrtp_4)
                         -0.13    9.87   library setup time
                                  9.87   data required time
-----------------------------------------------------------------------------
                                  9.87   data required time
                                 -2.85   data arrival time
-----------------------------------------------------------------------------
                                  7.02   slack (MET)


Startpoint: _335_ (rising edge-triggered flip-flop clocked by core_clock)
Endpoint: _356_ (rising edge-triggered flip-flop clocked by core_clock)
Path Group: core_clock
Path Type: max

Fanout     Cap    Slew   Delay    Time   Description
-----------------------------------------------------------------------------
                  0.00    0.00    0.00   clock core_clock (rise edge)
                          0.00    0.00   clock network delay (ideal)
                  0.00    0.00    0.00 ^ _335_/CLK (sky130_fd_sc_hd__dfrtp_4)
     3    0.02    0.08    0.49    0.49 v _335_/Q (sky130_fd_sc_hd__dfrtp_4)
                                         div.count[15] (net)
                  0.08    0.00    0.49 v _157_/A (sky130_fd_sc_hd__or4b_2)
     1    0.01    0.14    0.74    1.23 v _157_/X (sky130_fd_sc_hd__or4b_2)
                                         _074_ (net)
                  0.14    0.00    1.23 v _161_/A (sky130_fd_sc_hd__or4_2)
     2    0.02    0.15    0.77    2.00 v _161_/X (sky130_fd_sc_hd__or4_2)
                                         _078_ (net)
                  0.15    0.00    2.00 v _167_/A (sky130_fd_sc_hd__or4_4)
     6    0.03    0.13    0.64    2.63 v _167_/X (sky130_fd_sc_hd__or4_4)
                                         _084_ (net)
                  0.13    0.00    2.64 v _168_/B (sky130_fd_sc_hd__xnor2_1)
     1    0.01    0.17    0.20    2.84 ^ _168_/Y (sky130_fd_sc_hd__xnor2_1)
                                         _073_ (net)
                  0.17    0.00    2.84 ^ _356_/D (sky130_fd_sc_hd__dfrtp_4)
                                  2.84   data arrival time

                  0.00   10.00   10.00   clock core_clock (rise edge)
                          0.00   10.00   clock network delay (ideal)
                          0.00   10.00   clock reconvergence pessimism
                                 10.00 ^ _356_/CLK (sky130_fd_sc_hd__dfrtp_4)
                         -0.10    9.90   library setup time
                                  9.90   data required time
-----------------------------------------------------------------------------
                                  9.90   data required time
                                 -2.84   data arrival time
-----------------------------------------------------------------------------
                                  7.06   slack (MET)


Startpoint: _335_ (rising edge-triggered flip-flop clocked by core_clock)
Endpoint: _331_ (rising edge-triggered flip-flop clocked by core_clock)
Path Group: core_clock
Path Type: max

Fanout     Cap    Slew   Delay    Time   Description
-----------------------------------------------------------------------------
                  0.00    0.00    0.00   clock core_clock (rise edge)
                          0.00    0.00   clock network delay (ideal)
                  0.00    0.00    0.00 ^ _335_/CLK (sky130_fd_sc_hd__dfrtp_4)
     3    0.02    0.08    0.49    0.49 v _335_/Q (sky130_fd_sc_hd__dfrtp_4)
                                         div.count[15] (net)
                  0.08    0.00    0.49 v _157_/A (sky130_fd_sc_hd__or4b_2)
     1    0.01    0.14    0.74    1.23 v _157_/X (sky130_fd_sc_hd__or4b_2)
                                         _074_ (net)
                  0.14    0.00    1.23 v _161_/A (sky130_fd_sc_hd__or4_2)
     2    0.02    0.15    0.77    2.00 v _161_/X (sky130_fd_sc_hd__or4_2)
                                         _078_ (net)
                  0.15    0.00    2.00 v _199_/A (sky130_fd_sc_hd__or3_4)
     4    0.02    0.09    0.46    2.46 v _199_/X (sky130_fd_sc_hd__or3_4)
                                         _106_ (net)
                  0.09    0.00    2.46 v _206_/A (sky130_fd_sc_hd__and3_1)
     1    0.01    0.08    0.21    2.67 v _206_/X (sky130_fd_sc_hd__and3_1)
                                         _111_ (net)
                  0.08    0.00    2.67 v _207_/A (sky130_fd_sc_hd__clkbuf_1)
     1    0.00    0.03    0.11    2.78 v _207_/X (sky130_fd_sc_hd__clkbuf_1)
                                         _006_ (net)
                  0.03    0.00    2.78 v _331_/D (sky130_fd_sc_hd__dfrtp_4)
                                  2.78   data arrival time

                  0.00   10.00   10.00   clock core_clock (rise edge)
                          0.00   10.00   clock network delay (ideal)
                          0.00   10.00   clock reconvergence pessimism
                                 10.00 ^ _331_/CLK (sky130_fd_sc_hd__dfrtp_4)
                         -0.12    9.88   library setup time
                                  9.88   data required time
-----------------------------------------------------------------------------
                                  9.88   data required time
                                 -2.78   data arrival time
-----------------------------------------------------------------------------
                                  7.10   slack (MET)


Startpoint: _335_ (rising edge-triggered flip-flop clocked by core_clock)
Endpoint: _338_ (rising edge-triggered flip-flop clocked by core_clock)
Path Group: core_clock
Path Type: max

Fanout     Cap    Slew   Delay    Time   Description
-----------------------------------------------------------------------------
                  0.00    0.00    0.00   clock core_clock (rise edge)
                          0.00    0.00   clock network delay (ideal)
                  0.00    0.00    0.00 ^ _335_/CLK (sky130_fd_sc_hd__dfrtp_4)
     3    0.02    0.08    0.49    0.49 v _335_/Q (sky130_fd_sc_hd__dfrtp_4)
                                         div.count[15] (net)
                  0.08    0.00    0.49 v _157_/A (sky130_fd_sc_hd__or4b_2)
     1    0.01    0.14    0.74    1.23 v _157_/X (sky130_fd_sc_hd__or4b_2)
                                         _074_ (net)
                  0.14    0.00    1.23 v _161_/A (sky130_fd_sc_hd__or4_2)
     2    0.02    0.15    0.77    2.00 v _161_/X (sky130_fd_sc_hd__or4_2)
                                         _078_ (net)
                  0.15    0.00    2.00 v _199_/A (sky130_fd_sc_hd__or3_4)
     4    0.02    0.09    0.46    2.46 v _199_/X (sky130_fd_sc_hd__or3_4)
                                         _106_ (net)
                  0.09    0.00    2.46 v _225_/A (sky130_fd_sc_hd__and3_1)
     1    0.00    0.04    0.17    2.63 v _225_/X (sky130_fd_sc_hd__and3_1)
                                         _123_ (net)
                  0.04    0.00    2.63 v _226_/A (sky130_fd_sc_hd__buf_1)
     1    0.01    0.05    0.11    2.73 v _226_/X (sky130_fd_sc_hd__buf_1)
                                         _013_ (net)
                  0.05    0.00    2.73 v _338_/D (sky130_fd_sc_hd__dfrtp_4)
                                  2.73   data arrival time

                  0.00   10.00   10.00   clock core_clock (rise edge)
                          0.00   10.00   clock network delay (ideal)
                          0.00   10.00   clock reconvergence pessimism
                                 10.00 ^ _338_/CLK (sky130_fd_sc_hd__dfrtp_4)
                         -0.13    9.87   library setup time
                                  9.87   data required time
-----------------------------------------------------------------------------
                                  9.87   data required time
                                 -2.73   data arrival time
-----------------------------------------------------------------------------
                                  7.14   slack (MET)


Startpoint: _335_ (rising edge-triggered flip-flop clocked by core_clock)
Endpoint: _329_ (rising edge-triggered flip-flop clocked by core_clock)
Path Group: core_clock
Path Type: max

Fanout     Cap    Slew   Delay    Time   Description
-----------------------------------------------------------------------------
                  0.00    0.00    0.00   clock core_clock (rise edge)
                          0.00    0.00   clock network delay (ideal)
                  0.00    0.00    0.00 ^ _335_/CLK (sky130_fd_sc_hd__dfrtp_4)
     3    0.02    0.08    0.49    0.49 v _335_/Q (sky130_fd_sc_hd__dfrtp_4)
                                         div.count[15] (net)
                  0.08    0.00    0.49 v _157_/A (sky130_fd_sc_hd__or4b_2)
     1    0.01    0.14    0.74    1.23 v _157_/X (sky130_fd_sc_hd__or4b_2)
                                         _074_ (net)
                  0.14    0.00    1.23 v _161_/A (sky130_fd_sc_hd__or4_2)
     2    0.02    0.15    0.77    2.00 v _161_/X (sky130_fd_sc_hd__or4_2)
                                         _078_ (net)
                  0.15    0.00    2.00 v _199_/A (sky130_fd_sc_hd__or3_4)
     4    0.02    0.09    0.46    2.46 v _199_/X (sky130_fd_sc_hd__or3_4)
                                         _106_ (net)
                  0.09    0.00    2.46 v _201_/A (sky130_fd_sc_hd__nand2_1)
     1    0.01    0.07    0.09    2.55 ^ _201_/Y (sky130_fd_sc_hd__nand2_1)
                                         _108_ (net)
                  0.07    0.00    2.55 ^ _202_/B (sky130_fd_sc_hd__nor2_1)
     1    0.01    0.05    0.06    2.61 v _202_/Y (sky130_fd_sc_hd__nor2_1)
                                         _035_ (net)
                  0.05    0.00    2.61 v _329_/D (sky130_fd_sc_hd__dfrtp_4)
                                  2.61   data arrival time

                  0.00   10.00   10.00   clock core_clock (rise edge)
                          0.00   10.00   clock network delay (ideal)
                          0.00   10.00   clock reconvergence pessimism
                                 10.00 ^ _329_/CLK (sky130_fd_sc_hd__dfrtp_4)
                         -0.13    9.87   library setup time
                                  9.87   data required time
-----------------------------------------------------------------------------
                                  9.87   data required time
                                 -2.61   data arrival time
-----------------------------------------------------------------------------
                                  7.26   slack (MET)


Startpoint: _335_ (rising edge-triggered flip-flop clocked by core_clock)
Endpoint: _334_ (rising edge-triggered flip-flop clocked by core_clock)
Path Group: core_clock
Path Type: max

Fanout     Cap    Slew   Delay    Time   Description
-----------------------------------------------------------------------------
                  0.00    0.00    0.00   clock core_clock (rise edge)
                          0.00    0.00   clock network delay (ideal)
                  0.00    0.00    0.00 ^ _335_/CLK (sky130_fd_sc_hd__dfrtp_4)
     3    0.02    0.08    0.49    0.49 v _335_/Q (sky130_fd_sc_hd__dfrtp_4)
                                         div.count[15] (net)
                  0.08    0.00    0.49 v _157_/A (sky130_fd_sc_hd__or4b_2)
     1    0.01    0.14    0.74    1.23 v _157_/X (sky130_fd_sc_hd__or4b_2)
                                         _074_ (net)
                  0.14    0.00    1.23 v _161_/A (sky130_fd_sc_hd__or4_2)
     2    0.02    0.15    0.77    2.00 v _161_/X (sky130_fd_sc_hd__or4_2)
                                         _078_ (net)
                  0.15    0.00    2.00 v _199_/A (sky130_fd_sc_hd__or3_4)
     4    0.02    0.09    0.46    2.46 v _199_/X (sky130_fd_sc_hd__or3_4)
                                         _106_ (net)
                  0.09    0.00    2.46 v _214_/C1 (sky130_fd_sc_hd__o211a_1)
     1    0.00    0.04    0.12    2.58 v _214_/X (sky130_fd_sc_hd__o211a_1)
                                         _009_ (net)
                  0.04    0.00    2.58 v _334_/D (sky130_fd_sc_hd__dfrtp_2)
                                  2.58   data arrival time

                  0.00   10.00   10.00   clock core_clock (rise edge)
                          0.00   10.00   clock network delay (ideal)
                          0.00   10.00   clock reconvergence pessimism
                                 10.00 ^ _334_/CLK (sky130_fd_sc_hd__dfrtp_2)
                         -0.12    9.88   library setup time
                                  9.88   data required time
-----------------------------------------------------------------------------
                                  9.88   data required time
                                 -2.58   data arrival time
-----------------------------------------------------------------------------
                                  7.29   slack (MET)


Startpoint: _322_ (rising edge-triggered flip-flop clocked by core_clock)
Endpoint: _346_ (rising edge-triggered flip-flop clocked by core_clock)
Path Group: core_clock
Path Type: max

Fanout     Cap    Slew   Delay    Time   Description
-----------------------------------------------------------------------------
                  0.00    0.00    0.00   clock core_clock (rise edge)
                          0.00    0.00   clock network delay (ideal)
                  0.00    0.00    0.00 ^ _322_/CLK (sky130_fd_sc_hd__dfrtp_4)
     4    0.02    0.10    0.43    0.43 ^ _322_/Q (sky130_fd_sc_hd__dfrtp_4)
                                         div.count[2] (net)
                  0.10    0.00    0.43 ^ _176_/C (sky130_fd_sc_hd__and4_1)
     1    0.01    0.10    0.23    0.66 ^ _176_/X (sky130_fd_sc_hd__and4_1)
                                         _089_ (net)
                  0.10    0.00    0.66 ^ _177_/A (sky130_fd_sc_hd__clkbuf_4)
     8    0.04    0.13    0.21    0.87 ^ _177_/X (sky130_fd_sc_hd__clkbuf_4)
                                         _090_ (net)
                  0.13    0.00    0.87 ^ _217_/A (sky130_fd_sc_hd__and4_1)
     1    0.01    0.10    0.23    1.10 ^ _217_/X (sky130_fd_sc_hd__and4_1)
                                         _117_ (net)
                  0.10    0.00    1.11 ^ _218_/A (sky130_fd_sc_hd__clkbuf_4)
     9    0.05    0.14    0.23    1.33 ^ _218_/X (sky130_fd_sc_hd__clkbuf_4)
                                         _118_ (net)
                  0.14    0.00    1.34 ^ _243_/A (sky130_fd_sc_hd__and2_2)
     4    0.03    0.14    0.24    1.58 ^ _243_/X (sky130_fd_sc_hd__and2_2)
                                         _135_ (net)
                  0.14    0.00    1.58 ^ _246_/C (sky130_fd_sc_hd__and3_1)
     2    0.02    0.16    0.26    1.84 ^ _246_/X (sky130_fd_sc_hd__and3_1)
                                         _137_ (net)
                  0.16    0.00    1.84 ^ _248_/B (sky130_fd_sc_hd__xor2_1)
     1    0.01    0.17    0.20    2.04 ^ _248_/X (sky130_fd_sc_hd__xor2_1)
                                         _022_ (net)
                  0.17    0.00    2.04 ^ _346_/D (sky130_fd_sc_hd__dfrtp_2)
                                  2.04   data arrival time

                  0.00   10.00   10.00   clock core_clock (rise edge)
                          0.00   10.00   clock network delay (ideal)
                          0.00   10.00   clock reconvergence pessimism
                                 10.00 ^ _346_/CLK (sky130_fd_sc_hd__dfrtp_2)
                         -0.10    9.90   library setup time
                                  9.90   data required time
-----------------------------------------------------------------------------
                                  9.90   data required time
                                 -2.04   data arrival time
-----------------------------------------------------------------------------
                                  7.86   slack (MET)


Startpoint: _322_ (rising edge-triggered flip-flop clocked by core_clock)
Endpoint: _343_ (rising edge-triggered flip-flop clocked by core_clock)
Path Group: core_clock
Path Type: max

Fanout     Cap    Slew   Delay    Time   Description
-----------------------------------------------------------------------------
                  0.00    0.00    0.00   clock core_clock (rise edge)
                          0.00    0.00   clock network delay (ideal)
                  0.00    0.00    0.00 ^ _322_/CLK (sky130_fd_sc_hd__dfrtp_4)
     4    0.02    0.10    0.43    0.43 ^ _322_/Q (sky130_fd_sc_hd__dfrtp_4)
                                         div.count[2] (net)
                  0.10    0.00    0.43 ^ _176_/C (sky130_fd_sc_hd__and4_1)
     1    0.01    0.10    0.23    0.66 ^ _176_/X (sky130_fd_sc_hd__and4_1)
                                         _089_ (net)
                  0.10    0.00    0.66 ^ _177_/A (sky130_fd_sc_hd__clkbuf_4)
     8    0.04    0.13    0.21    0.87 ^ _177_/X (sky130_fd_sc_hd__clkbuf_4)
                                         _090_ (net)
                  0.13    0.00    0.87 ^ _217_/A (sky130_fd_sc_hd__and4_1)
     1    0.01    0.10    0.23    1.10 ^ _217_/X (sky130_fd_sc_hd__and4_1)
                                         _117_ (net)
                  0.10    0.00    1.11 ^ _218_/A (sky130_fd_sc_hd__clkbuf_4)
     9    0.05    0.14    0.23    1.33 ^ _218_/X (sky130_fd_sc_hd__clkbuf_4)
                                         _118_ (net)
                  0.14    0.00    1.34 ^ _232_/B (sky130_fd_sc_hd__and3_2)
     4    0.03    0.15    0.29    1.63 ^ _232_/X (sky130_fd_sc_hd__and3_2)
                                         _128_ (net)
                  0.15    0.00    1.63 ^ _237_/C (sky130_fd_sc_hd__nand3_2)
     2    0.01    0.10    0.13    1.76 v _237_/Y (sky130_fd_sc_hd__nand3_2)
                                         _131_ (net)
                  0.10    0.00    1.76 v _240_/B (sky130_fd_sc_hd__xnor2_1)
     1    0.01    0.24    0.25    2.01 ^ _240_/Y (sky130_fd_sc_hd__xnor2_1)
                                         _019_ (net)
                  0.24    0.00    2.01 ^ _343_/D (sky130_fd_sc_hd__dfrtp_2)
                                  2.01   data arrival time

                  0.00   10.00   10.00   clock core_clock (rise edge)
                          0.00   10.00   clock network delay (ideal)
                          0.00   10.00   clock reconvergence pessimism
                                 10.00 ^ _343_/CLK (sky130_fd_sc_hd__dfrtp_2)
                         -0.12    9.88   library setup time
                                  9.88   data required time
-----------------------------------------------------------------------------
                                  9.88   data required time
                                 -2.01   data arrival time
-----------------------------------------------------------------------------
                                  7.87   slack (MET)


Startpoint: _322_ (rising edge-triggered flip-flop clocked by core_clock)
Endpoint: _349_ (rising edge-triggered flip-flop clocked by core_clock)
Path Group: core_clock
Path Type: max

Fanout     Cap    Slew   Delay    Time   Description
-----------------------------------------------------------------------------
                  0.00    0.00    0.00   clock core_clock (rise edge)
                          0.00    0.00   clock network delay (ideal)
                  0.00    0.00    0.00 ^ _322_/CLK (sky130_fd_sc_hd__dfrtp_4)
     4    0.02    0.08    0.49    0.49 v _322_/Q (sky130_fd_sc_hd__dfrtp_4)
                                         div.count[2] (net)
                  0.08    0.00    0.49 v _176_/C (sky130_fd_sc_hd__and4_1)
     1    0.01    0.06    0.23    0.71 v _176_/X (sky130_fd_sc_hd__and4_1)
                                         _089_ (net)
                  0.06    0.00    0.71 v _177_/A (sky130_fd_sc_hd__clkbuf_4)
     8    0.04    0.09    0.19    0.91 v _177_/X (sky130_fd_sc_hd__clkbuf_4)
                                         _090_ (net)
                  0.09    0.00    0.91 v _217_/A (sky130_fd_sc_hd__and4_1)
     1    0.01    0.06    0.19    1.10 v _217_/X (sky130_fd_sc_hd__and4_1)
                                         _117_ (net)
                  0.06    0.00    1.10 v _218_/A (sky130_fd_sc_hd__clkbuf_4)
     9    0.04    0.10    0.20    1.30 v _218_/X (sky130_fd_sc_hd__clkbuf_4)
                                         _118_ (net)
                  0.10    0.00    1.30 v _251_/A (sky130_fd_sc_hd__and3_2)
     5    0.02    0.08    0.25    1.55 v _251_/X (sky130_fd_sc_hd__and3_2)
                                         _140_ (net)
                  0.08    0.00    1.55 v _253_/B (sky130_fd_sc_hd__and2_1)
     2    0.01    0.06    0.20    1.75 v _253_/X (sky130_fd_sc_hd__and2_1)
                                         _141_ (net)
                  0.06    0.00    1.75 v _257_/A2 (sky130_fd_sc_hd__o21a_1)
     1    0.01    0.08    0.22    1.96 v _257_/X (sky130_fd_sc_hd__o21a_1)
                                         _025_ (net)
                  0.08    0.00    1.96 v _349_/D (sky130_fd_sc_hd__dfrtp_4)
                                  1.96   data arrival time

                  0.00   10.00   10.00   clock core_clock (rise edge)
                          0.00   10.00   clock network delay (ideal)
                          0.00   10.00   clock reconvergence pessimism
                                 10.00 ^ _349_/CLK (sky130_fd_sc_hd__dfrtp_4)
                         -0.14    9.86   library setup time
                                  9.86   data required time
-----------------------------------------------------------------------------
                                  9.86   data required time
                                 -1.96   data arrival time
-----------------------------------------------------------------------------
                                  7.90   slack (MET)


Startpoint: _322_ (rising edge-triggered flip-flop clocked by core_clock)
Endpoint: _351_ (rising edge-triggered flip-flop clocked by core_clock)
Path Group: core_clock
Path Type: max

Fanout     Cap    Slew   Delay    Time   Description
-----------------------------------------------------------------------------
                  0.00    0.00    0.00   clock core_clock (rise edge)
                          0.00    0.00   clock network delay (ideal)
                  0.00    0.00    0.00 ^ _322_/CLK (sky130_fd_sc_hd__dfrtp_4)
     4    0.02    0.10    0.43    0.43 ^ _322_/Q (sky130_fd_sc_hd__dfrtp_4)
                                         div.count[2] (net)
                  0.10    0.00    0.43 ^ _176_/C (sky130_fd_sc_hd__and4_1)
     1    0.01    0.10    0.23    0.66 ^ _176_/X (sky130_fd_sc_hd__and4_1)
                                         _089_ (net)
                  0.10    0.00    0.66 ^ _177_/A (sky130_fd_sc_hd__clkbuf_4)
     8    0.04    0.13    0.21    0.87 ^ _177_/X (sky130_fd_sc_hd__clkbuf_4)
                                         _090_ (net)
                  0.13    0.00    0.87 ^ _217_/A (sky130_fd_sc_hd__and4_1)
     1    0.01    0.10    0.23    1.10 ^ _217_/X (sky130_fd_sc_hd__and4_1)
                                         _117_ (net)
                  0.10    0.00    1.11 ^ _218_/A (sky130_fd_sc_hd__clkbuf_4)
     9    0.05    0.14    0.23    1.33 ^ _218_/X (sky130_fd_sc_hd__clkbuf_4)
                                         _118_ (net)
                  0.14    0.00    1.34 ^ _251_/A (sky130_fd_sc_hd__and3_2)
     5    0.02    0.14    0.27    1.61 ^ _251_/X (sky130_fd_sc_hd__and3_2)
                                         _140_ (net)
                  0.14    0.00    1.61 ^ _259_/D (sky130_fd_sc_hd__and4_1)
     1    0.01    0.08    0.23    1.84 ^ _259_/X (sky130_fd_sc_hd__and4_1)
                                         _144_ (net)
                  0.08    0.00    1.84 ^ _260_/B (sky130_fd_sc_hd__xor2_1)
     1    0.00    0.15    0.17    2.01 ^ _260_/X (sky130_fd_sc_hd__xor2_1)
                                         _028_ (net)
                  0.15    0.00    2.01 ^ _351_/D (sky130_fd_sc_hd__dfrtp_1)
                                  2.01   data arrival time

                  0.00   10.00   10.00   clock core_clock (rise edge)
                          0.00   10.00   clock network delay (ideal)
                          0.00   10.00   clock reconvergence pessimism
                                 10.00 ^ _351_/CLK (sky130_fd_sc_hd__dfrtp_1)
                         -0.09    9.91   library setup time
                                  9.91   data required time
-----------------------------------------------------------------------------
                                  9.91   data required time
                                 -2.01   data arrival time
-----------------------------------------------------------------------------
                                  7.90   slack (MET)


Startpoint: _322_ (rising edge-triggered flip-flop clocked by core_clock)
Endpoint: _347_ (rising edge-triggered flip-flop clocked by core_clock)
Path Group: core_clock
Path Type: max

Fanout     Cap    Slew   Delay    Time   Description
-----------------------------------------------------------------------------
                  0.00    0.00    0.00   clock core_clock (rise edge)
                          0.00    0.00   clock network delay (ideal)
                  0.00    0.00    0.00 ^ _322_/CLK (sky130_fd_sc_hd__dfrtp_4)
     4    0.02    0.08    0.49    0.49 v _322_/Q (sky130_fd_sc_hd__dfrtp_4)
                                         div.count[2] (net)
                  0.08    0.00    0.49 v _176_/C (sky130_fd_sc_hd__and4_1)
     1    0.01    0.06    0.23    0.71 v _176_/X (sky130_fd_sc_hd__and4_1)
                                         _089_ (net)
                  0.06    0.00    0.71 v _177_/A (sky130_fd_sc_hd__clkbuf_4)
     8    0.04    0.09    0.19    0.91 v _177_/X (sky130_fd_sc_hd__clkbuf_4)
                                         _090_ (net)
                  0.09    0.00    0.91 v _217_/A (sky130_fd_sc_hd__and4_1)
     1    0.01    0.06    0.19    1.10 v _217_/X (sky130_fd_sc_hd__and4_1)
                                         _117_ (net)
                  0.06    0.00    1.10 v _218_/A (sky130_fd_sc_hd__clkbuf_4)
     9    0.04    0.10    0.20    1.30 v _218_/X (sky130_fd_sc_hd__clkbuf_4)
                                         _118_ (net)
                  0.10    0.00    1.30 v _243_/A (sky130_fd_sc_hd__and2_2)
     4    0.02    0.08    0.24    1.54 v _243_/X (sky130_fd_sc_hd__and2_2)
                                         _135_ (net)
                  0.08    0.00    1.54 v _249_/D (sky130_fd_sc_hd__and4_1)
     1    0.01    0.06    0.23    1.78 v _249_/X (sky130_fd_sc_hd__and4_1)
                                         _138_ (net)
                  0.06    0.00    1.78 v _252_/A2 (sky130_fd_sc_hd__o21ba_1)
     1    0.01    0.05    0.19    1.96 v _252_/X (sky130_fd_sc_hd__o21ba_1)
                                         _023_ (net)
                  0.05    0.00    1.96 v _347_/D (sky130_fd_sc_hd__dfrtp_1)
                                  1.96   data arrival time

                  0.00   10.00   10.00   clock core_clock (rise edge)
                          0.00   10.00   clock network delay (ideal)
                          0.00   10.00   clock reconvergence pessimism
                                 10.00 ^ _347_/CLK (sky130_fd_sc_hd__dfrtp_1)
                         -0.13    9.87   library setup time
                                  9.87   data required time
-----------------------------------------------------------------------------
                                  9.87   data required time
                                 -1.96   data arrival time
-----------------------------------------------------------------------------
                                  7.91   slack (MET)


Startpoint: _322_ (rising edge-triggered flip-flop clocked by core_clock)
Endpoint: _345_ (rising edge-triggered flip-flop clocked by core_clock)
Path Group: core_clock
Path Type: max

Fanout     Cap    Slew   Delay    Time   Description
-----------------------------------------------------------------------------
                  0.00    0.00    0.00   clock core_clock (rise edge)
                          0.00    0.00   clock network delay (ideal)
                  0.00    0.00    0.00 ^ _322_/CLK (sky130_fd_sc_hd__dfrtp_4)
     4    0.02    0.08    0.49    0.49 v _322_/Q (sky130_fd_sc_hd__dfrtp_4)
                                         div.count[2] (net)
                  0.08    0.00    0.49 v _176_/C (sky130_fd_sc_hd__and4_1)
     1    0.01    0.06    0.23    0.71 v _176_/X (sky130_fd_sc_hd__and4_1)
                                         _089_ (net)
                  0.06    0.00    0.71 v _177_/A (sky130_fd_sc_hd__clkbuf_4)
     8    0.04    0.09    0.19    0.91 v _177_/X (sky130_fd_sc_hd__clkbuf_4)
                                         _090_ (net)
                  0.09    0.00    0.91 v _217_/A (sky130_fd_sc_hd__and4_1)
     1    0.01    0.06    0.19    1.10 v _217_/X (sky130_fd_sc_hd__and4_1)
                                         _117_ (net)
                  0.06    0.00    1.10 v _218_/A (sky130_fd_sc_hd__clkbuf_4)
     9    0.04    0.10    0.20    1.30 v _218_/X (sky130_fd_sc_hd__clkbuf_4)
                                         _118_ (net)
                  0.10    0.00    1.30 v _243_/A (sky130_fd_sc_hd__and2_2)
     4    0.02    0.08    0.24    1.54 v _243_/X (sky130_fd_sc_hd__and2_2)
                                         _135_ (net)
                  0.08    0.00    1.55 v _246_/C (sky130_fd_sc_hd__and3_1)
     2    0.01    0.09    0.24    1.79 v _246_/X (sky130_fd_sc_hd__and3_1)
                                         _137_ (net)
                  0.09    0.00    1.79 v _247_/B (sky130_fd_sc_hd__nor2_1)
     1    0.01    0.19    0.18    1.97 ^ _247_/Y (sky130_fd_sc_hd__nor2_1)
                                         _021_ (net)
                  0.19    0.00    1.97 ^ _345_/D (sky130_fd_sc_hd__dfrtp_2)
                                  1.97   data arrival time

                  0.00   10.00   10.00   clock core_clock (rise edge)
                          0.00   10.00   clock network delay (ideal)
                          0.00   10.00   clock reconvergence pessimism
                                 10.00 ^ _345_/CLK (sky130_fd_sc_hd__dfrtp_2)
                         -0.10    9.90   library setup time
                                  9.90   data required time
-----------------------------------------------------------------------------
                                  9.90   data required time
                                 -1.97   data arrival time
-----------------------------------------------------------------------------
                                  7.93   slack (MET)


Startpoint: _322_ (rising edge-triggered flip-flop clocked by core_clock)
Endpoint: _348_ (rising edge-triggered flip-flop clocked by core_clock)
Path Group: core_clock
Path Type: max

Fanout     Cap    Slew   Delay    Time   Description
-----------------------------------------------------------------------------
                  0.00    0.00    0.00   clock core_clock (rise edge)
                          0.00    0.00   clock network delay (ideal)
                  0.00    0.00    0.00 ^ _322_/CLK (sky130_fd_sc_hd__dfrtp_4)
     4    0.02    0.08    0.49    0.49 v _322_/Q (sky130_fd_sc_hd__dfrtp_4)
                                         div.count[2] (net)
                  0.08    0.00    0.49 v _176_/C (sky130_fd_sc_hd__and4_1)
     1    0.01    0.06    0.23    0.71 v _176_/X (sky130_fd_sc_hd__and4_1)
                                         _089_ (net)
                  0.06    0.00    0.71 v _177_/A (sky130_fd_sc_hd__clkbuf_4)
     8    0.04    0.09    0.19    0.91 v _177_/X (sky130_fd_sc_hd__clkbuf_4)
                                         _090_ (net)
                  0.09    0.00    0.91 v _217_/A (sky130_fd_sc_hd__and4_1)
     1    0.01    0.06    0.19    1.10 v _217_/X (sky130_fd_sc_hd__and4_1)
                                         _117_ (net)
                  0.06    0.00    1.10 v _218_/A (sky130_fd_sc_hd__clkbuf_4)
     9    0.04    0.10    0.20    1.30 v _218_/X (sky130_fd_sc_hd__clkbuf_4)
                                         _118_ (net)
                  0.10    0.00    1.30 v _251_/A (sky130_fd_sc_hd__and3_2)
     5    0.02    0.08    0.25    1.55 v _251_/X (sky130_fd_sc_hd__and3_2)
                                         _140_ (net)
                  0.08    0.00    1.55 v _254_/B (sky130_fd_sc_hd__nor2_1)
     1    0.01    0.26    0.23    1.78 ^ _254_/Y (sky130_fd_sc_hd__nor2_1)
                                         _142_ (net)
                  0.26    0.00    1.78 ^ _255_/B (sky130_fd_sc_hd__nor2_1)
     1    0.01    0.08    0.11    1.89 v _255_/Y (sky130_fd_sc_hd__nor2_1)
                                         _024_ (net)
                  0.08    0.00    1.89 v _348_/D (sky130_fd_sc_hd__dfrtp_4)
                                  1.89   data arrival time

                  0.00   10.00   10.00   clock core_clock (rise edge)
                          0.00   10.00   clock network delay (ideal)
                          0.00   10.00   clock reconvergence pessimism
                                 10.00 ^ _348_/CLK (sky130_fd_sc_hd__dfrtp_4)
                         -0.14    9.86   library setup time
                                  9.86   data required time
-----------------------------------------------------------------------------
                                  9.86   data required time
                                 -1.89   data arrival time
-----------------------------------------------------------------------------
                                  7.97   slack (MET)


Startpoint: _322_ (rising edge-triggered flip-flop clocked by core_clock)
Endpoint: _350_ (rising edge-triggered flip-flop clocked by core_clock)
Path Group: core_clock
Path Type: max

Fanout     Cap    Slew   Delay    Time   Description
-----------------------------------------------------------------------------
                  0.00    0.00    0.00   clock core_clock (rise edge)
                          0.00    0.00   clock network delay (ideal)
                  0.00    0.00    0.00 ^ _322_/CLK (sky130_fd_sc_hd__dfrtp_4)
     4    0.02    0.10    0.43    0.43 ^ _322_/Q (sky130_fd_sc_hd__dfrtp_4)
                                         div.count[2] (net)
                  0.10    0.00    0.43 ^ _176_/C (sky130_fd_sc_hd__and4_1)
     1    0.01    0.10    0.23    0.66 ^ _176_/X (sky130_fd_sc_hd__and4_1)
                                         _089_ (net)
                  0.10    0.00    0.66 ^ _177_/A (sky130_fd_sc_hd__clkbuf_4)
     8    0.04    0.13    0.21    0.87 ^ _177_/X (sky130_fd_sc_hd__clkbuf_4)
                                         _090_ (net)
                  0.13    0.00    0.87 ^ _217_/A (sky130_fd_sc_hd__and4_1)
     1    0.01    0.10    0.23    1.10 ^ _217_/X (sky130_fd_sc_hd__and4_1)
                                         _117_ (net)
                  0.10    0.00    1.11 ^ _218_/A (sky130_fd_sc_hd__clkbuf_4)
     9    0.05    0.14    0.23    1.33 ^ _218_/X (sky130_fd_sc_hd__clkbuf_4)
                                         _118_ (net)
                  0.14    0.00    1.34 ^ _251_/A (sky130_fd_sc_hd__and3_2)
     5    0.02    0.14    0.27    1.61 ^ _251_/X (sky130_fd_sc_hd__and3_2)
                                         _140_ (net)
                  0.14    0.00    1.61 ^ _256_/C (sky130_fd_sc_hd__nand3_2)
     2    0.01    0.10    0.13    1.74 v _256_/Y (sky130_fd_sc_hd__nand3_2)
                                         _143_ (net)
                  0.10    0.00    1.74 v _258_/B (sky130_fd_sc_hd__xnor2_1)
     1    0.00    0.05    0.14    1.88 v _258_/Y (sky130_fd_sc_hd__xnor2_1)
                                         _027_ (net)
                  0.05    0.00    1.88 v _350_/D (sky130_fd_sc_hd__dfrtp_2)
                                  1.88   data arrival time

                  0.00   10.00   10.00   clock core_clock (rise edge)
                          0.00   10.00   clock network delay (ideal)
                          0.00   10.00   clock reconvergence pessimism
                                 10.00 ^ _350_/CLK (sky130_fd_sc_hd__dfrtp_2)
                         -0.13    9.87   library setup time
                                  9.87   data required time
-----------------------------------------------------------------------------
                                  9.87   data required time
                                 -1.88   data arrival time
-----------------------------------------------------------------------------
                                  7.99   slack (MET)


Startpoint: _322_ (rising edge-triggered flip-flop clocked by core_clock)
Endpoint: _335_ (rising edge-triggered flip-flop clocked by core_clock)
Path Group: core_clock
Path Type: max

Fanout     Cap    Slew   Delay    Time   Description
-----------------------------------------------------------------------------
                  0.00    0.00    0.00   clock core_clock (rise edge)
                          0.00    0.00   clock network delay (ideal)
                  0.00    0.00    0.00 ^ _322_/CLK (sky130_fd_sc_hd__dfrtp_4)
     4    0.02    0.10    0.43    0.43 ^ _322_/Q (sky130_fd_sc_hd__dfrtp_4)
                                         div.count[2] (net)
                  0.10    0.00    0.43 ^ _176_/C (sky130_fd_sc_hd__and4_1)
     1    0.01    0.10    0.23    0.66 ^ _176_/X (sky130_fd_sc_hd__and4_1)
                                         _089_ (net)
                  0.10    0.00    0.66 ^ _177_/A (sky130_fd_sc_hd__clkbuf_4)
     8    0.04    0.13    0.21    0.87 ^ _177_/X (sky130_fd_sc_hd__clkbuf_4)
                                         _090_ (net)
                  0.13    0.00    0.87 ^ _195_/C (sky130_fd_sc_hd__and4_1)
     1    0.01    0.11    0.25    1.12 ^ _195_/X (sky130_fd_sc_hd__and4_1)
                                         _102_ (net)
                  0.11    0.00    1.12 ^ _196_/A (sky130_fd_sc_hd__clkbuf_4)
     6    0.04    0.13    0.22    1.34 ^ _196_/X (sky130_fd_sc_hd__clkbuf_4)
                                         _103_ (net)
                  0.13    0.00    1.34 ^ _211_/A (sky130_fd_sc_hd__and2_2)
     3    0.02    0.12    0.23    1.56 ^ _211_/X (sky130_fd_sc_hd__and2_2)
                                         _114_ (net)
                  0.12    0.00    1.56 ^ _213_/B (sky130_fd_sc_hd__nand2_2)
     2    0.02    0.09    0.11    1.67 v _213_/Y (sky130_fd_sc_hd__nand2_2)
                                         _115_ (net)
                  0.09    0.00    1.68 v _215_/B (sky130_fd_sc_hd__xnor2_2)
     1    0.01    0.21    0.21    1.89 ^ _215_/Y (sky130_fd_sc_hd__xnor2_2)
                                         _010_ (net)
                  0.21    0.00    1.89 ^ _335_/D (sky130_fd_sc_hd__dfrtp_4)
                                  1.89   data arrival time

                  0.00   10.00   10.00   clock core_clock (rise edge)
                          0.00   10.00   clock network delay (ideal)
                          0.00   10.00   clock reconvergence pessimism
                                 10.00 ^ _335_/CLK (sky130_fd_sc_hd__dfrtp_4)
                         -0.11    9.89   library setup time
                                  9.89   data required time
-----------------------------------------------------------------------------
                                  9.89   data required time
                                 -1.89   data arrival time
-----------------------------------------------------------------------------
                                  8.00   slack (MET)


Startpoint: _322_ (rising edge-triggered flip-flop clocked by core_clock)
Endpoint: _341_ (rising edge-triggered flip-flop clocked by core_clock)
Path Group: core_clock
Path Type: max

Fanout     Cap    Slew   Delay    Time   Description
-----------------------------------------------------------------------------
                  0.00    0.00    0.00   clock core_clock (rise edge)
                          0.00    0.00   clock network delay (ideal)
                  0.00    0.00    0.00 ^ _322_/CLK (sky130_fd_sc_hd__dfrtp_4)
     4    0.02    0.10    0.43    0.43 ^ _322_/Q (sky130_fd_sc_hd__dfrtp_4)
                                         div.count[2] (net)
                  0.10    0.00    0.43 ^ _176_/C (sky130_fd_sc_hd__and4_1)
     1    0.01    0.10    0.23    0.66 ^ _176_/X (sky130_fd_sc_hd__and4_1)
                                         _089_ (net)
                  0.10    0.00    0.66 ^ _177_/A (sky130_fd_sc_hd__clkbuf_4)
     8    0.04    0.13    0.21    0.87 ^ _177_/X (sky130_fd_sc_hd__clkbuf_4)
                                         _090_ (net)
                  0.13    0.00    0.87 ^ _217_/A (sky130_fd_sc_hd__and4_1)
     1    0.01    0.10    0.23    1.10 ^ _217_/X (sky130_fd_sc_hd__and4_1)
                                         _117_ (net)
                  0.10    0.00    1.11 ^ _218_/A (sky130_fd_sc_hd__clkbuf_4)
     9    0.05    0.14    0.23    1.33 ^ _218_/X (sky130_fd_sc_hd__clkbuf_4)
                                         _118_ (net)
                  0.14    0.00    1.34 ^ _232_/B (sky130_fd_sc_hd__and3_2)
     4    0.03    0.15    0.29    1.63 ^ _232_/X (sky130_fd_sc_hd__and3_2)
                                         _128_ (net)
                  0.15    0.00    1.63 ^ _235_/B (sky130_fd_sc_hd__xor2_1)
     1    0.01    0.22    0.24    1.87 ^ _235_/X (sky130_fd_sc_hd__xor2_1)
                                         _017_ (net)
                  0.22    0.00    1.87 ^ _341_/D (sky130_fd_sc_hd__dfrtp_4)
                                  1.87   data arrival time

                  0.00   10.00   10.00   clock core_clock (rise edge)
                          0.00   10.00   clock network delay (ideal)
                          0.00   10.00   clock reconvergence pessimism
                                 10.00 ^ _341_/CLK (sky130_fd_sc_hd__dfrtp_4)
                         -0.11    9.89   library setup time
                                  9.89   data required time
-----------------------------------------------------------------------------
                                  9.89   data required time
                                 -1.87   data arrival time
-----------------------------------------------------------------------------
                                  8.02   slack (MET)


Startpoint: _322_ (rising edge-triggered flip-flop clocked by core_clock)
Endpoint: _344_ (rising edge-triggered flip-flop clocked by core_clock)
Path Group: core_clock
Path Type: max

Fanout     Cap    Slew   Delay    Time   Description
-----------------------------------------------------------------------------
                  0.00    0.00    0.00   clock core_clock (rise edge)
                          0.00    0.00   clock network delay (ideal)
                  0.00    0.00    0.00 ^ _322_/CLK (sky130_fd_sc_hd__dfrtp_4)
     4    0.02    0.10    0.43    0.43 ^ _322_/Q (sky130_fd_sc_hd__dfrtp_4)
                                         div.count[2] (net)
                  0.10    0.00    0.43 ^ _176_/C (sky130_fd_sc_hd__and4_1)
     1    0.01    0.10    0.23    0.66 ^ _176_/X (sky130_fd_sc_hd__and4_1)
                                         _089_ (net)
                  0.10    0.00    0.66 ^ _177_/A (sky130_fd_sc_hd__clkbuf_4)
     8    0.04    0.13    0.21    0.87 ^ _177_/X (sky130_fd_sc_hd__clkbuf_4)
                                         _090_ (net)
                  0.13    0.00    0.87 ^ _217_/A (sky130_fd_sc_hd__and4_1)
     1    0.01    0.10    0.23    1.10 ^ _217_/X (sky130_fd_sc_hd__and4_1)
                                         _117_ (net)
                  0.10    0.00    1.11 ^ _218_/A (sky130_fd_sc_hd__clkbuf_4)
     9    0.05    0.14    0.23    1.33 ^ _218_/X (sky130_fd_sc_hd__clkbuf_4)
                                         _118_ (net)
                  0.14    0.00    1.34 ^ _243_/A (sky130_fd_sc_hd__and2_2)
     4    0.03    0.14    0.24    1.58 ^ _243_/X (sky130_fd_sc_hd__and2_2)
                                         _135_ (net)
                  0.14    0.00    1.58 ^ _244_/B (sky130_fd_sc_hd__xor2_1)
     1    0.01    0.25    0.26    1.84 ^ _244_/X (sky130_fd_sc_hd__xor2_1)
                                         _020_ (net)
                  0.25    0.00    1.84 ^ _344_/D (sky130_fd_sc_hd__dfrtp_4)
                                  1.84   data arrival time

                  0.00   10.00   10.00   clock core_clock (rise edge)
                          0.00   10.00   clock network delay (ideal)
                          0.00   10.00   clock reconvergence pessimism
                                 10.00 ^ _344_/CLK (sky130_fd_sc_hd__dfrtp_4)
                         -0.12    9.88   library setup time
                                  9.88   data required time
-----------------------------------------------------------------------------
                                  9.88   data required time
                                 -1.84   data arrival time
-----------------------------------------------------------------------------
                                  8.04   slack (MET)


Startpoint: _322_ (rising edge-triggered flip-flop clocked by core_clock)
Endpoint: _337_ (rising edge-triggered flip-flop clocked by core_clock)
Path Group: core_clock
Path Type: max

Fanout     Cap    Slew   Delay    Time   Description
-----------------------------------------------------------------------------
                  0.00    0.00    0.00   clock core_clock (rise edge)
                          0.00    0.00   clock network delay (ideal)
                  0.00    0.00    0.00 ^ _322_/CLK (sky130_fd_sc_hd__dfrtp_4)
     4    0.02    0.08    0.49    0.49 v _322_/Q (sky130_fd_sc_hd__dfrtp_4)
                                         div.count[2] (net)
                  0.08    0.00    0.49 v _176_/C (sky130_fd_sc_hd__and4_1)
     1    0.01    0.06    0.23    0.71 v _176_/X (sky130_fd_sc_hd__and4_1)
                                         _089_ (net)
                  0.06    0.00    0.71 v _177_/A (sky130_fd_sc_hd__clkbuf_4)
     8    0.04    0.09    0.19    0.91 v _177_/X (sky130_fd_sc_hd__clkbuf_4)
                                         _090_ (net)
                  0.09    0.00    0.91 v _217_/A (sky130_fd_sc_hd__and4_1)
     1    0.01    0.06    0.19    1.10 v _217_/X (sky130_fd_sc_hd__and4_1)
                                         _117_ (net)
                  0.06    0.00    1.10 v _218_/A (sky130_fd_sc_hd__clkbuf_4)
     9    0.04    0.10    0.20    1.30 v _218_/X (sky130_fd_sc_hd__clkbuf_4)
                                         _118_ (net)
                  0.10    0.00    1.30 v _221_/C (sky130_fd_sc_hd__and3_2)
     2    0.02    0.08    0.28    1.58 v _221_/X (sky130_fd_sc_hd__and3_2)
                                         _120_ (net)
                  0.08    0.00    1.58 v _222_/B (sky130_fd_sc_hd__nor2_2)
     1    0.02    0.19    0.18    1.76 ^ _222_/Y (sky130_fd_sc_hd__nor2_2)
                                         _012_ (net)
                  0.19    0.00    1.76 ^ _337_/D (sky130_fd_sc_hd__dfrtp_4)
                                  1.76   data arrival time

                  0.00   10.00   10.00   clock core_clock (rise edge)
                          0.00   10.00   clock network delay (ideal)
                          0.00   10.00   clock reconvergence pessimism
                                 10.00 ^ _337_/CLK (sky130_fd_sc_hd__dfrtp_4)
                         -0.10    9.90   library setup time
                                  9.90   data required time
-----------------------------------------------------------------------------
                                  9.90   data required time
                                 -1.76   data arrival time
-----------------------------------------------------------------------------
                                  8.14   slack (MET)


Startpoint: _322_ (rising edge-triggered flip-flop clocked by core_clock)
Endpoint: _333_ (rising edge-triggered flip-flop clocked by core_clock)
Path Group: core_clock
Path Type: max

Fanout     Cap    Slew   Delay    Time   Description
-----------------------------------------------------------------------------
                  0.00    0.00    0.00   clock core_clock (rise edge)
                          0.00    0.00   clock network delay (ideal)
                  0.00    0.00    0.00 ^ _322_/CLK (sky130_fd_sc_hd__dfrtp_4)
     4    0.02    0.08    0.49    0.49 v _322_/Q (sky130_fd_sc_hd__dfrtp_4)
                                         div.count[2] (net)
                  0.08    0.00    0.49 v _176_/C (sky130_fd_sc_hd__and4_1)
     1    0.01    0.06    0.23    0.71 v _176_/X (sky130_fd_sc_hd__and4_1)
                                         _089_ (net)
                  0.06    0.00    0.71 v _177_/A (sky130_fd_sc_hd__clkbuf_4)
     8    0.04    0.09    0.19    0.91 v _177_/X (sky130_fd_sc_hd__clkbuf_4)
                                         _090_ (net)
                  0.09    0.00    0.91 v _195_/C (sky130_fd_sc_hd__and4_1)
     1    0.01    0.06    0.23    1.14 v _195_/X (sky130_fd_sc_hd__and4_1)
                                         _102_ (net)
                  0.06    0.00    1.14 v _196_/A (sky130_fd_sc_hd__clkbuf_4)
     6    0.04    0.09    0.20    1.33 v _196_/X (sky130_fd_sc_hd__clkbuf_4)
                                         _103_ (net)
                  0.09    0.00    1.33 v _209_/D (sky130_fd_sc_hd__and4_1)
     1    0.01    0.06    0.23    1.57 v _209_/X (sky130_fd_sc_hd__and4_1)
                                         _112_ (net)
                  0.06    0.00    1.57 v _212_/A2 (sky130_fd_sc_hd__o21ba_1)
     1    0.00    0.04    0.17    1.74 v _212_/X (sky130_fd_sc_hd__o21ba_1)
                                         _008_ (net)
                  0.04    0.00    1.74 v _333_/D (sky130_fd_sc_hd__dfrtp_2)
                                  1.74   data arrival time

                  0.00   10.00   10.00   clock core_clock (rise edge)
                          0.00   10.00   clock network delay (ideal)
                          0.00   10.00   clock reconvergence pessimism
                                 10.00 ^ _333_/CLK (sky130_fd_sc_hd__dfrtp_2)
                         -0.12    9.88   library setup time
                                  9.88   data required time
-----------------------------------------------------------------------------
                                  9.88   data required time
                                 -1.74   data arrival time
-----------------------------------------------------------------------------
                                  8.14   slack (MET)


Startpoint: _322_ (rising edge-triggered flip-flop clocked by core_clock)
Endpoint: _340_ (rising edge-triggered flip-flop clocked by core_clock)
Path Group: core_clock
Path Type: max

Fanout     Cap    Slew   Delay    Time   Description
-----------------------------------------------------------------------------
                  0.00    0.00    0.00   clock core_clock (rise edge)
                          0.00    0.00   clock network delay (ideal)
                  0.00    0.00    0.00 ^ _322_/CLK (sky130_fd_sc_hd__dfrtp_4)
     4    0.02    0.10    0.43    0.43 ^ _322_/Q (sky130_fd_sc_hd__dfrtp_4)
                                         div.count[2] (net)
                  0.10    0.00    0.43 ^ _176_/C (sky130_fd_sc_hd__and4_1)
     1    0.01    0.10    0.23    0.66 ^ _176_/X (sky130_fd_sc_hd__and4_1)
                                         _089_ (net)
                  0.10    0.00    0.66 ^ _177_/A (sky130_fd_sc_hd__clkbuf_4)
     8    0.04    0.13    0.21    0.87 ^ _177_/X (sky130_fd_sc_hd__clkbuf_4)
                                         _090_ (net)
                  0.13    0.00    0.87 ^ _217_/A (sky130_fd_sc_hd__and4_1)
     1    0.01    0.10    0.23    1.10 ^ _217_/X (sky130_fd_sc_hd__and4_1)
                                         _117_ (net)
                  0.10    0.00    1.11 ^ _218_/A (sky130_fd_sc_hd__clkbuf_4)
     9    0.05    0.14    0.23    1.33 ^ _218_/X (sky130_fd_sc_hd__clkbuf_4)
                                         _118_ (net)
                  0.14    0.00    1.34 ^ _232_/B (sky130_fd_sc_hd__and3_2)
     4    0.03    0.15    0.29    1.63 ^ _232_/X (sky130_fd_sc_hd__and3_2)
                                         _128_ (net)
                  0.15    0.00    1.63 ^ _234_/A (sky130_fd_sc_hd__nor2_1)
     1    0.00    0.06    0.07    1.70 v _234_/Y (sky130_fd_sc_hd__nor2_1)
                                         _016_ (net)
                  0.06    0.00    1.70 v _340_/D (sky130_fd_sc_hd__dfrtp_4)
                                  1.70   data arrival time

                  0.00   10.00   10.00   clock core_clock (rise edge)
                          0.00   10.00   clock network delay (ideal)
                          0.00   10.00   clock reconvergence pessimism
                                 10.00 ^ _340_/CLK (sky130_fd_sc_hd__dfrtp_4)
                         -0.13    9.87   library setup time
                                  9.87   data required time
-----------------------------------------------------------------------------
                                  9.87   data required time
                                 -1.70   data arrival time
-----------------------------------------------------------------------------
                                  8.17   slack (MET)


Startpoint: _322_ (rising edge-triggered flip-flop clocked by core_clock)
Endpoint: _332_ (rising edge-triggered flip-flop clocked by core_clock)
Path Group: core_clock
Path Type: max

Fanout     Cap    Slew   Delay    Time   Description
-----------------------------------------------------------------------------
                  0.00    0.00    0.00   clock core_clock (rise edge)
                          0.00    0.00   clock network delay (ideal)
                  0.00    0.00    0.00 ^ _322_/CLK (sky130_fd_sc_hd__dfrtp_4)
     4    0.02    0.10    0.43    0.43 ^ _322_/Q (sky130_fd_sc_hd__dfrtp_4)
                                         div.count[2] (net)
                  0.10    0.00    0.43 ^ _176_/C (sky130_fd_sc_hd__and4_1)
     1    0.01    0.10    0.23    0.66 ^ _176_/X (sky130_fd_sc_hd__and4_1)
                                         _089_ (net)
                  0.10    0.00    0.66 ^ _177_/A (sky130_fd_sc_hd__clkbuf_4)
     8    0.04    0.13    0.21    0.87 ^ _177_/X (sky130_fd_sc_hd__clkbuf_4)
                                         _090_ (net)
                  0.13    0.00    0.87 ^ _195_/C (sky130_fd_sc_hd__and4_1)
     1    0.01    0.11    0.25    1.12 ^ _195_/X (sky130_fd_sc_hd__and4_1)
                                         _102_ (net)
                  0.11    0.00    1.12 ^ _196_/A (sky130_fd_sc_hd__clkbuf_4)
     6    0.04    0.13    0.22    1.34 ^ _196_/X (sky130_fd_sc_hd__clkbuf_4)
                                         _103_ (net)
                  0.13    0.00    1.34 ^ _205_/C (sky130_fd_sc_hd__nand3_2)
     2    0.02    0.13    0.15    1.48 v _205_/Y (sky130_fd_sc_hd__nand3_2)
                                         _110_ (net)
                  0.13    0.00    1.48 v _208_/B (sky130_fd_sc_hd__xnor2_1)
     1    0.01    0.17    0.21    1.69 ^ _208_/Y (sky130_fd_sc_hd__xnor2_1)
                                         _007_ (net)
                  0.17    0.00    1.69 ^ _332_/D (sky130_fd_sc_hd__dfrtp_4)
                                  1.69   data arrival time

                  0.00   10.00   10.00   clock core_clock (rise edge)
                          0.00   10.00   clock network delay (ideal)
                          0.00   10.00   clock reconvergence pessimism
                                 10.00 ^ _332_/CLK (sky130_fd_sc_hd__dfrtp_4)
                         -0.10    9.90   library setup time
                                  9.90   data required time
-----------------------------------------------------------------------------
                                  9.90   data required time
                                 -1.69   data arrival time
-----------------------------------------------------------------------------
                                  8.21   slack (MET)


Startpoint: _322_ (rising edge-triggered flip-flop clocked by core_clock)
Endpoint: _330_ (rising edge-triggered flip-flop clocked by core_clock)
Path Group: core_clock
Path Type: max

Fanout     Cap    Slew   Delay    Time   Description
-----------------------------------------------------------------------------
                  0.00    0.00    0.00   clock core_clock (rise edge)
                          0.00    0.00   clock network delay (ideal)
                  0.00    0.00    0.00 ^ _322_/CLK (sky130_fd_sc_hd__dfrtp_4)
     4    0.02    0.08    0.49    0.49 v _322_/Q (sky130_fd_sc_hd__dfrtp_4)
                                         div.count[2] (net)
                  0.08    0.00    0.49 v _176_/C (sky130_fd_sc_hd__and4_1)
     1    0.01    0.06    0.23    0.71 v _176_/X (sky130_fd_sc_hd__and4_1)
                                         _089_ (net)
                  0.06    0.00    0.71 v _177_/A (sky130_fd_sc_hd__clkbuf_4)
     8    0.04    0.09    0.19    0.91 v _177_/X (sky130_fd_sc_hd__clkbuf_4)
                                         _090_ (net)
                  0.09    0.00    0.91 v _195_/C (sky130_fd_sc_hd__and4_1)
     1    0.01    0.06    0.23    1.14 v _195_/X (sky130_fd_sc_hd__and4_1)
                                         _102_ (net)
                  0.06    0.00    1.14 v _196_/A (sky130_fd_sc_hd__clkbuf_4)
     6    0.04    0.09    0.20    1.33 v _196_/X (sky130_fd_sc_hd__clkbuf_4)
                                         _103_ (net)
                  0.09    0.00    1.34 v _203_/B (sky130_fd_sc_hd__xor2_2)
     1    0.01    0.07    0.17    1.51 v _203_/X (sky130_fd_sc_hd__xor2_2)
                                         _005_ (net)
                  0.07    0.00    1.51 v _330_/D (sky130_fd_sc_hd__dfrtp_4)
                                  1.51   data arrival time

                  0.00   10.00   10.00   clock core_clock (rise edge)
                          0.00   10.00   clock network delay (ideal)
                          0.00   10.00   clock reconvergence pessimism
                                 10.00 ^ _330_/CLK (sky130_fd_sc_hd__dfrtp_4)
                         -0.14    9.86   library setup time
                                  9.86   data required time
-----------------------------------------------------------------------------
                                  9.86   data required time
                                 -1.51   data arrival time
-----------------------------------------------------------------------------
                                  8.35   slack (MET)


Startpoint: _322_ (rising edge-triggered flip-flop clocked by core_clock)
Endpoint: _336_ (rising edge-triggered flip-flop clocked by core_clock)
Path Group: core_clock
Path Type: max

Fanout     Cap    Slew   Delay    Time   Description
-----------------------------------------------------------------------------
                  0.00    0.00    0.00   clock core_clock (rise edge)
                          0.00    0.00   clock network delay (ideal)
                  0.00    0.00    0.00 ^ _322_/CLK (sky130_fd_sc_hd__dfrtp_4)
     4    0.02    0.10    0.43    0.43 ^ _322_/Q (sky130_fd_sc_hd__dfrtp_4)
                                         div.count[2] (net)
                  0.10    0.00    0.43 ^ _176_/C (sky130_fd_sc_hd__and4_1)
     1    0.01    0.10    0.23    0.66 ^ _176_/X (sky130_fd_sc_hd__and4_1)
                                         _089_ (net)
                  0.10    0.00    0.66 ^ _177_/A (sky130_fd_sc_hd__clkbuf_4)
     8    0.04    0.13    0.21    0.87 ^ _177_/X (sky130_fd_sc_hd__clkbuf_4)
                                         _090_ (net)
                  0.13    0.00    0.87 ^ _217_/A (sky130_fd_sc_hd__and4_1)
     1    0.01    0.10    0.23    1.10 ^ _217_/X (sky130_fd_sc_hd__and4_1)
                                         _117_ (net)
                  0.10    0.00    1.11 ^ _218_/A (sky130_fd_sc_hd__clkbuf_4)
     9    0.05    0.14    0.23    1.33 ^ _218_/X (sky130_fd_sc_hd__clkbuf_4)
                                         _118_ (net)
                  0.14    0.00    1.33 ^ _219_/B (sky130_fd_sc_hd__xor2_1)
     1    0.01    0.17    0.20    1.54 ^ _219_/X (sky130_fd_sc_hd__xor2_1)
                                         _011_ (net)
                  0.17    0.00    1.54 ^ _336_/D (sky130_fd_sc_hd__dfrtp_4)
                                  1.54   data arrival time

                  0.00   10.00   10.00   clock core_clock (rise edge)
                          0.00   10.00   clock network delay (ideal)
                          0.00   10.00   clock reconvergence pessimism
                                 10.00 ^ _336_/CLK (sky130_fd_sc_hd__dfrtp_4)
                         -0.10    9.90   library setup time
                                  9.90   data required time
-----------------------------------------------------------------------------
                                  9.90   data required time
                                 -1.54   data arrival time
-----------------------------------------------------------------------------
                                  8.36   slack (MET)


Startpoint: _322_ (rising edge-triggered flip-flop clocked by core_clock)
Endpoint: _327_ (rising edge-triggered flip-flop clocked by core_clock)
Path Group: core_clock
Path Type: max

Fanout     Cap    Slew   Delay    Time   Description
-----------------------------------------------------------------------------
                  0.00    0.00    0.00   clock core_clock (rise edge)
                          0.00    0.00   clock network delay (ideal)
                  0.00    0.00    0.00 ^ _322_/CLK (sky130_fd_sc_hd__dfrtp_4)
     4    0.02    0.10    0.43    0.43 ^ _322_/Q (sky130_fd_sc_hd__dfrtp_4)
                                         div.count[2] (net)
                  0.10    0.00    0.43 ^ _176_/C (sky130_fd_sc_hd__and4_1)
     1    0.01    0.10    0.23    0.66 ^ _176_/X (sky130_fd_sc_hd__and4_1)
                                         _089_ (net)
                  0.10    0.00    0.66 ^ _177_/A (sky130_fd_sc_hd__clkbuf_4)
     8    0.04    0.13    0.21    0.87 ^ _177_/X (sky130_fd_sc_hd__clkbuf_4)
                                         _090_ (net)
                  0.13    0.00    0.87 ^ _182_/C (sky130_fd_sc_hd__and3_2)
     3    0.02    0.11    0.25    1.13 ^ _182_/X (sky130_fd_sc_hd__and3_2)
                                         _093_ (net)
                  0.11    0.00    1.13 ^ _186_/B (sky130_fd_sc_hd__nand2_1)
     2    0.01    0.10    0.12    1.25 v _186_/Y (sky130_fd_sc_hd__nand2_1)
                                         _096_ (net)
                  0.10    0.00    1.25 v _192_/A2 (sky130_fd_sc_hd__a21oi_1)
     1    0.01    0.18    0.21    1.46 ^ _192_/Y (sky130_fd_sc_hd__a21oi_1)
                                         _033_ (net)
                  0.18    0.00    1.46 ^ _327_/D (sky130_fd_sc_hd__dfrtp_2)
                                  1.46   data arrival time

                  0.00   10.00   10.00   clock core_clock (rise edge)
                          0.00   10.00   clock network delay (ideal)
                          0.00   10.00   clock reconvergence pessimism
                                 10.00 ^ _327_/CLK (sky130_fd_sc_hd__dfrtp_2)
                         -0.10    9.90   library setup time
                                  9.90   data required time
-----------------------------------------------------------------------------
                                  9.90   data required time
                                 -1.46   data arrival time
-----------------------------------------------------------------------------
                                  8.44   slack (MET)


Startpoint: _322_ (rising edge-triggered flip-flop clocked by core_clock)
Endpoint: _325_ (rising edge-triggered flip-flop clocked by core_clock)
Path Group: core_clock
Path Type: max

Fanout     Cap    Slew   Delay    Time   Description
-----------------------------------------------------------------------------
                  0.00    0.00    0.00   clock core_clock (rise edge)
                          0.00    0.00   clock network delay (ideal)
                  0.00    0.00    0.00 ^ _322_/CLK (sky130_fd_sc_hd__dfrtp_4)
     4    0.02    0.08    0.49    0.49 v _322_/Q (sky130_fd_sc_hd__dfrtp_4)
                                         div.count[2] (net)
                  0.08    0.00    0.49 v _176_/C (sky130_fd_sc_hd__and4_1)
     1    0.01    0.06    0.23    0.71 v _176_/X (sky130_fd_sc_hd__and4_1)
                                         _089_ (net)
                  0.06    0.00    0.71 v _177_/A (sky130_fd_sc_hd__clkbuf_4)
     8    0.04    0.09    0.19    0.91 v _177_/X (sky130_fd_sc_hd__clkbuf_4)
                                         _090_ (net)
                  0.09    0.00    0.91 v _182_/C (sky130_fd_sc_hd__and3_2)
     3    0.02    0.07    0.27    1.17 v _182_/X (sky130_fd_sc_hd__and3_2)
                                         _093_ (net)
                  0.07    0.00    1.18 v _184_/A (sky130_fd_sc_hd__nor2_1)
     1    0.01    0.18    0.18    1.36 ^ _184_/Y (sky130_fd_sc_hd__nor2_1)
                                         _031_ (net)
                  0.18    0.00    1.36 ^ _325_/D (sky130_fd_sc_hd__dfrtp_4)
                                  1.36   data arrival time

                  0.00   10.00   10.00   clock core_clock (rise edge)
                          0.00   10.00   clock network delay (ideal)
                          0.00   10.00   clock reconvergence pessimism
                                 10.00 ^ _325_/CLK (sky130_fd_sc_hd__dfrtp_4)
                         -0.10    9.90   library setup time
                                  9.90   data required time
-----------------------------------------------------------------------------
                                  9.90   data required time
                                 -1.36   data arrival time
-----------------------------------------------------------------------------
                                  8.54   slack (MET)


Startpoint: _322_ (rising edge-triggered flip-flop clocked by core_clock)
Endpoint: _323_ (rising edge-triggered flip-flop clocked by core_clock)
Path Group: core_clock
Path Type: max

Fanout     Cap    Slew   Delay    Time   Description
-----------------------------------------------------------------------------
                  0.00    0.00    0.00   clock core_clock (rise edge)
                          0.00    0.00   clock network delay (ideal)
                  0.00    0.00    0.00 ^ _322_/CLK (sky130_fd_sc_hd__dfrtp_4)
     4    0.02    0.08    0.49    0.49 v _322_/Q (sky130_fd_sc_hd__dfrtp_4)
                                         div.count[2] (net)
                  0.08    0.00    0.49 v _176_/C (sky130_fd_sc_hd__and4_1)
     1    0.01    0.06    0.23    0.71 v _176_/X (sky130_fd_sc_hd__and4_1)
                                         _089_ (net)
                  0.06    0.00    0.71 v _177_/A (sky130_fd_sc_hd__clkbuf_4)
     8    0.04    0.09    0.19    0.91 v _177_/X (sky130_fd_sc_hd__clkbuf_4)
                                         _090_ (net)
                  0.09    0.00    0.91 v _179_/A_N (sky130_fd_sc_hd__and2b_1)
     1    0.01    0.09    0.24    1.15 ^ _179_/X (sky130_fd_sc_hd__and2b_1)
                                         _092_ (net)
                  0.09    0.00    1.15 ^ _180_/A (sky130_fd_sc_hd__buf_1)
     1    0.01    0.09    0.12    1.27 ^ _180_/X (sky130_fd_sc_hd__buf_1)
                                         _029_ (net)
                  0.09    0.00    1.28 ^ _323_/D (sky130_fd_sc_hd__dfrtp_2)
                                  1.28   data arrival time

                  0.00   10.00   10.00   clock core_clock (rise edge)
                          0.00   10.00   clock network delay (ideal)
                          0.00   10.00   clock reconvergence pessimism
                                 10.00 ^ _323_/CLK (sky130_fd_sc_hd__dfrtp_2)
                         -0.08    9.92   library setup time
                                  9.92   data required time
-----------------------------------------------------------------------------
                                  9.92   data required time
                                 -1.28   data arrival time
-----------------------------------------------------------------------------
                                  8.64   slack (MET)


Startpoint: _320_ (rising edge-triggered flip-flop clocked by core_clock)
Endpoint: _321_ (rising edge-triggered flip-flop clocked by core_clock)
Path Group: core_clock
Path Type: max

Fanout     Cap    Slew   Delay    Time   Description
-----------------------------------------------------------------------------
                  0.00    0.00    0.00   clock core_clock (rise edge)
                          0.00    0.00   clock network delay (ideal)
                  0.00    0.00    0.00 ^ _320_/CLK (sky130_fd_sc_hd__dfrtp_4)
     6    0.03    0.09    0.49    0.49 v _320_/Q (sky130_fd_sc_hd__dfrtp_4)
                                         div.count[0] (net)
                  0.09    0.00    0.49 v _171_/A (sky130_fd_sc_hd__or2_1)
     1    0.01    0.08    0.28    0.77 v _171_/X (sky130_fd_sc_hd__or2_1)
                                         _086_ (net)
                  0.08    0.00    0.77 v _173_/A (sky130_fd_sc_hd__and2_1)
     1    0.01    0.07    0.18    0.96 v _173_/X (sky130_fd_sc_hd__and2_1)
                                         _088_ (net)
                  0.07    0.00    0.96 v _174_/A (sky130_fd_sc_hd__buf_1)
     1    0.01    0.08    0.15    1.10 v _174_/X (sky130_fd_sc_hd__buf_1)
                                         _015_ (net)
                  0.08    0.00    1.10 v _321_/D (sky130_fd_sc_hd__dfrtp_4)
                                  1.10   data arrival time

                  0.00   10.00   10.00   clock core_clock (rise edge)
                          0.00   10.00   clock network delay (ideal)
                          0.00   10.00   clock reconvergence pessimism
                                 10.00 ^ _321_/CLK (sky130_fd_sc_hd__dfrtp_4)
                         -0.14    9.86   library setup time
                                  9.86   data required time
-----------------------------------------------------------------------------
                                  9.86   data required time
                                 -1.10   data arrival time
-----------------------------------------------------------------------------
                                  8.75   slack (MET)


Startpoint: _322_ (rising edge-triggered flip-flop clocked by core_clock)
Endpoint: _324_ (rising edge-triggered flip-flop clocked by core_clock)
Path Group: core_clock
Path Type: max

Fanout     Cap    Slew   Delay    Time   Description
-----------------------------------------------------------------------------
                  0.00    0.00    0.00   clock core_clock (rise edge)
                          0.00    0.00   clock network delay (ideal)
                  0.00    0.00    0.00 ^ _322_/CLK (sky130_fd_sc_hd__dfrtp_4)
     4    0.02    0.08    0.49    0.49 v _322_/Q (sky130_fd_sc_hd__dfrtp_4)
                                         div.count[2] (net)
                  0.08    0.00    0.49 v _176_/C (sky130_fd_sc_hd__and4_1)
     1    0.01    0.06    0.23    0.71 v _176_/X (sky130_fd_sc_hd__and4_1)
                                         _089_ (net)
                  0.06    0.00    0.71 v _177_/A (sky130_fd_sc_hd__clkbuf_4)
     8    0.04    0.09    0.19    0.91 v _177_/X (sky130_fd_sc_hd__clkbuf_4)
                                         _090_ (net)
                  0.09    0.00    0.91 v _181_/B (sky130_fd_sc_hd__xor2_1)
     1    0.01    0.06    0.16    1.07 v _181_/X (sky130_fd_sc_hd__xor2_1)
                                         _030_ (net)
                  0.06    0.00    1.07 v _324_/D (sky130_fd_sc_hd__dfrtp_4)
                                  1.07   data arrival time

                  0.00   10.00   10.00   clock core_clock (rise edge)
                          0.00   10.00   clock network delay (ideal)
                          0.00   10.00   clock reconvergence pessimism
                                 10.00 ^ _324_/CLK (sky130_fd_sc_hd__dfrtp_4)
                         -0.13    9.87   library setup time
                                  9.87   data required time
-----------------------------------------------------------------------------
                                  9.87   data required time
                                 -1.07   data arrival time
-----------------------------------------------------------------------------
                                  8.80   slack (MET)


Startpoint: _321_ (rising edge-triggered flip-flop clocked by core_clock)
Endpoint: _322_ (rising edge-triggered flip-flop clocked by core_clock)
Path Group: core_clock
Path Type: max

Fanout     Cap    Slew   Delay    Time   Description
-----------------------------------------------------------------------------
                  0.00    0.00    0.00   clock core_clock (rise edge)
                          0.00    0.00   clock network delay (ideal)
                  0.00    0.00    0.00 ^ _321_/CLK (sky130_fd_sc_hd__dfrtp_4)
     5    0.02    0.08    0.49    0.49 v _321_/Q (sky130_fd_sc_hd__dfrtp_4)
                                         div.count[1] (net)
                  0.08    0.00    0.49 v _172_/B (sky130_fd_sc_hd__nand2_2)
     2    0.02    0.10    0.12    0.61 ^ _172_/Y (sky130_fd_sc_hd__nand2_2)
                                         _087_ (net)
                  0.10    0.00    0.61 ^ _175_/B (sky130_fd_sc_hd__xnor2_1)
     1    0.01    0.27    0.18    0.79 ^ _175_/Y (sky130_fd_sc_hd__xnor2_1)
                                         _026_ (net)
                  0.27    0.00    0.79 ^ _322_/D (sky130_fd_sc_hd__dfrtp_4)
                                  0.79   data arrival time

                  0.00   10.00   10.00   clock core_clock (rise edge)
                          0.00   10.00   clock network delay (ideal)
                          0.00   10.00   clock reconvergence pessimism
                                 10.00 ^ _322_/CLK (sky130_fd_sc_hd__dfrtp_4)
                         -0.12    9.88   library setup time
                                  9.88   data required time
-----------------------------------------------------------------------------
                                  9.88   data required time
                                 -0.79   data arrival time
-----------------------------------------------------------------------------
                                  9.09   slack (MET)



worst slack corner Typical: 6.8770
