
63. Printing statistics.

=== lab3 ===

   Number of wires:                198
   Number of wire bits:            207
   Number of public wires:          41
   Number of public wire bits:      50
   Number of memories:               0
   Number of memory bits:            0
   Number of processes:              0
   Number of cells:                205
     sky130_fd_sc_hd__a211o_2        1
     sky130_fd_sc_hd__a21o_2         3
     sky130_fd_sc_hd__a21oi_2        7
     sky130_fd_sc_hd__a31o_2         2
     sky130_fd_sc_hd__and2_2         5
     sky130_fd_sc_hd__and2b_2        2
     sky130_fd_sc_hd__and3_2        13
     sky130_fd_sc_hd__and4_2        11
     sky130_fd_sc_hd__buf_1         18
     sky130_fd_sc_hd__buf_2          1
     sky130_fd_sc_hd__conb_1         4
     sky130_fd_sc_hd__dfrtp_2       37
     sky130_fd_sc_hd__inv_2         41
     sky130_fd_sc_hd__nand2_2        5
     sky130_fd_sc_hd__nand3_2        4
     sky130_fd_sc_hd__nand4_2        2
     sky130_fd_sc_hd__nor2_2         7
     sky130_fd_sc_hd__o211a_2        1
     sky130_fd_sc_hd__o21a_2         1
     sky130_fd_sc_hd__o21ai_2        3
     sky130_fd_sc_hd__o21ba_2        2
     sky130_fd_sc_hd__o31ai_2        1
     sky130_fd_sc_hd__or2_2          3
     sky130_fd_sc_hd__or2b_2         1
     sky130_fd_sc_hd__or3_2          5
     sky130_fd_sc_hd__or4_2          5
     sky130_fd_sc_hd__or4b_2         5
     sky130_fd_sc_hd__xnor2_2        7
     sky130_fd_sc_hd__xor2_2         8

   Chip area for module '\lab3': 2212.121600

