
===========================================================================
report_checks -path_delay max (Setup)
============================================================================
======================= Typical Corner ===================================

Startpoint: _335_ (rising edge-triggered flip-flop clocked by core_clock)
Endpoint: _320_ (rising edge-triggered flip-flop clocked by core_clock)
Path Group: core_clock
Path Type: max

Fanout     Cap    Slew   Delay    Time   Description
-----------------------------------------------------------------------------
                  0.00    0.00    0.00   clock core_clock (rise edge)
                          0.00    0.00   clock network delay (ideal)
                  0.00    0.00    0.00 ^ _335_/CLK (sky130_fd_sc_hd__dfrtp_2)
     3    0.01    0.06    0.40    0.40 v _335_/Q (sky130_fd_sc_hd__dfrtp_2)
                                         div.count[15] (net)
                  0.06    0.00    0.40 v _157_/A (sky130_fd_sc_hd__or4b_2)
     1    0.00    0.09    0.65    1.04 v _157_/X (sky130_fd_sc_hd__or4b_2)
                                         _074_ (net)
                  0.09    0.00    1.04 v _161_/A (sky130_fd_sc_hd__or4_2)
     2    0.00    0.10    0.66    1.71 v _161_/X (sky130_fd_sc_hd__or4_2)
                                         _078_ (net)
                  0.10    0.00    1.71 v _167_/A (sky130_fd_sc_hd__or4_2)
     6    0.02    0.16    0.76    2.46 v _167_/X (sky130_fd_sc_hd__or4_2)
                                         _084_ (net)
                  0.16    0.00    2.46 v _169_/B (sky130_fd_sc_hd__and2b_2)
     1    0.00    0.03    0.23    2.70 v _169_/X (sky130_fd_sc_hd__and2b_2)
                                         _085_ (net)
                  0.03    0.00    2.70 v _170_/A (sky130_fd_sc_hd__buf_1)
     1    0.00    0.02    0.08    2.78 v _170_/X (sky130_fd_sc_hd__buf_1)
                                         _004_ (net)
                  0.02    0.00    2.78 v _320_/D (sky130_fd_sc_hd__dfrtp_2)
                                  2.78   data arrival time

                  0.00   10.00   10.00   clock core_clock (rise edge)
                          0.00   10.00   clock network delay (ideal)
                          0.00   10.00   clock reconvergence pessimism
                                 10.00 ^ _320_/CLK (sky130_fd_sc_hd__dfrtp_2)
                         -0.12    9.88   library setup time
                                  9.88   data required time
-----------------------------------------------------------------------------
                                  9.88   data required time
                                 -2.78   data arrival time
-----------------------------------------------------------------------------
                                  7.11   slack (MET)


Startpoint: _335_ (rising edge-triggered flip-flop clocked by core_clock)
Endpoint: _326_ (rising edge-triggered flip-flop clocked by core_clock)
Path Group: core_clock
Path Type: max

Fanout     Cap    Slew   Delay    Time   Description
-----------------------------------------------------------------------------
                  0.00    0.00    0.00   clock core_clock (rise edge)
                          0.00    0.00   clock network delay (ideal)
                  0.00    0.00    0.00 ^ _335_/CLK (sky130_fd_sc_hd__dfrtp_2)
     3    0.01    0.06    0.40    0.40 v _335_/Q (sky130_fd_sc_hd__dfrtp_2)
                                         div.count[15] (net)
                  0.06    0.00    0.40 v _157_/A (sky130_fd_sc_hd__or4b_2)
     1    0.00    0.09    0.65    1.04 v _157_/X (sky130_fd_sc_hd__or4b_2)
                                         _074_ (net)
                  0.09    0.00    1.04 v _161_/A (sky130_fd_sc_hd__or4_2)
     2    0.00    0.10    0.66    1.71 v _161_/X (sky130_fd_sc_hd__or4_2)
                                         _078_ (net)
                  0.10    0.00    1.71 v _167_/A (sky130_fd_sc_hd__or4_2)
     6    0.02    0.16    0.76    2.46 v _167_/X (sky130_fd_sc_hd__or4_2)
                                         _084_ (net)
                  0.16    0.00    2.46 v _187_/A (sky130_fd_sc_hd__and3_2)
     1    0.00    0.04    0.21    2.68 v _187_/X (sky130_fd_sc_hd__and3_2)
                                         _097_ (net)
                  0.04    0.00    2.68 v _188_/A (sky130_fd_sc_hd__buf_1)
     1    0.00    0.02    0.08    2.76 v _188_/X (sky130_fd_sc_hd__buf_1)
                                         _032_ (net)
                  0.02    0.00    2.76 v _326_/D (sky130_fd_sc_hd__dfrtp_2)
                                  2.76   data arrival time

                  0.00   10.00   10.00   clock core_clock (rise edge)
                          0.00   10.00   clock network delay (ideal)
                          0.00   10.00   clock reconvergence pessimism
                                 10.00 ^ _326_/CLK (sky130_fd_sc_hd__dfrtp_2)
                         -0.12    9.88   library setup time
                                  9.88   data required time
-----------------------------------------------------------------------------
                                  9.88   data required time
                                 -2.76   data arrival time
-----------------------------------------------------------------------------
                                  7.13   slack (MET)


Startpoint: _335_ (rising edge-triggered flip-flop clocked by core_clock)
Endpoint: _339_ (rising edge-triggered flip-flop clocked by core_clock)
Path Group: core_clock
Path Type: max

Fanout     Cap    Slew   Delay    Time   Description
-----------------------------------------------------------------------------
                  0.00    0.00    0.00   clock core_clock (rise edge)
                          0.00    0.00   clock network delay (ideal)
                  0.00    0.00    0.00 ^ _335_/CLK (sky130_fd_sc_hd__dfrtp_2)
     3    0.01    0.06    0.40    0.40 v _335_/Q (sky130_fd_sc_hd__dfrtp_2)
                                         div.count[15] (net)
                  0.06    0.00    0.40 v _157_/A (sky130_fd_sc_hd__or4b_2)
     1    0.00    0.09    0.65    1.04 v _157_/X (sky130_fd_sc_hd__or4b_2)
                                         _074_ (net)
                  0.09    0.00    1.04 v _161_/A (sky130_fd_sc_hd__or4_2)
     2    0.00    0.10    0.66    1.71 v _161_/X (sky130_fd_sc_hd__or4_2)
                                         _078_ (net)
                  0.10    0.00    1.71 v _167_/A (sky130_fd_sc_hd__or4_2)
     6    0.02    0.16    0.76    2.46 v _167_/X (sky130_fd_sc_hd__or4_2)
                                         _084_ (net)
                  0.16    0.00    2.46 v _230_/A (sky130_fd_sc_hd__and3_2)
     1    0.00    0.04    0.21    2.68 v _230_/X (sky130_fd_sc_hd__and3_2)
                                         _127_ (net)
                  0.04    0.00    2.68 v _231_/A (sky130_fd_sc_hd__buf_1)
     1    0.00    0.02    0.08    2.76 v _231_/X (sky130_fd_sc_hd__buf_1)
                                         _014_ (net)
                  0.02    0.00    2.76 v _339_/D (sky130_fd_sc_hd__dfrtp_2)
                                  2.76   data arrival time

                  0.00   10.00   10.00   clock core_clock (rise edge)
                          0.00   10.00   clock network delay (ideal)
                          0.00   10.00   clock reconvergence pessimism
                                 10.00 ^ _339_/CLK (sky130_fd_sc_hd__dfrtp_2)
                         -0.12    9.88   library setup time
                                  9.88   data required time
-----------------------------------------------------------------------------
                                  9.88   data required time
                                 -2.76   data arrival time
-----------------------------------------------------------------------------
                                  7.13   slack (MET)


Startpoint: _335_ (rising edge-triggered flip-flop clocked by core_clock)
Endpoint: _342_ (rising edge-triggered flip-flop clocked by core_clock)
Path Group: core_clock
Path Type: max

Fanout     Cap    Slew   Delay    Time   Description
-----------------------------------------------------------------------------
                  0.00    0.00    0.00   clock core_clock (rise edge)
                          0.00    0.00   clock network delay (ideal)
                  0.00    0.00    0.00 ^ _335_/CLK (sky130_fd_sc_hd__dfrtp_2)
     3    0.01    0.06    0.40    0.40 v _335_/Q (sky130_fd_sc_hd__dfrtp_2)
                                         div.count[15] (net)
                  0.06    0.00    0.40 v _157_/A (sky130_fd_sc_hd__or4b_2)
     1    0.00    0.09    0.65    1.04 v _157_/X (sky130_fd_sc_hd__or4b_2)
                                         _074_ (net)
                  0.09    0.00    1.04 v _161_/A (sky130_fd_sc_hd__or4_2)
     2    0.00    0.10    0.66    1.71 v _161_/X (sky130_fd_sc_hd__or4_2)
                                         _078_ (net)
                  0.10    0.00    1.71 v _167_/A (sky130_fd_sc_hd__or4_2)
     6    0.02    0.16    0.76    2.46 v _167_/X (sky130_fd_sc_hd__or4_2)
                                         _084_ (net)
                  0.16    0.00    2.46 v _238_/A (sky130_fd_sc_hd__and3_2)
     1    0.00    0.04    0.21    2.68 v _238_/X (sky130_fd_sc_hd__and3_2)
                                         _132_ (net)
                  0.04    0.00    2.68 v _239_/A (sky130_fd_sc_hd__buf_1)
     1    0.00    0.02    0.08    2.76 v _239_/X (sky130_fd_sc_hd__buf_1)
                                         _018_ (net)
                  0.02    0.00    2.76 v _342_/D (sky130_fd_sc_hd__dfrtp_2)
                                  2.76   data arrival time

                  0.00   10.00   10.00   clock core_clock (rise edge)
                          0.00   10.00   clock network delay (ideal)
                          0.00   10.00   clock reconvergence pessimism
                                 10.00 ^ _342_/CLK (sky130_fd_sc_hd__dfrtp_2)
                         -0.12    9.88   library setup time
                                  9.88   data required time
-----------------------------------------------------------------------------
                                  9.88   data required time
                                 -2.76   data arrival time
-----------------------------------------------------------------------------
                                  7.13   slack (MET)


Startpoint: _335_ (rising edge-triggered flip-flop clocked by core_clock)
Endpoint: _356_ (rising edge-triggered flip-flop clocked by core_clock)
Path Group: core_clock
Path Type: max

Fanout     Cap    Slew   Delay    Time   Description
-----------------------------------------------------------------------------
                  0.00    0.00    0.00   clock core_clock (rise edge)
                          0.00    0.00   clock network delay (ideal)
                  0.00    0.00    0.00 ^ _335_/CLK (sky130_fd_sc_hd__dfrtp_2)
     3    0.01    0.06    0.40    0.40 v _335_/Q (sky130_fd_sc_hd__dfrtp_2)
                                         div.count[15] (net)
                  0.06    0.00    0.40 v _157_/A (sky130_fd_sc_hd__or4b_2)
     1    0.00    0.09    0.65    1.04 v _157_/X (sky130_fd_sc_hd__or4b_2)
                                         _074_ (net)
                  0.09    0.00    1.04 v _161_/A (sky130_fd_sc_hd__or4_2)
     2    0.00    0.10    0.66    1.71 v _161_/X (sky130_fd_sc_hd__or4_2)
                                         _078_ (net)
                  0.10    0.00    1.71 v _167_/A (sky130_fd_sc_hd__or4_2)
     6    0.02    0.16    0.76    2.46 v _167_/X (sky130_fd_sc_hd__or4_2)
                                         _084_ (net)
                  0.16    0.00    2.46 v _168_/B (sky130_fd_sc_hd__xnor2_2)
     1    0.00    0.04    0.16    2.63 v _168_/Y (sky130_fd_sc_hd__xnor2_2)
                                         _073_ (net)
                  0.04    0.00    2.63 v _356_/D (sky130_fd_sc_hd__dfrtp_2)
                                  2.63   data arrival time

                  0.00   10.00   10.00   clock core_clock (rise edge)
                          0.00   10.00   clock network delay (ideal)
                          0.00   10.00   clock reconvergence pessimism
                                 10.00 ^ _356_/CLK (sky130_fd_sc_hd__dfrtp_2)
                         -0.12    9.88   library setup time
                                  9.88   data required time
-----------------------------------------------------------------------------
                                  9.88   data required time
                                 -2.63   data arrival time
-----------------------------------------------------------------------------
                                  7.25   slack (MET)


Startpoint: _335_ (rising edge-triggered flip-flop clocked by core_clock)
Endpoint: _328_ (rising edge-triggered flip-flop clocked by core_clock)
Path Group: core_clock
Path Type: max

Fanout     Cap    Slew   Delay    Time   Description
-----------------------------------------------------------------------------
                  0.00    0.00    0.00   clock core_clock (rise edge)
                          0.00    0.00   clock network delay (ideal)
                  0.00    0.00    0.00 ^ _335_/CLK (sky130_fd_sc_hd__dfrtp_2)
     3    0.01    0.06    0.40    0.40 v _335_/Q (sky130_fd_sc_hd__dfrtp_2)
                                         div.count[15] (net)
                  0.06    0.00    0.40 v _157_/A (sky130_fd_sc_hd__or4b_2)
     1    0.00    0.09    0.65    1.04 v _157_/X (sky130_fd_sc_hd__or4b_2)
                                         _074_ (net)
                  0.09    0.00    1.04 v _161_/A (sky130_fd_sc_hd__or4_2)
     2    0.00    0.10    0.66    1.71 v _161_/X (sky130_fd_sc_hd__or4_2)
                                         _078_ (net)
                  0.10    0.00    1.71 v _167_/A (sky130_fd_sc_hd__or4_2)
     6    0.02    0.16    0.76    2.46 v _167_/X (sky130_fd_sc_hd__or4_2)
                                         _084_ (net)
                  0.16    0.00    2.46 v _193_/B1 (sky130_fd_sc_hd__o21ai_2)
     1    0.00    0.10    0.10    2.56 ^ _193_/Y (sky130_fd_sc_hd__o21ai_2)
                                         _101_ (net)
                  0.10    0.00    2.56 ^ _194_/B1 (sky130_fd_sc_hd__a21oi_2)
     1    0.00    0.04    0.03    2.60 v _194_/Y (sky130_fd_sc_hd__a21oi_2)
                                         _034_ (net)
                  0.04    0.00    2.60 v _328_/D (sky130_fd_sc_hd__dfrtp_2)
                                  2.60   data arrival time

                  0.00   10.00   10.00   clock core_clock (rise edge)
                          0.00   10.00   clock network delay (ideal)
                          0.00   10.00   clock reconvergence pessimism
                                 10.00 ^ _328_/CLK (sky130_fd_sc_hd__dfrtp_2)
                         -0.12    9.88   library setup time
                                  9.88   data required time
-----------------------------------------------------------------------------
                                  9.88   data required time
                                 -2.60   data arrival time
-----------------------------------------------------------------------------
                                  7.28   slack (MET)


Startpoint: _335_ (rising edge-triggered flip-flop clocked by core_clock)
Endpoint: _331_ (rising edge-triggered flip-flop clocked by core_clock)
Path Group: core_clock
Path Type: max

Fanout     Cap    Slew   Delay    Time   Description
-----------------------------------------------------------------------------
                  0.00    0.00    0.00   clock core_clock (rise edge)
                          0.00    0.00   clock network delay (ideal)
                  0.00    0.00    0.00 ^ _335_/CLK (sky130_fd_sc_hd__dfrtp_2)
     3    0.01    0.06    0.40    0.40 v _335_/Q (sky130_fd_sc_hd__dfrtp_2)
                                         div.count[15] (net)
                  0.06    0.00    0.40 v _157_/A (sky130_fd_sc_hd__or4b_2)
     1    0.00    0.09    0.65    1.04 v _157_/X (sky130_fd_sc_hd__or4b_2)
                                         _074_ (net)
                  0.09    0.00    1.04 v _161_/A (sky130_fd_sc_hd__or4_2)
     2    0.00    0.10    0.66    1.71 v _161_/X (sky130_fd_sc_hd__or4_2)
                                         _078_ (net)
                  0.10    0.00    1.71 v _199_/A (sky130_fd_sc_hd__or3_2)
     4    0.01    0.10    0.52    2.23 v _199_/X (sky130_fd_sc_hd__or3_2)
                                         _106_ (net)
                  0.10    0.00    2.23 v _206_/A (sky130_fd_sc_hd__and3_2)
     1    0.00    0.04    0.19    2.42 v _206_/X (sky130_fd_sc_hd__and3_2)
                                         _111_ (net)
                  0.04    0.00    2.42 v _207_/A (sky130_fd_sc_hd__buf_1)
     1    0.00    0.02    0.08    2.49 v _207_/X (sky130_fd_sc_hd__buf_1)
                                         _006_ (net)
                  0.02    0.00    2.49 v _331_/D (sky130_fd_sc_hd__dfrtp_2)
                                  2.49   data arrival time

                  0.00   10.00   10.00   clock core_clock (rise edge)
                          0.00   10.00   clock network delay (ideal)
                          0.00   10.00   clock reconvergence pessimism
                                 10.00 ^ _331_/CLK (sky130_fd_sc_hd__dfrtp_2)
                         -0.12    9.88   library setup time
                                  9.88   data required time
-----------------------------------------------------------------------------
                                  9.88   data required time
                                 -2.49   data arrival time
-----------------------------------------------------------------------------
                                  7.39   slack (MET)


Startpoint: _335_ (rising edge-triggered flip-flop clocked by core_clock)
Endpoint: _338_ (rising edge-triggered flip-flop clocked by core_clock)
Path Group: core_clock
Path Type: max

Fanout     Cap    Slew   Delay    Time   Description
-----------------------------------------------------------------------------
                  0.00    0.00    0.00   clock core_clock (rise edge)
                          0.00    0.00   clock network delay (ideal)
                  0.00    0.00    0.00 ^ _335_/CLK (sky130_fd_sc_hd__dfrtp_2)
     3    0.01    0.06    0.40    0.40 v _335_/Q (sky130_fd_sc_hd__dfrtp_2)
                                         div.count[15] (net)
                  0.06    0.00    0.40 v _157_/A (sky130_fd_sc_hd__or4b_2)
     1    0.00    0.09    0.65    1.04 v _157_/X (sky130_fd_sc_hd__or4b_2)
                                         _074_ (net)
                  0.09    0.00    1.04 v _161_/A (sky130_fd_sc_hd__or4_2)
     2    0.00    0.10    0.66    1.71 v _161_/X (sky130_fd_sc_hd__or4_2)
                                         _078_ (net)
                  0.10    0.00    1.71 v _199_/A (sky130_fd_sc_hd__or3_2)
     4    0.01    0.10    0.52    2.23 v _199_/X (sky130_fd_sc_hd__or3_2)
                                         _106_ (net)
                  0.10    0.00    2.23 v _225_/A (sky130_fd_sc_hd__and3_2)
     1    0.00    0.04    0.19    2.42 v _225_/X (sky130_fd_sc_hd__and3_2)
                                         _123_ (net)
                  0.04    0.00    2.42 v _226_/A (sky130_fd_sc_hd__buf_1)
     1    0.00    0.02    0.08    2.49 v _226_/X (sky130_fd_sc_hd__buf_1)
                                         _013_ (net)
                  0.02    0.00    2.49 v _338_/D (sky130_fd_sc_hd__dfrtp_2)
                                  2.49   data arrival time

                  0.00   10.00   10.00   clock core_clock (rise edge)
                          0.00   10.00   clock network delay (ideal)
                          0.00   10.00   clock reconvergence pessimism
                                 10.00 ^ _338_/CLK (sky130_fd_sc_hd__dfrtp_2)
                         -0.12    9.88   library setup time
                                  9.88   data required time
-----------------------------------------------------------------------------
                                  9.88   data required time
                                 -2.49   data arrival time
-----------------------------------------------------------------------------
                                  7.39   slack (MET)


Startpoint: _335_ (rising edge-triggered flip-flop clocked by core_clock)
Endpoint: _334_ (rising edge-triggered flip-flop clocked by core_clock)
Path Group: core_clock
Path Type: max

Fanout     Cap    Slew   Delay    Time   Description
-----------------------------------------------------------------------------
                  0.00    0.00    0.00   clock core_clock (rise edge)
                          0.00    0.00   clock network delay (ideal)
                  0.00    0.00    0.00 ^ _335_/CLK (sky130_fd_sc_hd__dfrtp_2)
     3    0.01    0.06    0.40    0.40 v _335_/Q (sky130_fd_sc_hd__dfrtp_2)
                                         div.count[15] (net)
                  0.06    0.00    0.40 v _157_/A (sky130_fd_sc_hd__or4b_2)
     1    0.00    0.09    0.65    1.04 v _157_/X (sky130_fd_sc_hd__or4b_2)
                                         _074_ (net)
                  0.09    0.00    1.04 v _161_/A (sky130_fd_sc_hd__or4_2)
     2    0.00    0.10    0.66    1.71 v _161_/X (sky130_fd_sc_hd__or4_2)
                                         _078_ (net)
                  0.10    0.00    1.71 v _199_/A (sky130_fd_sc_hd__or3_2)
     4    0.01    0.10    0.52    2.23 v _199_/X (sky130_fd_sc_hd__or3_2)
                                         _106_ (net)
                  0.10    0.00    2.23 v _214_/C1 (sky130_fd_sc_hd__o211a_2)
     1    0.00    0.04    0.13    2.36 v _214_/X (sky130_fd_sc_hd__o211a_2)
                                         _009_ (net)
                  0.04    0.00    2.36 v _334_/D (sky130_fd_sc_hd__dfrtp_2)
                                  2.36   data arrival time

                  0.00   10.00   10.00   clock core_clock (rise edge)
                          0.00   10.00   clock network delay (ideal)
                          0.00   10.00   clock reconvergence pessimism
                                 10.00 ^ _334_/CLK (sky130_fd_sc_hd__dfrtp_2)
                         -0.12    9.88   library setup time
                                  9.88   data required time
-----------------------------------------------------------------------------
                                  9.88   data required time
                                 -2.36   data arrival time
-----------------------------------------------------------------------------
                                  7.52   slack (MET)


Startpoint: _335_ (rising edge-triggered flip-flop clocked by core_clock)
Endpoint: _329_ (rising edge-triggered flip-flop clocked by core_clock)
Path Group: core_clock
Path Type: max

Fanout     Cap    Slew   Delay    Time   Description
-----------------------------------------------------------------------------
                  0.00    0.00    0.00   clock core_clock (rise edge)
                          0.00    0.00   clock network delay (ideal)
                  0.00    0.00    0.00 ^ _335_/CLK (sky130_fd_sc_hd__dfrtp_2)
     3    0.01    0.06    0.40    0.40 v _335_/Q (sky130_fd_sc_hd__dfrtp_2)
                                         div.count[15] (net)
                  0.06    0.00    0.40 v _157_/A (sky130_fd_sc_hd__or4b_2)
     1    0.00    0.09    0.65    1.04 v _157_/X (sky130_fd_sc_hd__or4b_2)
                                         _074_ (net)
                  0.09    0.00    1.04 v _161_/A (sky130_fd_sc_hd__or4_2)
     2    0.00    0.10    0.66    1.71 v _161_/X (sky130_fd_sc_hd__or4_2)
                                         _078_ (net)
                  0.10    0.00    1.71 v _199_/A (sky130_fd_sc_hd__or3_2)
     4    0.01    0.10    0.52    2.23 v _199_/X (sky130_fd_sc_hd__or3_2)
                                         _106_ (net)
                  0.10    0.00    2.23 v _201_/A (sky130_fd_sc_hd__nand2_2)
     1    0.00    0.05    0.08    2.31 ^ _201_/Y (sky130_fd_sc_hd__nand2_2)
                                         _108_ (net)
                  0.05    0.00    2.31 ^ _202_/B (sky130_fd_sc_hd__nor2_2)
     1    0.00    0.05    0.03    2.33 v _202_/Y (sky130_fd_sc_hd__nor2_2)
                                         _035_ (net)
                  0.05    0.00    2.33 v _329_/D (sky130_fd_sc_hd__dfrtp_2)
                                  2.33   data arrival time

                  0.00   10.00   10.00   clock core_clock (rise edge)
                          0.00   10.00   clock network delay (ideal)
                          0.00   10.00   clock reconvergence pessimism
                                 10.00 ^ _329_/CLK (sky130_fd_sc_hd__dfrtp_2)
                         -0.13    9.87   library setup time
                                  9.87   data required time
-----------------------------------------------------------------------------
                                  9.87   data required time
                                 -2.33   data arrival time
-----------------------------------------------------------------------------
                                  7.54   slack (MET)


Startpoint: _322_ (rising edge-triggered flip-flop clocked by core_clock)
Endpoint: _351_ (rising edge-triggered flip-flop clocked by core_clock)
Path Group: core_clock
Path Type: max

Fanout     Cap    Slew   Delay    Time   Description
-----------------------------------------------------------------------------
                  0.00    0.00    0.00   clock core_clock (rise edge)
                          0.00    0.00   clock network delay (ideal)
                  0.00    0.00    0.00 ^ _322_/CLK (sky130_fd_sc_hd__dfrtp_2)
     4    0.01    0.09    0.37    0.37 ^ _322_/Q (sky130_fd_sc_hd__dfrtp_2)
                                         div.count[2] (net)
                  0.09    0.00    0.37 ^ _176_/C (sky130_fd_sc_hd__and4_2)
     1    0.00    0.05    0.21    0.58 ^ _176_/X (sky130_fd_sc_hd__and4_2)
                                         _089_ (net)
                  0.05    0.00    0.58 ^ _177_/A (sky130_fd_sc_hd__buf_1)
     8    0.02    0.29    0.25    0.82 ^ _177_/X (sky130_fd_sc_hd__buf_1)
                                         _090_ (net)
                  0.29    0.00    0.82 ^ _217_/A (sky130_fd_sc_hd__and4_2)
     1    0.00    0.05    0.26    1.08 ^ _217_/X (sky130_fd_sc_hd__and4_2)
                                         _117_ (net)
                  0.05    0.00    1.08 ^ _218_/A (sky130_fd_sc_hd__buf_1)
     9    0.03    0.40    0.32    1.41 ^ _218_/X (sky130_fd_sc_hd__buf_1)
                                         _118_ (net)
                  0.40    0.00    1.41 ^ _251_/A (sky130_fd_sc_hd__and3_2)
     5    0.01    0.10    0.31    1.71 ^ _251_/X (sky130_fd_sc_hd__and3_2)
                                         _140_ (net)
                  0.10    0.00    1.71 ^ _259_/D (sky130_fd_sc_hd__and4_2)
     1    0.01    0.08    0.25    1.97 ^ _259_/X (sky130_fd_sc_hd__and4_2)
                                         _144_ (net)
                  0.08    0.00    1.97 ^ _260_/B (sky130_fd_sc_hd__xor2_2)
     1    0.00    0.08    0.12    2.08 ^ _260_/X (sky130_fd_sc_hd__xor2_2)
                                         _028_ (net)
                  0.08    0.00    2.08 ^ _351_/D (sky130_fd_sc_hd__dfrtp_2)
                                  2.08   data arrival time

                  0.00   10.00   10.00   clock core_clock (rise edge)
                          0.00   10.00   clock network delay (ideal)
                          0.00   10.00   clock reconvergence pessimism
                                 10.00 ^ _351_/CLK (sky130_fd_sc_hd__dfrtp_2)
                         -0.08    9.92   library setup time
                                  9.92   data required time
-----------------------------------------------------------------------------
                                  9.92   data required time
                                 -2.08   data arrival time
-----------------------------------------------------------------------------
                                  7.84   slack (MET)


Startpoint: _322_ (rising edge-triggered flip-flop clocked by core_clock)
Endpoint: _346_ (rising edge-triggered flip-flop clocked by core_clock)
Path Group: core_clock
Path Type: max

Fanout     Cap    Slew   Delay    Time   Description
-----------------------------------------------------------------------------
                  0.00    0.00    0.00   clock core_clock (rise edge)
                          0.00    0.00   clock network delay (ideal)
                  0.00    0.00    0.00 ^ _322_/CLK (sky130_fd_sc_hd__dfrtp_2)
     4    0.01    0.09    0.37    0.37 ^ _322_/Q (sky130_fd_sc_hd__dfrtp_2)
                                         div.count[2] (net)
                  0.09    0.00    0.37 ^ _176_/C (sky130_fd_sc_hd__and4_2)
     1    0.00    0.05    0.21    0.58 ^ _176_/X (sky130_fd_sc_hd__and4_2)
                                         _089_ (net)
                  0.05    0.00    0.58 ^ _177_/A (sky130_fd_sc_hd__buf_1)
     8    0.02    0.29    0.25    0.82 ^ _177_/X (sky130_fd_sc_hd__buf_1)
                                         _090_ (net)
                  0.29    0.00    0.82 ^ _217_/A (sky130_fd_sc_hd__and4_2)
     1    0.00    0.05    0.26    1.08 ^ _217_/X (sky130_fd_sc_hd__and4_2)
                                         _117_ (net)
                  0.05    0.00    1.08 ^ _218_/A (sky130_fd_sc_hd__buf_1)
     9    0.03    0.40    0.32    1.41 ^ _218_/X (sky130_fd_sc_hd__buf_1)
                                         _118_ (net)
                  0.40    0.00    1.41 ^ _243_/A (sky130_fd_sc_hd__and2_2)
     4    0.02    0.11    0.28    1.68 ^ _243_/X (sky130_fd_sc_hd__and2_2)
                                         _135_ (net)
                  0.11    0.00    1.68 ^ _246_/C (sky130_fd_sc_hd__and3_2)
     2    0.01    0.09    0.23    1.91 ^ _246_/X (sky130_fd_sc_hd__and3_2)
                                         _137_ (net)
                  0.09    0.00    1.91 ^ _248_/B (sky130_fd_sc_hd__xor2_2)
     1    0.00    0.08    0.12    2.03 ^ _248_/X (sky130_fd_sc_hd__xor2_2)
                                         _022_ (net)
                  0.08    0.00    2.03 ^ _346_/D (sky130_fd_sc_hd__dfrtp_2)
                                  2.03   data arrival time

                  0.00   10.00   10.00   clock core_clock (rise edge)
                          0.00   10.00   clock network delay (ideal)
                          0.00   10.00   clock reconvergence pessimism
                                 10.00 ^ _346_/CLK (sky130_fd_sc_hd__dfrtp_2)
                         -0.08    9.92   library setup time
                                  9.92   data required time
-----------------------------------------------------------------------------
                                  9.92   data required time
                                 -2.03   data arrival time
-----------------------------------------------------------------------------
                                  7.89   slack (MET)


Startpoint: _322_ (rising edge-triggered flip-flop clocked by core_clock)
Endpoint: _343_ (rising edge-triggered flip-flop clocked by core_clock)
Path Group: core_clock
Path Type: max

Fanout     Cap    Slew   Delay    Time   Description
-----------------------------------------------------------------------------
                  0.00    0.00    0.00   clock core_clock (rise edge)
                          0.00    0.00   clock network delay (ideal)
                  0.00    0.00    0.00 ^ _322_/CLK (sky130_fd_sc_hd__dfrtp_2)
     4    0.01    0.09    0.37    0.37 ^ _322_/Q (sky130_fd_sc_hd__dfrtp_2)
                                         div.count[2] (net)
                  0.09    0.00    0.37 ^ _176_/C (sky130_fd_sc_hd__and4_2)
     1    0.00    0.05    0.21    0.58 ^ _176_/X (sky130_fd_sc_hd__and4_2)
                                         _089_ (net)
                  0.05    0.00    0.58 ^ _177_/A (sky130_fd_sc_hd__buf_1)
     8    0.02    0.29    0.25    0.82 ^ _177_/X (sky130_fd_sc_hd__buf_1)
                                         _090_ (net)
                  0.29    0.00    0.82 ^ _217_/A (sky130_fd_sc_hd__and4_2)
     1    0.00    0.05    0.26    1.08 ^ _217_/X (sky130_fd_sc_hd__and4_2)
                                         _117_ (net)
                  0.05    0.00    1.08 ^ _218_/A (sky130_fd_sc_hd__buf_1)
     9    0.03    0.40    0.32    1.41 ^ _218_/X (sky130_fd_sc_hd__buf_1)
                                         _118_ (net)
                  0.40    0.00    1.41 ^ _232_/B (sky130_fd_sc_hd__and3_2)
     4    0.02    0.13    0.32    1.73 ^ _232_/X (sky130_fd_sc_hd__and3_2)
                                         _128_ (net)
                  0.13    0.00    1.73 ^ _237_/C (sky130_fd_sc_hd__nand3_2)
     2    0.01    0.08    0.11    1.84 v _237_/Y (sky130_fd_sc_hd__nand3_2)
                                         _131_ (net)
                  0.08    0.00    1.84 v _240_/B (sky130_fd_sc_hd__xnor2_2)
     1    0.00    0.04    0.13    1.97 v _240_/Y (sky130_fd_sc_hd__xnor2_2)
                                         _019_ (net)
                  0.04    0.00    1.97 v _343_/D (sky130_fd_sc_hd__dfrtp_2)
                                  1.97   data arrival time

                  0.00   10.00   10.00   clock core_clock (rise edge)
                          0.00   10.00   clock network delay (ideal)
                          0.00   10.00   clock reconvergence pessimism
                                 10.00 ^ _343_/CLK (sky130_fd_sc_hd__dfrtp_2)
                         -0.12    9.88   library setup time
                                  9.88   data required time
-----------------------------------------------------------------------------
                                  9.88   data required time
                                 -1.97   data arrival time
-----------------------------------------------------------------------------
                                  7.91   slack (MET)


Startpoint: _322_ (rising edge-triggered flip-flop clocked by core_clock)
Endpoint: _347_ (rising edge-triggered flip-flop clocked by core_clock)
Path Group: core_clock
Path Type: max

Fanout     Cap    Slew   Delay    Time   Description
-----------------------------------------------------------------------------
                  0.00    0.00    0.00   clock core_clock (rise edge)
                          0.00    0.00   clock network delay (ideal)
                  0.00    0.00    0.00 ^ _322_/CLK (sky130_fd_sc_hd__dfrtp_2)
     4    0.01    0.09    0.37    0.37 ^ _322_/Q (sky130_fd_sc_hd__dfrtp_2)
                                         div.count[2] (net)
                  0.09    0.00    0.37 ^ _176_/C (sky130_fd_sc_hd__and4_2)
     1    0.00    0.05    0.21    0.58 ^ _176_/X (sky130_fd_sc_hd__and4_2)
                                         _089_ (net)
                  0.05    0.00    0.58 ^ _177_/A (sky130_fd_sc_hd__buf_1)
     8    0.02    0.29    0.25    0.82 ^ _177_/X (sky130_fd_sc_hd__buf_1)
                                         _090_ (net)
                  0.29    0.00    0.82 ^ _217_/A (sky130_fd_sc_hd__and4_2)
     1    0.00    0.05    0.26    1.08 ^ _217_/X (sky130_fd_sc_hd__and4_2)
                                         _117_ (net)
                  0.05    0.00    1.08 ^ _218_/A (sky130_fd_sc_hd__buf_1)
     9    0.03    0.40    0.32    1.41 ^ _218_/X (sky130_fd_sc_hd__buf_1)
                                         _118_ (net)
                  0.40    0.00    1.41 ^ _243_/A (sky130_fd_sc_hd__and2_2)
     4    0.02    0.11    0.28    1.68 ^ _243_/X (sky130_fd_sc_hd__and2_2)
                                         _135_ (net)
                  0.11    0.00    1.68 ^ _249_/D (sky130_fd_sc_hd__and4_2)
     1    0.00    0.05    0.22    1.90 ^ _249_/X (sky130_fd_sc_hd__and4_2)
                                         _138_ (net)
                  0.05    0.00    1.90 ^ _252_/A2 (sky130_fd_sc_hd__o21ba_2)
     1    0.00    0.03    0.11    2.01 ^ _252_/X (sky130_fd_sc_hd__o21ba_2)
                                         _023_ (net)
                  0.03    0.00    2.01 ^ _347_/D (sky130_fd_sc_hd__dfrtp_2)
                                  2.01   data arrival time

                  0.00   10.00   10.00   clock core_clock (rise edge)
                          0.00   10.00   clock network delay (ideal)
                          0.00   10.00   clock reconvergence pessimism
                                 10.00 ^ _347_/CLK (sky130_fd_sc_hd__dfrtp_2)
                         -0.07    9.93   library setup time
                                  9.93   data required time
-----------------------------------------------------------------------------
                                  9.93   data required time
                                 -2.01   data arrival time
-----------------------------------------------------------------------------
                                  7.92   slack (MET)


Startpoint: _322_ (rising edge-triggered flip-flop clocked by core_clock)
Endpoint: _350_ (rising edge-triggered flip-flop clocked by core_clock)
Path Group: core_clock
Path Type: max

Fanout     Cap    Slew   Delay    Time   Description
-----------------------------------------------------------------------------
                  0.00    0.00    0.00   clock core_clock (rise edge)
                          0.00    0.00   clock network delay (ideal)
                  0.00    0.00    0.00 ^ _322_/CLK (sky130_fd_sc_hd__dfrtp_2)
     4    0.01    0.09    0.37    0.37 ^ _322_/Q (sky130_fd_sc_hd__dfrtp_2)
                                         div.count[2] (net)
                  0.09    0.00    0.37 ^ _176_/C (sky130_fd_sc_hd__and4_2)
     1    0.00    0.05    0.21    0.58 ^ _176_/X (sky130_fd_sc_hd__and4_2)
                                         _089_ (net)
                  0.05    0.00    0.58 ^ _177_/A (sky130_fd_sc_hd__buf_1)
     8    0.02    0.29    0.25    0.82 ^ _177_/X (sky130_fd_sc_hd__buf_1)
                                         _090_ (net)
                  0.29    0.00    0.82 ^ _217_/A (sky130_fd_sc_hd__and4_2)
     1    0.00    0.05    0.26    1.08 ^ _217_/X (sky130_fd_sc_hd__and4_2)
                                         _117_ (net)
                  0.05    0.00    1.08 ^ _218_/A (sky130_fd_sc_hd__buf_1)
     9    0.03    0.40    0.32    1.41 ^ _218_/X (sky130_fd_sc_hd__buf_1)
                                         _118_ (net)
                  0.40    0.00    1.41 ^ _251_/A (sky130_fd_sc_hd__and3_2)
     5    0.01    0.10    0.31    1.71 ^ _251_/X (sky130_fd_sc_hd__and3_2)
                                         _140_ (net)
                  0.10    0.00    1.71 ^ _256_/C (sky130_fd_sc_hd__nand3_2)
     2    0.01    0.08    0.11    1.82 v _256_/Y (sky130_fd_sc_hd__nand3_2)
                                         _143_ (net)
                  0.08    0.00    1.82 v _258_/B (sky130_fd_sc_hd__xnor2_2)
     1    0.00    0.04    0.13    1.95 v _258_/Y (sky130_fd_sc_hd__xnor2_2)
                                         _027_ (net)
                  0.04    0.00    1.95 v _350_/D (sky130_fd_sc_hd__dfrtp_2)
                                  1.95   data arrival time

                  0.00   10.00   10.00   clock core_clock (rise edge)
                          0.00   10.00   clock network delay (ideal)
                          0.00   10.00   clock reconvergence pessimism
                                 10.00 ^ _350_/CLK (sky130_fd_sc_hd__dfrtp_2)
                         -0.12    9.88   library setup time
                                  9.88   data required time
-----------------------------------------------------------------------------
                                  9.88   data required time
                                 -1.95   data arrival time
-----------------------------------------------------------------------------
                                  7.93   slack (MET)


Startpoint: _322_ (rising edge-triggered flip-flop clocked by core_clock)
Endpoint: _345_ (rising edge-triggered flip-flop clocked by core_clock)
Path Group: core_clock
Path Type: max

Fanout     Cap    Slew   Delay    Time   Description
-----------------------------------------------------------------------------
                  0.00    0.00    0.00   clock core_clock (rise edge)
                          0.00    0.00   clock network delay (ideal)
                  0.00    0.00    0.00 ^ _322_/CLK (sky130_fd_sc_hd__dfrtp_2)
     4    0.01    0.09    0.37    0.37 ^ _322_/Q (sky130_fd_sc_hd__dfrtp_2)
                                         div.count[2] (net)
                  0.09    0.00    0.37 ^ _176_/C (sky130_fd_sc_hd__and4_2)
     1    0.00    0.05    0.21    0.58 ^ _176_/X (sky130_fd_sc_hd__and4_2)
                                         _089_ (net)
                  0.05    0.00    0.58 ^ _177_/A (sky130_fd_sc_hd__buf_1)
     8    0.02    0.29    0.25    0.82 ^ _177_/X (sky130_fd_sc_hd__buf_1)
                                         _090_ (net)
                  0.29    0.00    0.82 ^ _217_/A (sky130_fd_sc_hd__and4_2)
     1    0.00    0.05    0.26    1.08 ^ _217_/X (sky130_fd_sc_hd__and4_2)
                                         _117_ (net)
                  0.05    0.00    1.08 ^ _218_/A (sky130_fd_sc_hd__buf_1)
     9    0.03    0.40    0.32    1.41 ^ _218_/X (sky130_fd_sc_hd__buf_1)
                                         _118_ (net)
                  0.40    0.00    1.41 ^ _243_/A (sky130_fd_sc_hd__and2_2)
     4    0.02    0.11    0.28    1.68 ^ _243_/X (sky130_fd_sc_hd__and2_2)
                                         _135_ (net)
                  0.11    0.00    1.68 ^ _246_/C (sky130_fd_sc_hd__and3_2)
     2    0.01    0.09    0.23    1.91 ^ _246_/X (sky130_fd_sc_hd__and3_2)
                                         _137_ (net)
                  0.09    0.00    1.91 ^ _247_/B (sky130_fd_sc_hd__nor2_2)
     1    0.00    0.03    0.03    1.95 v _247_/Y (sky130_fd_sc_hd__nor2_2)
                                         _021_ (net)
                  0.03    0.00    1.95 v _345_/D (sky130_fd_sc_hd__dfrtp_2)
                                  1.95   data arrival time

                  0.00   10.00   10.00   clock core_clock (rise edge)
                          0.00   10.00   clock network delay (ideal)
                          0.00   10.00   clock reconvergence pessimism
                                 10.00 ^ _345_/CLK (sky130_fd_sc_hd__dfrtp_2)
                         -0.12    9.88   library setup time
                                  9.88   data required time
-----------------------------------------------------------------------------
                                  9.88   data required time
                                 -1.95   data arrival time
-----------------------------------------------------------------------------
                                  7.94   slack (MET)


Startpoint: _322_ (rising edge-triggered flip-flop clocked by core_clock)
Endpoint: _349_ (rising edge-triggered flip-flop clocked by core_clock)
Path Group: core_clock
Path Type: max

Fanout     Cap    Slew   Delay    Time   Description
-----------------------------------------------------------------------------
                  0.00    0.00    0.00   clock core_clock (rise edge)
                          0.00    0.00   clock network delay (ideal)
                  0.00    0.00    0.00 ^ _322_/CLK (sky130_fd_sc_hd__dfrtp_2)
     4    0.01    0.09    0.37    0.37 ^ _322_/Q (sky130_fd_sc_hd__dfrtp_2)
                                         div.count[2] (net)
                  0.09    0.00    0.37 ^ _176_/C (sky130_fd_sc_hd__and4_2)
     1    0.00    0.05    0.21    0.58 ^ _176_/X (sky130_fd_sc_hd__and4_2)
                                         _089_ (net)
                  0.05    0.00    0.58 ^ _177_/A (sky130_fd_sc_hd__buf_1)
     8    0.02    0.29    0.25    0.82 ^ _177_/X (sky130_fd_sc_hd__buf_1)
                                         _090_ (net)
                  0.29    0.00    0.82 ^ _217_/A (sky130_fd_sc_hd__and4_2)
     1    0.00    0.05    0.26    1.08 ^ _217_/X (sky130_fd_sc_hd__and4_2)
                                         _117_ (net)
                  0.05    0.00    1.08 ^ _218_/A (sky130_fd_sc_hd__buf_1)
     9    0.03    0.40    0.32    1.41 ^ _218_/X (sky130_fd_sc_hd__buf_1)
                                         _118_ (net)
                  0.40    0.00    1.41 ^ _251_/A (sky130_fd_sc_hd__and3_2)
     5    0.01    0.10    0.31    1.71 ^ _251_/X (sky130_fd_sc_hd__and3_2)
                                         _140_ (net)
                  0.10    0.00    1.71 ^ _256_/C (sky130_fd_sc_hd__nand3_2)
     2    0.01    0.08    0.11    1.82 v _256_/Y (sky130_fd_sc_hd__nand3_2)
                                         _143_ (net)
                  0.08    0.00    1.82 v _257_/B1 (sky130_fd_sc_hd__o21a_2)
     1    0.00    0.03    0.12    1.94 v _257_/X (sky130_fd_sc_hd__o21a_2)
                                         _025_ (net)
                  0.03    0.00    1.94 v _349_/D (sky130_fd_sc_hd__dfrtp_2)
                                  1.94   data arrival time

                  0.00   10.00   10.00   clock core_clock (rise edge)
                          0.00   10.00   clock network delay (ideal)
                          0.00   10.00   clock reconvergence pessimism
                                 10.00 ^ _349_/CLK (sky130_fd_sc_hd__dfrtp_2)
                         -0.12    9.88   library setup time
                                  9.88   data required time
-----------------------------------------------------------------------------
                                  9.88   data required time
                                 -1.94   data arrival time
-----------------------------------------------------------------------------
                                  7.94   slack (MET)


Startpoint: _322_ (rising edge-triggered flip-flop clocked by core_clock)
Endpoint: _348_ (rising edge-triggered flip-flop clocked by core_clock)
Path Group: core_clock
Path Type: max

Fanout     Cap    Slew   Delay    Time   Description
-----------------------------------------------------------------------------
                  0.00    0.00    0.00   clock core_clock (rise edge)
                          0.00    0.00   clock network delay (ideal)
                  0.00    0.00    0.00 ^ _322_/CLK (sky130_fd_sc_hd__dfrtp_2)
     4    0.01    0.09    0.37    0.37 ^ _322_/Q (sky130_fd_sc_hd__dfrtp_2)
                                         div.count[2] (net)
                  0.09    0.00    0.37 ^ _176_/C (sky130_fd_sc_hd__and4_2)
     1    0.00    0.05    0.21    0.58 ^ _176_/X (sky130_fd_sc_hd__and4_2)
                                         _089_ (net)
                  0.05    0.00    0.58 ^ _177_/A (sky130_fd_sc_hd__buf_1)
     8    0.02    0.29    0.25    0.82 ^ _177_/X (sky130_fd_sc_hd__buf_1)
                                         _090_ (net)
                  0.29    0.00    0.82 ^ _217_/A (sky130_fd_sc_hd__and4_2)
     1    0.00    0.05    0.26    1.08 ^ _217_/X (sky130_fd_sc_hd__and4_2)
                                         _117_ (net)
                  0.05    0.00    1.08 ^ _218_/A (sky130_fd_sc_hd__buf_1)
     9    0.03    0.40    0.32    1.41 ^ _218_/X (sky130_fd_sc_hd__buf_1)
                                         _118_ (net)
                  0.40    0.00    1.41 ^ _251_/A (sky130_fd_sc_hd__and3_2)
     5    0.01    0.10    0.31    1.71 ^ _251_/X (sky130_fd_sc_hd__and3_2)
                                         _140_ (net)
                  0.10    0.00    1.71 ^ _253_/B (sky130_fd_sc_hd__and2_2)
     2    0.01    0.06    0.16    1.87 ^ _253_/X (sky130_fd_sc_hd__and2_2)
                                         _141_ (net)
                  0.06    0.00    1.87 ^ _255_/A (sky130_fd_sc_hd__nor2_2)
     1    0.00    0.02    0.04    1.91 v _255_/Y (sky130_fd_sc_hd__nor2_2)
                                         _024_ (net)
                  0.02    0.00    1.91 v _348_/D (sky130_fd_sc_hd__dfrtp_2)
                                  1.91   data arrival time

                  0.00   10.00   10.00   clock core_clock (rise edge)
                          0.00   10.00   clock network delay (ideal)
                          0.00   10.00   clock reconvergence pessimism
                                 10.00 ^ _348_/CLK (sky130_fd_sc_hd__dfrtp_2)
                         -0.12    9.88   library setup time
                                  9.88   data required time
-----------------------------------------------------------------------------
                                  9.88   data required time
                                 -1.91   data arrival time
-----------------------------------------------------------------------------
                                  7.97   slack (MET)


Startpoint: _322_ (rising edge-triggered flip-flop clocked by core_clock)
Endpoint: _341_ (rising edge-triggered flip-flop clocked by core_clock)
Path Group: core_clock
Path Type: max

Fanout     Cap    Slew   Delay    Time   Description
-----------------------------------------------------------------------------
                  0.00    0.00    0.00   clock core_clock (rise edge)
                          0.00    0.00   clock network delay (ideal)
                  0.00    0.00    0.00 ^ _322_/CLK (sky130_fd_sc_hd__dfrtp_2)
     4    0.01    0.09    0.37    0.37 ^ _322_/Q (sky130_fd_sc_hd__dfrtp_2)
                                         div.count[2] (net)
                  0.09    0.00    0.37 ^ _176_/C (sky130_fd_sc_hd__and4_2)
     1    0.00    0.05    0.21    0.58 ^ _176_/X (sky130_fd_sc_hd__and4_2)
                                         _089_ (net)
                  0.05    0.00    0.58 ^ _177_/A (sky130_fd_sc_hd__buf_1)
     8    0.02    0.29    0.25    0.82 ^ _177_/X (sky130_fd_sc_hd__buf_1)
                                         _090_ (net)
                  0.29    0.00    0.82 ^ _217_/A (sky130_fd_sc_hd__and4_2)
     1    0.00    0.05    0.26    1.08 ^ _217_/X (sky130_fd_sc_hd__and4_2)
                                         _117_ (net)
                  0.05    0.00    1.08 ^ _218_/A (sky130_fd_sc_hd__buf_1)
     9    0.03    0.40    0.32    1.41 ^ _218_/X (sky130_fd_sc_hd__buf_1)
                                         _118_ (net)
                  0.40    0.00    1.41 ^ _232_/B (sky130_fd_sc_hd__and3_2)
     4    0.02    0.13    0.32    1.73 ^ _232_/X (sky130_fd_sc_hd__and3_2)
                                         _128_ (net)
                  0.13    0.00    1.73 ^ _235_/B (sky130_fd_sc_hd__xor2_2)
     1    0.00    0.08    0.13    1.86 ^ _235_/X (sky130_fd_sc_hd__xor2_2)
                                         _017_ (net)
                  0.08    0.00    1.86 ^ _341_/D (sky130_fd_sc_hd__dfrtp_2)
                                  1.86   data arrival time

                  0.00   10.00   10.00   clock core_clock (rise edge)
                          0.00   10.00   clock network delay (ideal)
                          0.00   10.00   clock reconvergence pessimism
                                 10.00 ^ _341_/CLK (sky130_fd_sc_hd__dfrtp_2)
                         -0.08    9.92   library setup time
                                  9.92   data required time
-----------------------------------------------------------------------------
                                  9.92   data required time
                                 -1.86   data arrival time
-----------------------------------------------------------------------------
                                  8.06   slack (MET)


Startpoint: _322_ (rising edge-triggered flip-flop clocked by core_clock)
Endpoint: _340_ (rising edge-triggered flip-flop clocked by core_clock)
Path Group: core_clock
Path Type: max

Fanout     Cap    Slew   Delay    Time   Description
-----------------------------------------------------------------------------
                  0.00    0.00    0.00   clock core_clock (rise edge)
                          0.00    0.00   clock network delay (ideal)
                  0.00    0.00    0.00 ^ _322_/CLK (sky130_fd_sc_hd__dfrtp_2)
     4    0.01    0.09    0.37    0.37 ^ _322_/Q (sky130_fd_sc_hd__dfrtp_2)
                                         div.count[2] (net)
                  0.09    0.00    0.37 ^ _176_/C (sky130_fd_sc_hd__and4_2)
     1    0.00    0.05    0.21    0.58 ^ _176_/X (sky130_fd_sc_hd__and4_2)
                                         _089_ (net)
                  0.05    0.00    0.58 ^ _177_/A (sky130_fd_sc_hd__buf_1)
     8    0.02    0.29    0.25    0.82 ^ _177_/X (sky130_fd_sc_hd__buf_1)
                                         _090_ (net)
                  0.29    0.00    0.82 ^ _217_/A (sky130_fd_sc_hd__and4_2)
     1    0.00    0.05    0.26    1.08 ^ _217_/X (sky130_fd_sc_hd__and4_2)
                                         _117_ (net)
                  0.05    0.00    1.08 ^ _218_/A (sky130_fd_sc_hd__buf_1)
     9    0.03    0.40    0.32    1.41 ^ _218_/X (sky130_fd_sc_hd__buf_1)
                                         _118_ (net)
                  0.40    0.00    1.41 ^ _232_/B (sky130_fd_sc_hd__and3_2)
     4    0.02    0.13    0.32    1.73 ^ _232_/X (sky130_fd_sc_hd__and3_2)
                                         _128_ (net)
                  0.13    0.00    1.73 ^ _234_/A (sky130_fd_sc_hd__nor2_2)
     1    0.00    0.03    0.05    1.78 v _234_/Y (sky130_fd_sc_hd__nor2_2)
                                         _016_ (net)
                  0.03    0.00    1.78 v _340_/D (sky130_fd_sc_hd__dfrtp_2)
                                  1.78   data arrival time

                  0.00   10.00   10.00   clock core_clock (rise edge)
                          0.00   10.00   clock network delay (ideal)
                          0.00   10.00   clock reconvergence pessimism
                                 10.00 ^ _340_/CLK (sky130_fd_sc_hd__dfrtp_2)
                         -0.12    9.88   library setup time
                                  9.88   data required time
-----------------------------------------------------------------------------
                                  9.88   data required time
                                 -1.78   data arrival time
-----------------------------------------------------------------------------
                                  8.10   slack (MET)


Startpoint: _322_ (rising edge-triggered flip-flop clocked by core_clock)
Endpoint: _344_ (rising edge-triggered flip-flop clocked by core_clock)
Path Group: core_clock
Path Type: max

Fanout     Cap    Slew   Delay    Time   Description
-----------------------------------------------------------------------------
                  0.00    0.00    0.00   clock core_clock (rise edge)
                          0.00    0.00   clock network delay (ideal)
                  0.00    0.00    0.00 ^ _322_/CLK (sky130_fd_sc_hd__dfrtp_2)
     4    0.01    0.09    0.37    0.37 ^ _322_/Q (sky130_fd_sc_hd__dfrtp_2)
                                         div.count[2] (net)
                  0.09    0.00    0.37 ^ _176_/C (sky130_fd_sc_hd__and4_2)
     1    0.00    0.05    0.21    0.58 ^ _176_/X (sky130_fd_sc_hd__and4_2)
                                         _089_ (net)
                  0.05    0.00    0.58 ^ _177_/A (sky130_fd_sc_hd__buf_1)
     8    0.02    0.29    0.25    0.82 ^ _177_/X (sky130_fd_sc_hd__buf_1)
                                         _090_ (net)
                  0.29    0.00    0.82 ^ _217_/A (sky130_fd_sc_hd__and4_2)
     1    0.00    0.05    0.26    1.08 ^ _217_/X (sky130_fd_sc_hd__and4_2)
                                         _117_ (net)
                  0.05    0.00    1.08 ^ _218_/A (sky130_fd_sc_hd__buf_1)
     9    0.03    0.40    0.32    1.41 ^ _218_/X (sky130_fd_sc_hd__buf_1)
                                         _118_ (net)
                  0.40    0.00    1.41 ^ _243_/A (sky130_fd_sc_hd__and2_2)
     4    0.02    0.11    0.28    1.68 ^ _243_/X (sky130_fd_sc_hd__and2_2)
                                         _135_ (net)
                  0.11    0.00    1.68 ^ _244_/B (sky130_fd_sc_hd__xor2_2)
     1    0.00    0.08    0.12    1.81 ^ _244_/X (sky130_fd_sc_hd__xor2_2)
                                         _020_ (net)
                  0.08    0.00    1.81 ^ _344_/D (sky130_fd_sc_hd__dfrtp_2)
                                  1.81   data arrival time

                  0.00   10.00   10.00   clock core_clock (rise edge)
                          0.00   10.00   clock network delay (ideal)
                          0.00   10.00   clock reconvergence pessimism
                                 10.00 ^ _344_/CLK (sky130_fd_sc_hd__dfrtp_2)
                         -0.08    9.92   library setup time
                                  9.92   data required time
-----------------------------------------------------------------------------
                                  9.92   data required time
                                 -1.81   data arrival time
-----------------------------------------------------------------------------
                                  8.12   slack (MET)


Startpoint: _322_ (rising edge-triggered flip-flop clocked by core_clock)
Endpoint: _335_ (rising edge-triggered flip-flop clocked by core_clock)
Path Group: core_clock
Path Type: max

Fanout     Cap    Slew   Delay    Time   Description
-----------------------------------------------------------------------------
                  0.00    0.00    0.00   clock core_clock (rise edge)
                          0.00    0.00   clock network delay (ideal)
                  0.00    0.00    0.00 ^ _322_/CLK (sky130_fd_sc_hd__dfrtp_2)
     4    0.01    0.09    0.37    0.37 ^ _322_/Q (sky130_fd_sc_hd__dfrtp_2)
                                         div.count[2] (net)
                  0.09    0.00    0.37 ^ _176_/C (sky130_fd_sc_hd__and4_2)
     1    0.00    0.05    0.21    0.58 ^ _176_/X (sky130_fd_sc_hd__and4_2)
                                         _089_ (net)
                  0.05    0.00    0.58 ^ _177_/A (sky130_fd_sc_hd__buf_1)
     8    0.02    0.29    0.25    0.82 ^ _177_/X (sky130_fd_sc_hd__buf_1)
                                         _090_ (net)
                  0.29    0.00    0.82 ^ _195_/C (sky130_fd_sc_hd__and4_2)
     1    0.00    0.05    0.25    1.08 ^ _195_/X (sky130_fd_sc_hd__and4_2)
                                         _102_ (net)
                  0.05    0.00    1.08 ^ _196_/A (sky130_fd_sc_hd__buf_1)
     6    0.02    0.28    0.25    1.32 ^ _196_/X (sky130_fd_sc_hd__buf_1)
                                         _103_ (net)
                  0.28    0.00    1.32 ^ _211_/A (sky130_fd_sc_hd__and2_2)
     3    0.01    0.07    0.22    1.55 ^ _211_/X (sky130_fd_sc_hd__and2_2)
                                         _114_ (net)
                  0.07    0.00    1.55 ^ _213_/B (sky130_fd_sc_hd__nand2_2)
     2    0.01    0.05    0.07    1.62 v _213_/Y (sky130_fd_sc_hd__nand2_2)
                                         _115_ (net)
                  0.05    0.00    1.62 v _215_/B (sky130_fd_sc_hd__xnor2_2)
     1    0.00    0.04    0.12    1.74 v _215_/Y (sky130_fd_sc_hd__xnor2_2)
                                         _010_ (net)
                  0.04    0.00    1.74 v _335_/D (sky130_fd_sc_hd__dfrtp_2)
                                  1.74   data arrival time

                  0.00   10.00   10.00   clock core_clock (rise edge)
                          0.00   10.00   clock network delay (ideal)
                          0.00   10.00   clock reconvergence pessimism
                                 10.00 ^ _335_/CLK (sky130_fd_sc_hd__dfrtp_2)
                         -0.12    9.88   library setup time
                                  9.88   data required time
-----------------------------------------------------------------------------
                                  9.88   data required time
                                 -1.74   data arrival time
-----------------------------------------------------------------------------
                                  8.14   slack (MET)


Startpoint: _322_ (rising edge-triggered flip-flop clocked by core_clock)
Endpoint: _333_ (rising edge-triggered flip-flop clocked by core_clock)
Path Group: core_clock
Path Type: max

Fanout     Cap    Slew   Delay    Time   Description
-----------------------------------------------------------------------------
                  0.00    0.00    0.00   clock core_clock (rise edge)
                          0.00    0.00   clock network delay (ideal)
                  0.00    0.00    0.00 ^ _322_/CLK (sky130_fd_sc_hd__dfrtp_2)
     4    0.01    0.09    0.37    0.37 ^ _322_/Q (sky130_fd_sc_hd__dfrtp_2)
                                         div.count[2] (net)
                  0.09    0.00    0.37 ^ _176_/C (sky130_fd_sc_hd__and4_2)
     1    0.00    0.05    0.21    0.58 ^ _176_/X (sky130_fd_sc_hd__and4_2)
                                         _089_ (net)
                  0.05    0.00    0.58 ^ _177_/A (sky130_fd_sc_hd__buf_1)
     8    0.02    0.29    0.25    0.82 ^ _177_/X (sky130_fd_sc_hd__buf_1)
                                         _090_ (net)
                  0.29    0.00    0.82 ^ _195_/C (sky130_fd_sc_hd__and4_2)
     1    0.00    0.05    0.25    1.08 ^ _195_/X (sky130_fd_sc_hd__and4_2)
                                         _102_ (net)
                  0.05    0.00    1.08 ^ _196_/A (sky130_fd_sc_hd__buf_1)
     6    0.02    0.28    0.25    1.32 ^ _196_/X (sky130_fd_sc_hd__buf_1)
                                         _103_ (net)
                  0.28    0.00    1.32 ^ _211_/A (sky130_fd_sc_hd__and2_2)
     3    0.01    0.07    0.22    1.55 ^ _211_/X (sky130_fd_sc_hd__and2_2)
                                         _114_ (net)
                  0.07    0.00    1.55 ^ _212_/B1_N (sky130_fd_sc_hd__o21ba_2)
     1    0.00    0.03    0.15    1.70 v _212_/X (sky130_fd_sc_hd__o21ba_2)
                                         _008_ (net)
                  0.03    0.00    1.70 v _333_/D (sky130_fd_sc_hd__dfrtp_2)
                                  1.70   data arrival time

                  0.00   10.00   10.00   clock core_clock (rise edge)
                          0.00   10.00   clock network delay (ideal)
                          0.00   10.00   clock reconvergence pessimism
                                 10.00 ^ _333_/CLK (sky130_fd_sc_hd__dfrtp_2)
                         -0.12    9.88   library setup time
                                  9.88   data required time
-----------------------------------------------------------------------------
                                  9.88   data required time
                                 -1.70   data arrival time
-----------------------------------------------------------------------------
                                  8.18   slack (MET)


Startpoint: _322_ (rising edge-triggered flip-flop clocked by core_clock)
Endpoint: _337_ (rising edge-triggered flip-flop clocked by core_clock)
Path Group: core_clock
Path Type: max

Fanout     Cap    Slew   Delay    Time   Description
-----------------------------------------------------------------------------
                  0.00    0.00    0.00   clock core_clock (rise edge)
                          0.00    0.00   clock network delay (ideal)
                  0.00    0.00    0.00 ^ _322_/CLK (sky130_fd_sc_hd__dfrtp_2)
     4    0.01    0.09    0.37    0.37 ^ _322_/Q (sky130_fd_sc_hd__dfrtp_2)
                                         div.count[2] (net)
                  0.09    0.00    0.37 ^ _176_/C (sky130_fd_sc_hd__and4_2)
     1    0.00    0.05    0.21    0.58 ^ _176_/X (sky130_fd_sc_hd__and4_2)
                                         _089_ (net)
                  0.05    0.00    0.58 ^ _177_/A (sky130_fd_sc_hd__buf_1)
     8    0.02    0.29    0.25    0.82 ^ _177_/X (sky130_fd_sc_hd__buf_1)
                                         _090_ (net)
                  0.29    0.00    0.82 ^ _217_/A (sky130_fd_sc_hd__and4_2)
     1    0.00    0.05    0.26    1.08 ^ _217_/X (sky130_fd_sc_hd__and4_2)
                                         _117_ (net)
                  0.05    0.00    1.08 ^ _218_/A (sky130_fd_sc_hd__buf_1)
     9    0.03    0.40    0.32    1.41 ^ _218_/X (sky130_fd_sc_hd__buf_1)
                                         _118_ (net)
                  0.40    0.00    1.41 ^ _221_/C (sky130_fd_sc_hd__and3_2)
     2    0.01    0.06    0.25    1.66 ^ _221_/X (sky130_fd_sc_hd__and3_2)
                                         _120_ (net)
                  0.06    0.00    1.66 ^ _222_/B (sky130_fd_sc_hd__nor2_2)
     1    0.00    0.03    0.03    1.69 v _222_/Y (sky130_fd_sc_hd__nor2_2)
                                         _012_ (net)
                  0.03    0.00    1.69 v _337_/D (sky130_fd_sc_hd__dfrtp_2)
                                  1.69   data arrival time

                  0.00   10.00   10.00   clock core_clock (rise edge)
                          0.00   10.00   clock network delay (ideal)
                          0.00   10.00   clock reconvergence pessimism
                                 10.00 ^ _337_/CLK (sky130_fd_sc_hd__dfrtp_2)
                         -0.12    9.88   library setup time
                                  9.88   data required time
-----------------------------------------------------------------------------
                                  9.88   data required time
                                 -1.69   data arrival time
-----------------------------------------------------------------------------
                                  8.19   slack (MET)


Startpoint: _322_ (rising edge-triggered flip-flop clocked by core_clock)
Endpoint: _332_ (rising edge-triggered flip-flop clocked by core_clock)
Path Group: core_clock
Path Type: max

Fanout     Cap    Slew   Delay    Time   Description
-----------------------------------------------------------------------------
                  0.00    0.00    0.00   clock core_clock (rise edge)
                          0.00    0.00   clock network delay (ideal)
                  0.00    0.00    0.00 ^ _322_/CLK (sky130_fd_sc_hd__dfrtp_2)
     4    0.01    0.09    0.37    0.37 ^ _322_/Q (sky130_fd_sc_hd__dfrtp_2)
                                         div.count[2] (net)
                  0.09    0.00    0.37 ^ _176_/C (sky130_fd_sc_hd__and4_2)
     1    0.00    0.05    0.21    0.58 ^ _176_/X (sky130_fd_sc_hd__and4_2)
                                         _089_ (net)
                  0.05    0.00    0.58 ^ _177_/A (sky130_fd_sc_hd__buf_1)
     8    0.02    0.29    0.25    0.82 ^ _177_/X (sky130_fd_sc_hd__buf_1)
                                         _090_ (net)
                  0.29    0.00    0.82 ^ _195_/C (sky130_fd_sc_hd__and4_2)
     1    0.00    0.05    0.25    1.08 ^ _195_/X (sky130_fd_sc_hd__and4_2)
                                         _102_ (net)
                  0.05    0.00    1.08 ^ _196_/A (sky130_fd_sc_hd__buf_1)
     6    0.02    0.28    0.25    1.32 ^ _196_/X (sky130_fd_sc_hd__buf_1)
                                         _103_ (net)
                  0.28    0.00    1.32 ^ _205_/C (sky130_fd_sc_hd__nand3_2)
     2    0.01    0.09    0.13    1.46 v _205_/Y (sky130_fd_sc_hd__nand3_2)
                                         _110_ (net)
                  0.09    0.00    1.46 v _208_/B (sky130_fd_sc_hd__xnor2_2)
     1    0.00    0.04    0.14    1.59 v _208_/Y (sky130_fd_sc_hd__xnor2_2)
                                         _007_ (net)
                  0.04    0.00    1.59 v _332_/D (sky130_fd_sc_hd__dfrtp_2)
                                  1.59   data arrival time

                  0.00   10.00   10.00   clock core_clock (rise edge)
                          0.00   10.00   clock network delay (ideal)
                          0.00   10.00   clock reconvergence pessimism
                                 10.00 ^ _332_/CLK (sky130_fd_sc_hd__dfrtp_2)
                         -0.12    9.88   library setup time
                                  9.88   data required time
-----------------------------------------------------------------------------
                                  9.88   data required time
                                 -1.59   data arrival time
-----------------------------------------------------------------------------
                                  8.28   slack (MET)


Startpoint: _322_ (rising edge-triggered flip-flop clocked by core_clock)
Endpoint: _336_ (rising edge-triggered flip-flop clocked by core_clock)
Path Group: core_clock
Path Type: max

Fanout     Cap    Slew   Delay    Time   Description
-----------------------------------------------------------------------------
                  0.00    0.00    0.00   clock core_clock (rise edge)
                          0.00    0.00   clock network delay (ideal)
                  0.00    0.00    0.00 ^ _322_/CLK (sky130_fd_sc_hd__dfrtp_2)
     4    0.01    0.09    0.37    0.37 ^ _322_/Q (sky130_fd_sc_hd__dfrtp_2)
                                         div.count[2] (net)
                  0.09    0.00    0.37 ^ _176_/C (sky130_fd_sc_hd__and4_2)
     1    0.00    0.05    0.21    0.58 ^ _176_/X (sky130_fd_sc_hd__and4_2)
                                         _089_ (net)
                  0.05    0.00    0.58 ^ _177_/A (sky130_fd_sc_hd__buf_1)
     8    0.02    0.29    0.25    0.82 ^ _177_/X (sky130_fd_sc_hd__buf_1)
                                         _090_ (net)
                  0.29    0.00    0.82 ^ _217_/A (sky130_fd_sc_hd__and4_2)
     1    0.00    0.05    0.26    1.08 ^ _217_/X (sky130_fd_sc_hd__and4_2)
                                         _117_ (net)
                  0.05    0.00    1.08 ^ _218_/A (sky130_fd_sc_hd__buf_1)
     9    0.03    0.40    0.32    1.41 ^ _218_/X (sky130_fd_sc_hd__buf_1)
                                         _118_ (net)
                  0.40    0.00    1.41 ^ _219_/B (sky130_fd_sc_hd__xor2_2)
     1    0.00    0.08    0.10    1.50 v _219_/X (sky130_fd_sc_hd__xor2_2)
                                         _011_ (net)
                  0.08    0.00    1.50 v _336_/D (sky130_fd_sc_hd__dfrtp_2)
                                  1.50   data arrival time

                  0.00   10.00   10.00   clock core_clock (rise edge)
                          0.00   10.00   clock network delay (ideal)
                          0.00   10.00   clock reconvergence pessimism
                                 10.00 ^ _336_/CLK (sky130_fd_sc_hd__dfrtp_2)
                         -0.14    9.86   library setup time
                                  9.86   data required time
-----------------------------------------------------------------------------
                                  9.86   data required time
                                 -1.50   data arrival time
-----------------------------------------------------------------------------
                                  8.35   slack (MET)


Startpoint: _322_ (rising edge-triggered flip-flop clocked by core_clock)
Endpoint: _330_ (rising edge-triggered flip-flop clocked by core_clock)
Path Group: core_clock
Path Type: max

Fanout     Cap    Slew   Delay    Time   Description
-----------------------------------------------------------------------------
                  0.00    0.00    0.00   clock core_clock (rise edge)
                          0.00    0.00   clock network delay (ideal)
                  0.00    0.00    0.00 ^ _322_/CLK (sky130_fd_sc_hd__dfrtp_2)
     4    0.01    0.09    0.37    0.37 ^ _322_/Q (sky130_fd_sc_hd__dfrtp_2)
                                         div.count[2] (net)
                  0.09    0.00    0.37 ^ _176_/C (sky130_fd_sc_hd__and4_2)
     1    0.00    0.05    0.21    0.58 ^ _176_/X (sky130_fd_sc_hd__and4_2)
                                         _089_ (net)
                  0.05    0.00    0.58 ^ _177_/A (sky130_fd_sc_hd__buf_1)
     8    0.02    0.29    0.25    0.82 ^ _177_/X (sky130_fd_sc_hd__buf_1)
                                         _090_ (net)
                  0.29    0.00    0.82 ^ _195_/C (sky130_fd_sc_hd__and4_2)
     1    0.00    0.05    0.25    1.08 ^ _195_/X (sky130_fd_sc_hd__and4_2)
                                         _102_ (net)
                  0.05    0.00    1.08 ^ _196_/A (sky130_fd_sc_hd__buf_1)
     6    0.02    0.28    0.25    1.32 ^ _196_/X (sky130_fd_sc_hd__buf_1)
                                         _103_ (net)
                  0.28    0.00    1.32 ^ _203_/B (sky130_fd_sc_hd__xor2_2)
     1    0.00    0.07    0.09    1.41 v _203_/X (sky130_fd_sc_hd__xor2_2)
                                         _005_ (net)
                  0.07    0.00    1.41 v _330_/D (sky130_fd_sc_hd__dfrtp_2)
                                  1.41   data arrival time

                  0.00   10.00   10.00   clock core_clock (rise edge)
                          0.00   10.00   clock network delay (ideal)
                          0.00   10.00   clock reconvergence pessimism
                                 10.00 ^ _330_/CLK (sky130_fd_sc_hd__dfrtp_2)
                         -0.14    9.86   library setup time
                                  9.86   data required time
-----------------------------------------------------------------------------
                                  9.86   data required time
                                 -1.41   data arrival time
-----------------------------------------------------------------------------
                                  8.45   slack (MET)


Startpoint: _322_ (rising edge-triggered flip-flop clocked by core_clock)
Endpoint: _327_ (rising edge-triggered flip-flop clocked by core_clock)
Path Group: core_clock
Path Type: max

Fanout     Cap    Slew   Delay    Time   Description
-----------------------------------------------------------------------------
                  0.00    0.00    0.00   clock core_clock (rise edge)
                          0.00    0.00   clock network delay (ideal)
                  0.00    0.00    0.00 ^ _322_/CLK (sky130_fd_sc_hd__dfrtp_2)
     4    0.01    0.09    0.37    0.37 ^ _322_/Q (sky130_fd_sc_hd__dfrtp_2)
                                         div.count[2] (net)
                  0.09    0.00    0.37 ^ _176_/C (sky130_fd_sc_hd__and4_2)
     1    0.00    0.05    0.21    0.58 ^ _176_/X (sky130_fd_sc_hd__and4_2)
                                         _089_ (net)
                  0.05    0.00    0.58 ^ _177_/A (sky130_fd_sc_hd__buf_1)
     8    0.02    0.29    0.25    0.82 ^ _177_/X (sky130_fd_sc_hd__buf_1)
                                         _090_ (net)
                  0.29    0.00    0.82 ^ _182_/C (sky130_fd_sc_hd__and3_2)
     3    0.01    0.08    0.26    1.08 ^ _182_/X (sky130_fd_sc_hd__and3_2)
                                         _093_ (net)
                  0.08    0.00    1.08 ^ _186_/B (sky130_fd_sc_hd__nand2_2)
     2    0.01    0.04    0.06    1.14 v _186_/Y (sky130_fd_sc_hd__nand2_2)
                                         _096_ (net)
                  0.04    0.00    1.14 v _192_/A2 (sky130_fd_sc_hd__a21oi_2)
     1    0.00    0.07    0.11    1.26 ^ _192_/Y (sky130_fd_sc_hd__a21oi_2)
                                         _033_ (net)
                  0.07    0.00    1.26 ^ _327_/D (sky130_fd_sc_hd__dfrtp_2)
                                  1.26   data arrival time

                  0.00   10.00   10.00   clock core_clock (rise edge)
                          0.00   10.00   clock network delay (ideal)
                          0.00   10.00   clock reconvergence pessimism
                                 10.00 ^ _327_/CLK (sky130_fd_sc_hd__dfrtp_2)
                         -0.08    9.92   library setup time
                                  9.92   data required time
-----------------------------------------------------------------------------
                                  9.92   data required time
                                 -1.26   data arrival time
-----------------------------------------------------------------------------
                                  8.67   slack (MET)


Startpoint: _322_ (rising edge-triggered flip-flop clocked by core_clock)
Endpoint: _323_ (rising edge-triggered flip-flop clocked by core_clock)
Path Group: core_clock
Path Type: max

Fanout     Cap    Slew   Delay    Time   Description
-----------------------------------------------------------------------------
                  0.00    0.00    0.00   clock core_clock (rise edge)
                          0.00    0.00   clock network delay (ideal)
                  0.00    0.00    0.00 ^ _322_/CLK (sky130_fd_sc_hd__dfrtp_2)
     4    0.01    0.09    0.37    0.37 ^ _322_/Q (sky130_fd_sc_hd__dfrtp_2)
                                         div.count[2] (net)
                  0.09    0.00    0.37 ^ _176_/C (sky130_fd_sc_hd__and4_2)
     1    0.00    0.05    0.21    0.58 ^ _176_/X (sky130_fd_sc_hd__and4_2)
                                         _089_ (net)
                  0.05    0.00    0.58 ^ _177_/A (sky130_fd_sc_hd__buf_1)
     8    0.02    0.29    0.25    0.82 ^ _177_/X (sky130_fd_sc_hd__buf_1)
                                         _090_ (net)
                  0.29    0.00    0.82 ^ _179_/A_N (sky130_fd_sc_hd__and2b_2)
     1    0.00    0.03    0.25    1.07 v _179_/X (sky130_fd_sc_hd__and2b_2)
                                         _092_ (net)
                  0.03    0.00    1.07 v _180_/A (sky130_fd_sc_hd__buf_1)
     1    0.00    0.02    0.08    1.15 v _180_/X (sky130_fd_sc_hd__buf_1)
                                         _029_ (net)
                  0.02    0.00    1.15 v _323_/D (sky130_fd_sc_hd__dfrtp_2)
                                  1.15   data arrival time

                  0.00   10.00   10.00   clock core_clock (rise edge)
                          0.00   10.00   clock network delay (ideal)
                          0.00   10.00   clock reconvergence pessimism
                                 10.00 ^ _323_/CLK (sky130_fd_sc_hd__dfrtp_2)
                         -0.12    9.88   library setup time
                                  9.88   data required time
-----------------------------------------------------------------------------
                                  9.88   data required time
                                 -1.15   data arrival time
-----------------------------------------------------------------------------
                                  8.73   slack (MET)


Startpoint: _322_ (rising edge-triggered flip-flop clocked by core_clock)
Endpoint: _325_ (rising edge-triggered flip-flop clocked by core_clock)
Path Group: core_clock
Path Type: max

Fanout     Cap    Slew   Delay    Time   Description
-----------------------------------------------------------------------------
                  0.00    0.00    0.00   clock core_clock (rise edge)
                          0.00    0.00   clock network delay (ideal)
                  0.00    0.00    0.00 ^ _322_/CLK (sky130_fd_sc_hd__dfrtp_2)
     4    0.01    0.09    0.37    0.37 ^ _322_/Q (sky130_fd_sc_hd__dfrtp_2)
                                         div.count[2] (net)
                  0.09    0.00    0.37 ^ _176_/C (sky130_fd_sc_hd__and4_2)
     1    0.00    0.05    0.21    0.58 ^ _176_/X (sky130_fd_sc_hd__and4_2)
                                         _089_ (net)
                  0.05    0.00    0.58 ^ _177_/A (sky130_fd_sc_hd__buf_1)
     8    0.02    0.29    0.25    0.82 ^ _177_/X (sky130_fd_sc_hd__buf_1)
                                         _090_ (net)
                  0.29    0.00    0.82 ^ _182_/C (sky130_fd_sc_hd__and3_2)
     3    0.01    0.08    0.26    1.08 ^ _182_/X (sky130_fd_sc_hd__and3_2)
                                         _093_ (net)
                  0.08    0.00    1.08 ^ _184_/A (sky130_fd_sc_hd__nor2_2)
     1    0.00    0.02    0.04    1.12 v _184_/Y (sky130_fd_sc_hd__nor2_2)
                                         _031_ (net)
                  0.02    0.00    1.12 v _325_/D (sky130_fd_sc_hd__dfrtp_2)
                                  1.12   data arrival time

                  0.00   10.00   10.00   clock core_clock (rise edge)
                          0.00   10.00   clock network delay (ideal)
                          0.00   10.00   clock reconvergence pessimism
                                 10.00 ^ _325_/CLK (sky130_fd_sc_hd__dfrtp_2)
                         -0.12    9.88   library setup time
                                  9.88   data required time
-----------------------------------------------------------------------------
                                  9.88   data required time
                                 -1.12   data arrival time
-----------------------------------------------------------------------------
                                  8.76   slack (MET)


Startpoint: _322_ (rising edge-triggered flip-flop clocked by core_clock)
Endpoint: _324_ (rising edge-triggered flip-flop clocked by core_clock)
Path Group: core_clock
Path Type: max

Fanout     Cap    Slew   Delay    Time   Description
-----------------------------------------------------------------------------
                  0.00    0.00    0.00   clock core_clock (rise edge)
                          0.00    0.00   clock network delay (ideal)
                  0.00    0.00    0.00 ^ _322_/CLK (sky130_fd_sc_hd__dfrtp_2)
     4    0.01    0.07    0.40    0.40 v _322_/Q (sky130_fd_sc_hd__dfrtp_2)
                                         div.count[2] (net)
                  0.07    0.00    0.40 v _176_/C (sky130_fd_sc_hd__and4_2)
     1    0.00    0.04    0.22    0.62 v _176_/X (sky130_fd_sc_hd__and4_2)
                                         _089_ (net)
                  0.04    0.00    0.62 v _177_/A (sky130_fd_sc_hd__buf_1)
     8    0.02    0.13    0.17    0.79 v _177_/X (sky130_fd_sc_hd__buf_1)
                                         _090_ (net)
                  0.13    0.00    0.79 v _181_/B (sky130_fd_sc_hd__xor2_2)
     1    0.00    0.07    0.16    0.95 v _181_/X (sky130_fd_sc_hd__xor2_2)
                                         _030_ (net)
                  0.07    0.00    0.95 v _324_/D (sky130_fd_sc_hd__dfrtp_2)
                                  0.95   data arrival time

                  0.00   10.00   10.00   clock core_clock (rise edge)
                          0.00   10.00   clock network delay (ideal)
                          0.00   10.00   clock reconvergence pessimism
                                 10.00 ^ _324_/CLK (sky130_fd_sc_hd__dfrtp_2)
                         -0.14    9.86   library setup time
                                  9.86   data required time
-----------------------------------------------------------------------------
                                  9.86   data required time
                                 -0.95   data arrival time
-----------------------------------------------------------------------------
                                  8.91   slack (MET)


Startpoint: _320_ (rising edge-triggered flip-flop clocked by core_clock)
Endpoint: _321_ (rising edge-triggered flip-flop clocked by core_clock)
Path Group: core_clock
Path Type: max

Fanout     Cap    Slew   Delay    Time   Description
-----------------------------------------------------------------------------
                  0.00    0.00    0.00   clock core_clock (rise edge)
                          0.00    0.00   clock network delay (ideal)
                  0.00    0.00    0.00 ^ _320_/CLK (sky130_fd_sc_hd__dfrtp_2)
     6    0.01    0.07    0.40    0.40 v _320_/Q (sky130_fd_sc_hd__dfrtp_2)
                                         div.count[0] (net)
                  0.07    0.00    0.40 v _171_/A (sky130_fd_sc_hd__or2_2)
     1    0.00    0.05    0.29    0.69 v _171_/X (sky130_fd_sc_hd__or2_2)
                                         _086_ (net)
                  0.05    0.00    0.69 v _173_/A (sky130_fd_sc_hd__and2_2)
     1    0.00    0.03    0.16    0.85 v _173_/X (sky130_fd_sc_hd__and2_2)
                                         _088_ (net)
                  0.03    0.00    0.85 v _174_/A (sky130_fd_sc_hd__buf_1)
     1    0.00    0.02    0.08    0.92 v _174_/X (sky130_fd_sc_hd__buf_1)
                                         _015_ (net)
                  0.02    0.00    0.92 v _321_/D (sky130_fd_sc_hd__dfrtp_2)
                                  0.92   data arrival time

                  0.00   10.00   10.00   clock core_clock (rise edge)
                          0.00   10.00   clock network delay (ideal)
                          0.00   10.00   clock reconvergence pessimism
                                 10.00 ^ _321_/CLK (sky130_fd_sc_hd__dfrtp_2)
                         -0.12    9.88   library setup time
                                  9.88   data required time
-----------------------------------------------------------------------------
                                  9.88   data required time
                                 -0.92   data arrival time
-----------------------------------------------------------------------------
                                  8.96   slack (MET)


Startpoint: _320_ (rising edge-triggered flip-flop clocked by core_clock)
Endpoint: _322_ (rising edge-triggered flip-flop clocked by core_clock)
Path Group: core_clock
Path Type: max

Fanout     Cap    Slew   Delay    Time   Description
-----------------------------------------------------------------------------
                  0.00    0.00    0.00   clock core_clock (rise edge)
                          0.00    0.00   clock network delay (ideal)
                  0.00    0.00    0.00 ^ _320_/CLK (sky130_fd_sc_hd__dfrtp_2)
     6    0.01    0.08    0.36    0.36 ^ _320_/Q (sky130_fd_sc_hd__dfrtp_2)
                                         div.count[0] (net)
                  0.08    0.00    0.36 ^ _172_/A (sky130_fd_sc_hd__nand2_2)
     2    0.01    0.05    0.07    0.43 v _172_/Y (sky130_fd_sc_hd__nand2_2)
                                         _087_ (net)
                  0.05    0.00    0.43 v _175_/B (sky130_fd_sc_hd__xnor2_2)
     1    0.00    0.04    0.12    0.55 v _175_/Y (sky130_fd_sc_hd__xnor2_2)
                                         _026_ (net)
                  0.04    0.00    0.55 v _322_/D (sky130_fd_sc_hd__dfrtp_2)
                                  0.55   data arrival time

                  0.00   10.00   10.00   clock core_clock (rise edge)
                          0.00   10.00   clock network delay (ideal)
                          0.00   10.00   clock reconvergence pessimism
                                 10.00 ^ _322_/CLK (sky130_fd_sc_hd__dfrtp_2)
                         -0.12    9.88   library setup time
                                  9.88   data required time
-----------------------------------------------------------------------------
                                  9.88   data required time
                                 -0.55   data arrival time
-----------------------------------------------------------------------------
                                  9.33   slack (MET)



worst slack corner Typical: 7.1083
