
===========================================================================
 report_power
============================================================================
======================= Fastest Corner ===================================

Group                  Internal  Switching    Leakage      Total
                          Power      Power      Power      Power (Watts)
----------------------------------------------------------------
Sequential             1.55e-04   0.00e+00   5.35e-08   1.55e-04  41.9%
Combinational          3.77e-14   2.04e-13   1.11e-09   1.11e-09   0.0%
Clock                  1.05e-04   1.10e-04   1.71e-09   2.15e-04  58.1%
Macro                  0.00e+00   0.00e+00   0.00e+00   0.00e+00   0.0%
Pad                    0.00e+00   0.00e+00   0.00e+00   0.00e+00   0.0%
----------------------------------------------------------------
Total                  2.60e-04   1.10e-04   5.63e-08   3.70e-04 100.0%
                          70.4%      29.6%       0.0%

======================= Slowest Corner ===================================

Group                  Internal  Switching    Leakage      Total
                          Power      Power      Power      Power (Watts)
----------------------------------------------------------------
Sequential             1.02e-04   0.00e+00   7.39e-07   1.03e-04  40.5%
Combinational          2.53e-14   1.37e-13   8.18e-07   8.18e-07   0.3%
Clock                  7.60e-05   7.41e-05   1.07e-07   1.50e-04  59.2%
Macro                  0.00e+00   0.00e+00   0.00e+00   0.00e+00   0.0%
Pad                    0.00e+00   0.00e+00   0.00e+00   0.00e+00   0.0%
----------------------------------------------------------------
Total                  1.78e-04   7.41e-05   1.66e-06   2.54e-04 100.0%
                          70.1%      29.2%       0.7%

======================= Typical Corner ===================================

Group                  Internal  Switching    Leakage      Total
                          Power      Power      Power      Power (Watts)
----------------------------------------------------------------
Sequential             1.33e-04   0.00e+00   5.29e-08   1.33e-04  41.7%
Combinational          3.11e-14   1.75e-13   6.71e-10   6.71e-10   0.0%
Clock                  9.26e-05   9.34e-05   1.43e-09   1.86e-04  58.3%
Macro                  0.00e+00   0.00e+00   0.00e+00   0.00e+00   0.0%
Pad                    0.00e+00   0.00e+00   0.00e+00   0.00e+00   0.0%
----------------------------------------------------------------
Total                  2.26e-04   9.34e-05   5.50e-08   3.19e-04 100.0%
                          70.7%      29.3%       0.0%

