OpenROAD b16bda7e82721d10566ff7e2b68f1ff0be9f9e38 
Features included (+) or not (-): +Charts +GPU +GUI +Python
This program is licensed under the BSD-3 license. See the LICENSE file for details.
Components of this program may be licensed under more restrictive licenses which must be honored.
define_corners Typical
read_liberty -corner Typical /Users/nigiri/.volare/sky130A/libs.ref/sky130_fd_sc_hd/lib/sky130_fd_sc_hd__tt_025C_1v80.lib
Using 1e-12 for capacitance...
Using 1e+03 for resistance...
Using 1e-09 for time...
Using 1e+00 for voltage...
Using 1e-03 for current...
Using 1e-09 for power...
Using 1e-06 for distance...
[INFO]: Reading ODB at '/openlane/designs/lab3/runs/RUN_2025.05.25_20.36.00/tmp/routing/23-fill.odb'…
Reading design constraints file at '/openlane/designs/lab3/src/lab3.sdc'…
[INFO ORD-0030] Using 2 thread(s).
[INFO DRT-0149] Reading tech and libs.
[WARNING DRT-0349] LEF58_ENCLOSURE with no CUTCLASS is not supported. Skipping for layer mcon
[WARNING DRT-0349] LEF58_ENCLOSURE with no CUTCLASS is not supported. Skipping for layer mcon
[WARNING DRT-0349] LEF58_ENCLOSURE with no CUTCLASS is not supported. Skipping for layer via
[WARNING DRT-0349] LEF58_ENCLOSURE with no CUTCLASS is not supported. Skipping for layer via
[WARNING DRT-0349] LEF58_ENCLOSURE with no CUTCLASS is not supported. Skipping for layer via2
[WARNING DRT-0349] LEF58_ENCLOSURE with no CUTCLASS is not supported. Skipping for layer via2
[WARNING DRT-0349] LEF58_ENCLOSURE with no CUTCLASS is not supported. Skipping for layer via3
[WARNING DRT-0349] LEF58_ENCLOSURE with no CUTCLASS is not supported. Skipping for layer via3
[WARNING DRT-0349] LEF58_ENCLOSURE with no CUTCLASS is not supported. Skipping for layer via4
[WARNING DRT-0349] LEF58_ENCLOSURE with no CUTCLASS is not supported. Skipping for layer via4

Units:                1000
Number of layers:     13
Number of macros:     441
Number of vias:       29
Number of viarulegen: 25

[INFO DRT-0150] Reading design.

Design:                   lab3
Die area:                 ( 0 0 ) ( 120000 150000 )
Number of track patterns: 12
Number of DEF vias:       0
Number of components:     2176
Number of terminals:      15
Number of snets:          2
Number of nets:           219

[INFO DRT-0167] List of default vias:
  Layer via
    default via: M1M2_PR
  Layer via2
    default via: M2M3_PR
  Layer via3
    default via: M3M4_PR
  Layer via4
    default via: M4M5_PR
[INFO DRT-0162] Library cell analysis.
[INFO DRT-0163] Instance analysis.
[INFO DRT-0164] Number of unique instances = 130.
[INFO DRT-0168] Init region query.
[INFO DRT-0024]   Complete FR_MASTERSLICE.
[INFO DRT-0024]   Complete Fr_VIA.
[INFO DRT-0024]   Complete li1.
[INFO DRT-0024]   Complete mcon.
[INFO DRT-0024]   Complete met1.
[INFO DRT-0024]   Complete via.
[INFO DRT-0024]   Complete met2.
[INFO DRT-0024]   Complete via2.
[INFO DRT-0024]   Complete met3.
[INFO DRT-0024]   Complete via3.
[INFO DRT-0024]   Complete met4.
[INFO DRT-0024]   Complete via4.
[INFO DRT-0024]   Complete met5.
[INFO DRT-0033] FR_MASTERSLICE shape region query size = 0.
[INFO DRT-0033] FR_VIA shape region query size = 0.
[INFO DRT-0033] li1 shape region query size = 16422.
[INFO DRT-0033] mcon shape region query size = 10608.
[INFO DRT-0033] met1 shape region query size = 5177.
[INFO DRT-0033] via shape region query size = 1200.
[INFO DRT-0033] met2 shape region query size = 720.
[INFO DRT-0033] via2 shape region query size = 960.
[INFO DRT-0033] met3 shape region query size = 733.
[INFO DRT-0033] via3 shape region query size = 960.
[INFO DRT-0033] met4 shape region query size = 310.
[INFO DRT-0033] via4 shape region query size = 50.
[INFO DRT-0033] met5 shape region query size = 70.
[INFO DRT-0165] Start pin access.
[INFO DRT-0078]   Complete 376 pins.
[INFO DRT-0079]   Complete 100 unique inst patterns.
[INFO DRT-0081]   Complete 112 unique inst patterns.
[INFO DRT-0084]   Complete 521 groups.
#scanned instances     = 2176
#unique  instances     = 130
#stdCellGenAp          = 3122
#stdCellValidPlanarAp  = 43
#stdCellValidViaAp     = 2253
#stdCellPinNoAp        = 0
#stdCellPinCnt         = 705
#instTermValidViaApCnt = 0
#macroGenAp            = 0
#macroValidPlanarAp    = 0
#macroValidViaAp       = 0
#macroNoAp             = 0
[INFO DRT-0166] Complete pin access.
[INFO DRT-0267] cpu time = 00:00:07, elapsed time = 00:00:02, memory = 118.00 (MB), peak = 118.00 (MB)

Number of guides:     2942

[INFO DRT-0169] Post process guides.
[INFO DRT-0176] GCELLGRID X 0 DO 17 STEP 6900 ;
[INFO DRT-0177] GCELLGRID Y 0 DO 21 STEP 6900 ;
[INFO DRT-0028]   Complete FR_MASTERSLICE.
[INFO DRT-0028]   Complete Fr_VIA.
[INFO DRT-0028]   Complete li1.
[INFO DRT-0028]   Complete mcon.
[INFO DRT-0028]   Complete met1.
[INFO DRT-0028]   Complete via.
[INFO DRT-0028]   Complete met2.
[INFO DRT-0028]   Complete via2.
[INFO DRT-0028]   Complete met3.
[INFO DRT-0028]   Complete via3.
[INFO DRT-0028]   Complete met4.
[INFO DRT-0028]   Complete via4.
[INFO DRT-0028]   Complete met5.
[INFO DRT-0178] Init guide query.
[INFO DRT-0035]   Complete FR_MASTERSLICE (guide).
[INFO DRT-0035]   Complete Fr_VIA (guide).
[INFO DRT-0035]   Complete li1 (guide).
[INFO DRT-0035]   Complete mcon (guide).
[INFO DRT-0035]   Complete met1 (guide).
[INFO DRT-0035]   Complete via (guide).
[INFO DRT-0035]   Complete met2 (guide).
[INFO DRT-0035]   Complete via2 (guide).
[INFO DRT-0035]   Complete met3 (guide).
[INFO DRT-0035]   Complete via3 (guide).
[INFO DRT-0035]   Complete met4 (guide).
[INFO DRT-0035]   Complete via4 (guide).
[INFO DRT-0035]   Complete met5 (guide).
[INFO DRT-0036] FR_MASTERSLICE guide region query size = 0.
[INFO DRT-0036] FR_VIA guide region query size = 0.
[INFO DRT-0036] li1 guide region query size = 832.
[INFO DRT-0036] mcon guide region query size = 0.
[INFO DRT-0036] met1 guide region query size = 843.
[INFO DRT-0036] via guide region query size = 0.
[INFO DRT-0036] met2 guide region query size = 505.
[INFO DRT-0036] via2 guide region query size = 0.
[INFO DRT-0036] met3 guide region query size = 64.
[INFO DRT-0036] via3 guide region query size = 0.
[INFO DRT-0036] met4 guide region query size = 21.
[INFO DRT-0036] via4 guide region query size = 0.
[INFO DRT-0036] met5 guide region query size = 0.
[INFO DRT-0179] Init gr pin query.
[INFO DRT-0245] skipped writing guide updates to database.
[INFO DRT-0185] Post process initialize RPin region query.
[INFO DRT-0181] Start track assignment.
[INFO DRT-0184] Done with 1358 vertical wires in 1 frboxes and 907 horizontal wires in 1 frboxes.
[INFO DRT-0186] Done with 164 vertical wires in 1 frboxes and 297 horizontal wires in 1 frboxes.
[INFO DRT-0182] Complete track assignment.
[INFO DRT-0267] cpu time = 00:00:00, elapsed time = 00:00:00, memory = 126.99 (MB), peak = 126.99 (MB)
[INFO DRT-0187] Start routing data preparation.
[INFO DRT-0267] cpu time = 00:00:00, elapsed time = 00:00:00, memory = 126.99 (MB), peak = 126.99 (MB)
[INFO DRT-0194] Start detail routing.
[INFO DRT-0195] Start 0th optimization iteration.
    Completing 10% with 0 violations.
    elapsed time = 00:00:00, memory = 135.34 (MB).
    Completing 20% with 0 violations.
    elapsed time = 00:00:00, memory = 140.43 (MB).
    Completing 30% with 0 violations.
    elapsed time = 00:00:00, memory = 150.04 (MB).
    Completing 40% with 0 violations.
    elapsed time = 00:00:00, memory = 145.05 (MB).
    Completing 50% with 37 violations.
    elapsed time = 00:00:00, memory = 153.88 (MB).
    Completing 60% with 37 violations.
    elapsed time = 00:00:00, memory = 152.20 (MB).
    Completing 70% with 70 violations.
    elapsed time = 00:00:01, memory = 161.82 (MB).
    Completing 80% with 70 violations.
    elapsed time = 00:00:01, memory = 155.31 (MB).
    Completing 90% with 123 violations.
    elapsed time = 00:00:02, memory = 158.02 (MB).
    Completing 100% with 196 violations.
    elapsed time = 00:00:02, memory = 158.02 (MB).
[INFO DRT-0199]   Number of violations = 264.
Viol/Layer         li1   met1   met2   met4
Metal Spacing        3     17     24      1
Recheck              0     40     28      0
Short                0    120     31      0
[INFO DRT-0267] cpu time = 00:00:04, elapsed time = 00:00:02, memory = 503.39 (MB), peak = 503.39 (MB)
Total wire length = 25112 um.
Total wire length on LAYER li1 = 0 um.
Total wire length on LAYER met1 = 10980 um.
Total wire length on LAYER met2 = 11711 um.
Total wire length on LAYER met3 = 1317 um.
Total wire length on LAYER met4 = 1103 um.
Total wire length on LAYER met5 = 0 um.
Total number of vias = 2552.
Up-via summary (total 2552):

-----------------------
 FR_MASTERSLICE       0
            li1    1065
           met1    1357
           met2      91
           met3      39
           met4       0
-----------------------
                   2552


[INFO DRT-0195] Start 1st optimization iteration.
    Completing 10% with 264 violations.
    elapsed time = 00:00:00, memory = 504.77 (MB).
    Completing 20% with 264 violations.
    elapsed time = 00:00:00, memory = 504.77 (MB).
    Completing 30% with 264 violations.
    elapsed time = 00:00:00, memory = 505.64 (MB).
    Completing 40% with 241 violations.
    elapsed time = 00:00:00, memory = 506.52 (MB).
    Completing 50% with 241 violations.
    elapsed time = 00:00:00, memory = 506.52 (MB).
    Completing 60% with 241 violations.
    elapsed time = 00:00:00, memory = 506.77 (MB).
    Completing 70% with 208 violations.
    elapsed time = 00:00:00, memory = 509.14 (MB).
    Completing 80% with 208 violations.
    elapsed time = 00:00:01, memory = 510.27 (MB).
    Completing 90% with 135 violations.
    elapsed time = 00:00:01, memory = 510.27 (MB).
    Completing 100% with 80 violations.
    elapsed time = 00:00:02, memory = 510.27 (MB).
[INFO DRT-0199]   Number of violations = 80.
Viol/Layer        mcon   met1   met2
Cut Spacing          1      0      0
Metal Spacing        0      7     10
Short                0     57      5
[INFO DRT-0267] cpu time = 00:00:03, elapsed time = 00:00:02, memory = 513.27 (MB), peak = 513.27 (MB)
Total wire length = 25065 um.
Total wire length on LAYER li1 = 0 um.
Total wire length on LAYER met1 = 11012 um.
Total wire length on LAYER met2 = 11610 um.
Total wire length on LAYER met3 = 1303 um.
Total wire length on LAYER met4 = 1139 um.
Total wire length on LAYER met5 = 0 um.
Total number of vias = 2580.
Up-via summary (total 2580):

-----------------------
 FR_MASTERSLICE       0
            li1    1065
           met1    1390
           met2      85
           met3      40
           met4       0
-----------------------
                   2580


[INFO DRT-0195] Start 2nd optimization iteration.
    Completing 10% with 80 violations.
    elapsed time = 00:00:00, memory = 513.27 (MB).
    Completing 20% with 80 violations.
    elapsed time = 00:00:00, memory = 513.64 (MB).
    Completing 30% with 87 violations.
    elapsed time = 00:00:00, memory = 513.64 (MB).
    Completing 40% with 87 violations.
    elapsed time = 00:00:00, memory = 513.64 (MB).
    Completing 50% with 87 violations.
    elapsed time = 00:00:01, memory = 515.89 (MB).
    Completing 60% with 83 violations.
    elapsed time = 00:00:01, memory = 515.89 (MB).
    Completing 70% with 83 violations.
    elapsed time = 00:00:02, memory = 515.89 (MB).
    Completing 80% with 75 violations.
    elapsed time = 00:00:02, memory = 515.89 (MB).
    Completing 90% with 75 violations.
    elapsed time = 00:00:02, memory = 515.89 (MB).
    Completing 100% with 72 violations.
    elapsed time = 00:00:02, memory = 515.89 (MB).
[INFO DRT-0199]   Number of violations = 72.
Viol/Layer        mcon   met1   met2
Cut Spacing          2      0      0
Metal Spacing        0     11      7
Short                0     49      3
[INFO DRT-0267] cpu time = 00:00:04, elapsed time = 00:00:03, memory = 515.89 (MB), peak = 515.89 (MB)
Total wire length = 24966 um.
Total wire length on LAYER li1 = 0 um.
Total wire length on LAYER met1 = 10888 um.
Total wire length on LAYER met2 = 11634 um.
Total wire length on LAYER met3 = 1322 um.
Total wire length on LAYER met4 = 1122 um.
Total wire length on LAYER met5 = 0 um.
Total number of vias = 2534.
Up-via summary (total 2534):

-----------------------
 FR_MASTERSLICE       0
            li1    1065
           met1    1331
           met2      98
           met3      40
           met4       0
-----------------------
                   2534


[INFO DRT-0195] Start 3rd optimization iteration.
    Completing 10% with 72 violations.
    elapsed time = 00:00:00, memory = 515.89 (MB).
    Completing 20% with 72 violations.
    elapsed time = 00:00:00, memory = 515.89 (MB).
    Completing 30% with 72 violations.
    elapsed time = 00:00:00, memory = 515.89 (MB).
    Completing 40% with 72 violations.
    elapsed time = 00:00:00, memory = 515.89 (MB).
    Completing 50% with 58 violations.
    elapsed time = 00:00:00, memory = 515.89 (MB).
    Completing 60% with 58 violations.
    elapsed time = 00:00:00, memory = 515.89 (MB).
    Completing 70% with 53 violations.
    elapsed time = 00:00:00, memory = 515.89 (MB).
    Completing 80% with 53 violations.
    elapsed time = 00:00:00, memory = 515.89 (MB).
    Completing 90% with 30 violations.
    elapsed time = 00:00:00, memory = 515.89 (MB).
    Completing 100% with 0 violations.
    elapsed time = 00:00:00, memory = 515.89 (MB).
[INFO DRT-0199]   Number of violations = 0.
[INFO DRT-0267] cpu time = 00:00:01, elapsed time = 00:00:00, memory = 515.89 (MB), peak = 515.89 (MB)
Total wire length = 24973 um.
Total wire length on LAYER li1 = 0 um.
Total wire length on LAYER met1 = 10704 um.
Total wire length on LAYER met2 = 11659 um.
Total wire length on LAYER met3 = 1488 um.
Total wire length on LAYER met4 = 1122 um.
Total wire length on LAYER met5 = 0 um.
Total number of vias = 2574.
Up-via summary (total 2574):

-----------------------
 FR_MASTERSLICE       0
            li1    1065
           met1    1353
           met2     116
           met3      40
           met4       0
-----------------------
                   2574


[INFO DRT-0198] Complete detail routing.
Total wire length = 24973 um.
Total wire length on LAYER li1 = 0 um.
Total wire length on LAYER met1 = 10704 um.
Total wire length on LAYER met2 = 11659 um.
Total wire length on LAYER met3 = 1488 um.
Total wire length on LAYER met4 = 1122 um.
Total wire length on LAYER met5 = 0 um.
Total number of vias = 2574.
Up-via summary (total 2574):

-----------------------
 FR_MASTERSLICE       0
            li1    1065
           met1    1353
           met2     116
           met3      40
           met4       0
-----------------------
                   2574


[INFO DRT-0267] cpu time = 00:00:13, elapsed time = 00:00:08, memory = 515.89 (MB), peak = 515.89 (MB)

[INFO DRT-0180] Post processing.
Setting global connections for newly added cells…
Writing OpenROAD database to '/openlane/designs/lab3/runs/RUN_2025.05.25_20.36.00/results/routing/lab3.odb'…
Writing netlist to '/openlane/designs/lab3/runs/RUN_2025.05.25_20.36.00/results/routing/lab3.nl.v'…
Writing powered netlist to '/openlane/designs/lab3/runs/RUN_2025.05.25_20.36.00/results/routing/lab3.pnl.v'…
Writing layout to '/openlane/designs/lab3/runs/RUN_2025.05.25_20.36.00/results/routing/lab3.def'…
