OpenROAD b16bda7e82721d10566ff7e2b68f1ff0be9f9e38 
Features included (+) or not (-): +Charts +GPU +GUI +Python
This program is licensed under the BSD-3 license. See the LICENSE file for details.
Components of this program may be licensed under more restrictive licenses which must be honored.
Top-level design name: lab3
Block boundaries: 0 0 120000 150000
Horizontal Tracks Origin: 340, Count: 220, Step: 680
Vertical Tracks Origin: 230, Count: 261, Step: 460
Placement details for the #E side
Virtual pin count:  0
Actual pin count:  11
Total pin count:  11
Tracks count:  110
Tracks per pin:  10
Used tracks count:  101
Unused track count:  9
Starting track index:  4
Placement Map:
[340, 1700, 3060, 4420, [91m5780[0m, 7140, 8500, 9860, 11220, 12580, 13940, 15300, 16660, 18020, [91m19380[0m, 20740, 22100, 23460, 24820, 26180, 27540, 28900, 30260, 31620, [91m32980[0m, 34340, 35700, 37060, 38420, 39780, 41140, 42500, 43860, 45220, [91m46580[0m, 47940, 49300, 50660, 52020, 53380, 54740, 56100, 57460, 58820, [91m60180[0m, 61540, 62900, 64260, 65620, 66980, 68340, 69700, 71060, 72420, [91m73780[0m, 75140, 76500, 77860, 79220, 80580, 81940, 83300, 84660, 86020, [91m87380[0m, 88740, 90100, 91460, 92820, 94180, 95540, 96900, 98260, 99620, [91m100980[0m, 102340, 103700, 105060, 106420, 107780, 109140, 110500, 111860, 113220, [91m114580[0m, 115940, 117300, 118660, 120020, 121380, 122740, 124100, 125460, 126820, [91m128180[0m, 129540, 130900, 132260, 133620, 134980, 136340, 137700, 139060, 140420, [91m141780[0m, 143140, 144500, 145860, 147220, 148580, ]
Indices of used tracks: [4, 14, 24, 34, 44, 54, 64, 74, 84, 94, 104]
---
Placement details for the #W side
Virtual pin count:  0
Actual pin count:  2
Total pin count:  2
Tracks count:  110
Tracks per pin:  55
Used tracks count:  56
Unused track count:  54
Starting track index:  27
Placement Map:
[340, 1700, 3060, 4420, 5780, 7140, 8500, 9860, 11220, 12580, 13940, 15300, 16660, 18020, 19380, 20740, 22100, 23460, 24820, 26180, 27540, 28900, 30260, 31620, 32980, 34340, 35700, [91m37060[0m, 38420, 39780, 41140, 42500, 43860, 45220, 46580, 47940, 49300, 50660, 52020, 53380, 54740, 56100, 57460, 58820, 60180, 61540, 62900, 64260, 65620, 66980, 68340, 69700, 71060, 72420, 73780, 75140, 76500, 77860, 79220, 80580, 81940, 83300, 84660, 86020, 87380, 88740, 90100, 91460, 92820, 94180, 95540, 96900, 98260, 99620, 100980, 102340, 103700, 105060, 106420, 107780, 109140, 110500, [91m111860[0m, 113220, 114580, 115940, 117300, 118660, 120020, 121380, 122740, 124100, 125460, 126820, 128180, 129540, 130900, 132260, 133620, 134980, 136340, 137700, 139060, 140420, 141780, 143140, 144500, 145860, 147220, 148580, ]
Indices of used tracks: [27, 82]
---
