OpenROAD b16bda7e82721d10566ff7e2b68f1ff0be9f9e38 
Features included (+) or not (-): +Charts +GPU +GUI +Python
This program is licensed under the BSD-3 license. See the LICENSE file for details.
Components of this program may be licensed under more restrictive licenses which must be honored.
Top-level design name: lab4
Block boundaries: 0 0 120000 150000
Horizontal Tracks Origin: 340, Count: 220, Step: 680
Vertical Tracks Origin: 230, Count: 261, Step: 460
Placement details for the #E side
Virtual pin count:  0
Actual pin count:  96
Total pin count:  96
Tracks count:  110
Tracks per pin:  1
Used tracks count:  96
Unused track count:  14
Starting track index:  7
Placement Map:
[340, 1700, 3060, 4420, 5780, 7140, 8500, [91m9860[0m, [91m11220[0m, [91m12580[0m, [91m13940[0m, [91m15300[0m, [91m16660[0m, [91m18020[0m, [91m19380[0m, [91m20740[0m, [91m22100[0m, [91m23460[0m, [91m24820[0m, [91m26180[0m, [91m27540[0m, [91m28900[0m, [91m30260[0m, [91m31620[0m, [91m32980[0m, [91m34340[0m, [91m35700[0m, [91m37060[0m, [91m38420[0m, [91m39780[0m, [91m41140[0m, [91m42500[0m, [91m43860[0m, [91m45220[0m, [91m46580[0m, [91m47940[0m, [91m49300[0m, [91m50660[0m, [91m52020[0m, [91m53380[0m, [91m54740[0m, [91m56100[0m, [91m57460[0m, [91m58820[0m, [91m60180[0m, [91m61540[0m, [91m62900[0m, [91m64260[0m, [91m65620[0m, [91m66980[0m, [91m68340[0m, [91m69700[0m, [91m71060[0m, [91m72420[0m, [91m73780[0m, [91m75140[0m, [91m76500[0m, [91m77860[0m, [91m79220[0m, [91m80580[0m, [91m81940[0m, [91m83300[0m, [91m84660[0m, [91m86020[0m, [91m87380[0m, [91m88740[0m, [91m90100[0m, [91m91460[0m, [91m92820[0m, [91m94180[0m, [91m95540[0m, [91m96900[0m, [91m98260[0m, [91m99620[0m, [91m100980[0m, [91m102340[0m, [91m103700[0m, [91m105060[0m, [91m106420[0m, [91m107780[0m, [91m109140[0m, [91m110500[0m, [91m111860[0m, [91m113220[0m, [91m114580[0m, [91m115940[0m, [91m117300[0m, [91m118660[0m, [91m120020[0m, [91m121380[0m, [91m122740[0m, [91m124100[0m, [91m125460[0m, [91m126820[0m, [91m128180[0m, [91m129540[0m, [91m130900[0m, [91m132260[0m, [91m133620[0m, [91m134980[0m, [91m136340[0m, [91m137700[0m, [91m139060[0m, 140420, 141780, 143140, 144500, 145860, 147220, 148580, ]
Indices of used tracks: [7, 8, 9, 10, 11, 12, 13, 14, 15, 16, 17, 18, 19, 20, 21, 22, 23, 24, 25, 26, 27, 28, 29, 30, 31, 32, 33, 34, 35, 36, 37, 38, 39, 40, 41, 42, 43, 44, 45, 46, 47, 48, 49, 50, 51, 52, 53, 54, 55, 56, 57, 58, 59, 60, 61, 62, 63, 64, 65, 66, 67, 68, 69, 70, 71, 72, 73, 74, 75, 76, 77, 78, 79, 80, 81, 82, 83, 84, 85, 86, 87, 88, 89, 90, 91, 92, 93, 94, 95, 96, 97, 98, 99, 100, 101, 102]
---
Placement details for the #W side
Virtual pin count:  0
Actual pin count:  51
Total pin count:  51
Tracks count:  110
Tracks per pin:  2
Used tracks count:  101
Unused track count:  9
Starting track index:  4
Placement Map:
[340, 1700, 3060, 4420, [91m5780[0m, 7140, [91m8500[0m, 9860, [91m11220[0m, 12580, [91m13940[0m, 15300, [91m16660[0m, 18020, [91m19380[0m, 20740, [91m22100[0m, 23460, [91m24820[0m, 26180, [91m27540[0m, 28900, [91m30260[0m, 31620, [91m32980[0m, 34340, [91m35700[0m, 37060, [91m38420[0m, 39780, [91m41140[0m, 42500, [91m43860[0m, 45220, [91m46580[0m, 47940, [91m49300[0m, 50660, [91m52020[0m, 53380, [91m54740[0m, 56100, [91m57460[0m, 58820, [91m60180[0m, 61540, [91m62900[0m, 64260, [91m65620[0m, 66980, [91m68340[0m, 69700, [91m71060[0m, 72420, [91m73780[0m, 75140, [91m76500[0m, 77860, [91m79220[0m, 80580, [91m81940[0m, 83300, [91m84660[0m, 86020, [91m87380[0m, 88740, [91m90100[0m, 91460, [91m92820[0m, 94180, [91m95540[0m, 96900, [91m98260[0m, 99620, [91m100980[0m, 102340, [91m103700[0m, 105060, [91m106420[0m, 107780, [91m109140[0m, 110500, [91m111860[0m, 113220, [91m114580[0m, 115940, [91m117300[0m, 118660, [91m120020[0m, 121380, [91m122740[0m, 124100, [91m125460[0m, 126820, [91m128180[0m, 129540, [91m130900[0m, 132260, [91m133620[0m, 134980, [91m136340[0m, 137700, [91m139060[0m, 140420, [91m141780[0m, 143140, 144500, 145860, 147220, 148580, ]
Indices of used tracks: [4, 6, 8, 10, 12, 14, 16, 18, 20, 22, 24, 26, 28, 30, 32, 34, 36, 38, 40, 42, 44, 46, 48, 50, 52, 54, 56, 58, 60, 62, 64, 66, 68, 70, 72, 74, 76, 78, 80, 82, 84, 86, 88, 90, 92, 94, 96, 98, 100, 102, 104]
---
